This is pdfTeX, Version 3.141592653-2.6-1.40.27 (TeX Live 2025) (preloaded format=pdflatex)
 restricted \write18 enabled.
entering extended mode
(./Elements.tex
LaTeX2e <2024-11-01> patch level 2
L3 programming layer <2025-01-18>
(/usr/local/texlive/2025/texmf-dist/tex/latex/base/article.cls
Document Class: article 2024/06/29 v1.4n Standard LaTeX document class
(/usr/local/texlive/2025/texmf-dist/tex/latex/base/size10.clo))
(/usr/local/texlive/2025/texmf-dist/tex/latex/amsfonts/amssymb.sty
(/usr/local/texlive/2025/texmf-dist/tex/latex/amsfonts/amsfonts.sty))
(/usr/local/texlive/2025/texmf-dist/tex/latex/amsmath/amsmath.sty
For additional information on amsmath, use the `?' option.
(/usr/local/texlive/2025/texmf-dist/tex/latex/amsmath/amstext.sty
(/usr/local/texlive/2025/texmf-dist/tex/latex/amsmath/amsgen.sty))
(/usr/local/texlive/2025/texmf-dist/tex/latex/amsmath/amsbsy.sty)
(/usr/local/texlive/2025/texmf-dist/tex/latex/amsmath/amsopn.sty))
(/usr/local/texlive/2025/texmf-dist/tex/latex/parallel/parallel.sty
`parallel': setting two texts parallel, (beta 4) 2003/04/13.)
(/usr/local/texlive/2025/texmf-dist/tex/latex/fancyhdr/fancyhdr.sty)
(/usr/local/texlive/2025/texmf-dist/tex/latex/graphics/graphicx.sty
(/usr/local/texlive/2025/texmf-dist/tex/latex/graphics/keyval.sty)
(/usr/local/texlive/2025/texmf-dist/tex/latex/graphics/graphics.sty
(/usr/local/texlive/2025/texmf-dist/tex/latex/graphics/trig.sty)
(/usr/local/texlive/2025/texmf-dist/tex/latex/graphics-cfg/graphics.cfg)
(/usr/local/texlive/2025/texmf-dist/tex/latex/graphics-def/pdftex.def)))
(/usr/local/texlive/2025/texmf-dist/tex/latex/hyperref/hyperref.sty
(/usr/local/texlive/2025/texmf-dist/tex/generic/iftex/iftex.sty)
(/usr/local/texlive/2025/texmf-dist/tex/latex/kvsetkeys/kvsetkeys.sty)
(/usr/local/texlive/2025/texmf-dist/tex/generic/kvdefinekeys/kvdefinekeys.sty)
(/usr/local/texlive/2025/texmf-dist/tex/generic/pdfescape/pdfescape.sty
(/usr/local/texlive/2025/texmf-dist/tex/generic/ltxcmds/ltxcmds.sty)
(/usr/local/texlive/2025/texmf-dist/tex/generic/pdftexcmds/pdftexcmds.sty
(/usr/local/texlive/2025/texmf-dist/tex/generic/infwarerr/infwarerr.sty)))
(/usr/local/texlive/2025/texmf-dist/tex/latex/hycolor/hycolor.sty)
(/usr/local/texlive/2025/texmf-dist/tex/latex/hyperref/nameref.sty
(/usr/local/texlive/2025/texmf-dist/tex/latex/refcount/refcount.sty)
(/usr/local/texlive/2025/texmf-dist/tex/generic/gettitlestring/gettitlestring.s
ty (/usr/local/texlive/2025/texmf-dist/tex/latex/kvoptions/kvoptions.sty)))
(/usr/local/texlive/2025/texmf-dist/tex/latex/etoolbox/etoolbox.sty)
(/usr/local/texlive/2025/texmf-dist/tex/generic/stringenc/stringenc.sty)
(/usr/local/texlive/2025/texmf-dist/tex/latex/hyperref/pd1enc.def)
(/usr/local/texlive/2025/texmf-dist/tex/generic/intcalc/intcalc.sty)
(/usr/local/texlive/2025/texmf-dist/tex/latex/hyperref/puenc.def)
(/usr/local/texlive/2025/texmf-dist/tex/latex/url/url.sty)
(/usr/local/texlive/2025/texmf-dist/tex/generic/bitset/bitset.sty
(/usr/local/texlive/2025/texmf-dist/tex/generic/bigintcalc/bigintcalc.sty))
(/usr/local/texlive/2025/texmf-dist/tex/latex/base/atbegshi-ltx.sty))
(/usr/local/texlive/2025/texmf-dist/tex/latex/hyperref/hpdftex.def
(/usr/local/texlive/2025/texmf-dist/tex/latex/base/atveryend-ltx.sty)
(/usr/local/texlive/2025/texmf-dist/tex/latex/rerunfilecheck/rerunfilecheck.sty

(/usr/local/texlive/2025/texmf-dist/tex/generic/uniquecounter/uniquecounter.sty
))) (/usr/local/texlive/2025/texmf-dist/tex/generic/babel/babel.sty
(/usr/local/texlive/2025/texmf-dist/tex/generic/babel/txtbabel.def)
(/usr/local/texlive/2025/texmf-dist/tex/generic/babel-greek/greek.ldf
(/usr/local/texlive/2025/texmf-dist/tex/latex/greek-fontenc/lgrenc.def
(/usr/local/texlive/2025/texmf-dist/tex/latex/greek-inputenc/lgrenc.dfu)
(/usr/local/texlive/2025/texmf-dist/tex/latex/greek-fontenc/greek-fontenc.def))
) (/usr/local/texlive/2025/texmf-dist/tex/generic/babel-english/english.ldf))
(/usr/local/texlive/2025/texmf-dist/tex/generic/babel/locale/en/babel-english.t
ex)
(/usr/local/texlive/2025/texmf-dist/tex/generic/babel/locale/el/babel-greek.tex
) (/usr/local/texlive/2025/texmf-dist/tex/latex/teubner/teubner.sty
(/usr/local/texlive/2025/texmf-dist/tex/latex/cm-super/type1ec.sty
(/usr/local/texlive/2025/texmf-dist/tex/latex/base/t1cmr.fd))
(/usr/local/texlive/2025/texmf-dist/tex/latex/base/ifthen.sty)
(/usr/local/texlive/2025/texmf-dist/tex/latex/base/exscale.sty)
(/usr/local/texlive/2025/texmf-dist/tex/latex/tools/trace.sty))
(/usr/local/texlive/2025/texmf-dist/tex/latex/txfonts/txfonts.sty)
(/usr/local/texlive/2025/texmf-dist/tex/latex/greek-fontenc/textalpha.sty)
(/usr/local/texlive/2025/texmf-dist/tex/latex/txfonts/ot1txr.fd)
(/usr/local/texlive/2025/texmf-dist/tex/latex/l3backend/l3backend-pdftex.def)
(./Elements.aux (./Book00/Introduction.aux) (./Book01/Book1.aux)
(./Book02/Book2.aux) (./Book03/Book3.aux) (./Book04/Book4.aux)
(./Book05/Book5.aux) (./Book06/Book6.aux) (./Book07/Book7.aux)
(./Book08/Book8.aux) (./Book09/Book9.aux))
(/usr/local/texlive/2025/texmf-dist/tex/latex/txfonts/omltxmi.fd)
(/usr/local/texlive/2025/texmf-dist/tex/latex/txfonts/omstxsy.fd)
(/usr/local/texlive/2025/texmf-dist/tex/latex/txfonts/omxtxex.fd)
(/usr/local/texlive/2025/texmf-dist/tex/latex/txfonts/utxexa.fd)
(/usr/local/texlive/2025/texmf-dist/tex/latex/cbfonts-fd/lgrcmr.fd)
(/usr/local/texlive/2025/texmf-dist/tex/context/base/mkii/supp-pdf.mkii
[Loading MPS to PDF converter (version 2006.09.02).]
) (/usr/local/texlive/2025/texmf-dist/tex/latex/epstopdf-pkg/epstopdf-base.sty
(/usr/local/texlive/2025/texmf-dist/tex/latex/latexconfig/epstopdf-sys.cfg))
(./Elements.out) (./Elements.out)
(/usr/local/texlive/2025/texmf-dist/tex/latex/greek-fontenc/puenc-greek.def
(/usr/local/texlive/2025/texmf-dist/tex/latex/greek-fontenc/greek-fontenc.def))
 (/usr/local/texlive/2025/texmf-dist/tex/latex/base/ot1cmr.fd)
Times fonts loaded
(/usr/local/texlive/2025/texmf-dist/tex/latex/teubner/teubnertx.sty)
(/usr/local/texlive/2025/texmf-dist/tex/latex/txfonts/ot1txr.fd)
(/usr/local/texlive/2025/texmf-dist/tex/latex/txfonts/t1txr.fd)
(/usr/local/texlive/2025/texmf-dist/tex/latex/txfonts/ts1txr.fd)
(./Book00/Introduction.tex
(/usr/local/texlive/2025/texmf-dist/tex/latex/txfonts/ot1txss.fd)
[1{/usr/local/texlive/2025/texmf-var/fonts/map/pdftex/updmap/pdftex.map}{/usr/l
ocal/texlive/2025/texmf-dist/fonts/enc/dvips/base/8r.enc}]
[2]
Underfull \hbox (badness 10000) in paragraph at lines 32--34

(/usr/local/texlive/2025/texmf-dist/tex/latex/txfonts/utxsya.fd)
(/usr/local/texlive/2025/texmf-dist/tex/latex/txfonts/utxsyb.fd)
(/usr/local/texlive/2025/texmf-dist/tex/latex/txfonts/utxmia.fd)
(/usr/local/texlive/2025/texmf-dist/tex/latex/txfonts/utxsyc.fd)
[3])
[4] (./Book01/Book1.tex
[5]

Package fancyhdr Warning: \headheight is too small (12.0pt): 
(fancyhdr)                Make it at least 14.0pt, for example:
(fancyhdr)                \setlength{\headheight}{14.0pt}.
(fancyhdr)                You might also make \topmargin smaller:
(fancyhdr)                \addtolength{\topmargin}{-2.0pt}.

[6]
Underfull \hbox (badness 10000) in paragraph at lines 262--265


Underfull \hbox (badness 10000) in paragraph at lines 262--265


Overfull \vbox (122.87245pt too high) detected at line 323

Overfull \vbox (122.87245pt too high) detected at line 323


Package fancyhdr Warning: \headheight is too small (12.0pt): 
(fancyhdr)                Make it at least 14.0pt, for example:
(fancyhdr)                \setlength{\headheight}{14.0pt}.
(fancyhdr)                You might also make \topmargin smaller:
(fancyhdr)                \addtolength{\topmargin}{-2.0pt}.

[7]
Underfull \hbox (badness 10000) in paragraph at lines 350--351


Overfull \vbox (249.34496pt too high) detected at line 392

Overfull \vbox (249.34496pt too high) detected at line 392


Package fancyhdr Warning: \headheight is too small (12.0pt): 
(fancyhdr)                Make it at least 14.0pt, for example:
(fancyhdr)                \setlength{\headheight}{14.0pt}.
(fancyhdr)                You might also make \topmargin smaller:
(fancyhdr)                \addtolength{\topmargin}{-2.0pt}.

[8 <./Book01/fig01g-eps-converted-to.pdf> <./Book01/fig01e-eps-converted-to.pdf
>]
Underfull \hbox (badness 10000) in paragraph at lines 437--440


Overfull \vbox (159.00746pt too high) detected at line 446

Overfull \vbox (159.00746pt too high) detected at line 446


Package fancyhdr Warning: \headheight is too small (12.0pt): 
(fancyhdr)                Make it at least 14.0pt, for example:
(fancyhdr)                \setlength{\headheight}{14.0pt}.
(fancyhdr)                You might also make \topmargin smaller:
(fancyhdr)                \addtolength{\topmargin}{-2.0pt}.

[9 <./Book01/fig02g-eps-converted-to.pdf> <./Book01/fig02e-eps-converted-to.pdf
>]
Overfull \vbox (93.96489pt too high) detected at line 505

Overfull \vbox (93.96489pt too high) detected at line 505


Package fancyhdr Warning: \headheight is too small (12.0pt): 
(fancyhdr)                Make it at least 14.0pt, for example:
(fancyhdr)                \setlength{\headheight}{14.0pt}.
(fancyhdr)                You might also make \topmargin smaller:
(fancyhdr)                \addtolength{\topmargin}{-2.0pt}.

[10 <./Book01/fig03g-eps-converted-to.pdf> <./Book01/fig03e-eps-converted-to.pd
f> <./Book01/fig04g-eps-converted-to.pdf> <./Book01/fig04e-eps-converted-to.pdf
>]
Underfull \hbox (badness 10000) in paragraph at lines 525--526


Overfull \vbox (130.0999pt too high) detected at line 576

Overfull \vbox (130.0999pt too high) detected at line 576


Package fancyhdr Warning: \headheight is too small (12.0pt): 
(fancyhdr)                Make it at least 14.0pt, for example:
(fancyhdr)                \setlength{\headheight}{14.0pt}.
(fancyhdr)                You might also make \topmargin smaller:
(fancyhdr)                \addtolength{\topmargin}{-2.0pt}.

[11 <./Book01/fig05g-eps-converted-to.pdf> <./Book01/fig05e-eps-converted-to.pd
f>]
Underfull \hbox (badness 10000) in paragraph at lines 618--620


Overfull \vbox (122.87245pt too high) detected at line 636

Overfull \vbox (122.87245pt too high) detected at line 636


Package fancyhdr Warning: \headheight is too small (12.0pt): 
(fancyhdr)                Make it at least 14.0pt, for example:
(fancyhdr)                \setlength{\headheight}{14.0pt}.
(fancyhdr)                You might also make \topmargin smaller:
(fancyhdr)                \addtolength{\topmargin}{-2.0pt}.

[12 <./Book01/fig06g-eps-converted-to.pdf> <./Book01/fig06e-eps-converted-to.pd
f>]
Underfull \hbox (badness 10000) in paragraph at lines 654--655


Overfull \vbox (104.80496pt too high) detected at line 710

Overfull \vbox (104.80496pt too high) detected at line 710

Overfull \vbox (140.93996pt too high) detected at line 789

Overfull \vbox (140.93996pt too high) detected at line 789


Package fancyhdr Warning: \headheight is too small (12.0pt): 
(fancyhdr)                Make it at least 14.0pt, for example:
(fancyhdr)                \setlength{\headheight}{14.0pt}.
(fancyhdr)                You might also make \topmargin smaller:
(fancyhdr)                \addtolength{\topmargin}{-2.0pt}.

[13 <./Book01/fig07g-eps-converted-to.pdf> <./Book01/fig07e-eps-converted-to.pd
f>]
Overfull \vbox (177.07495pt too high) detected at line 847

Overfull \vbox (177.07495pt too high) detected at line 847


Package fancyhdr Warning: \headheight is too small (12.0pt): 
(fancyhdr)                Make it at least 14.0pt, for example:
(fancyhdr)                \setlength{\headheight}{14.0pt}.
(fancyhdr)                You might also make \topmargin smaller:
(fancyhdr)                \addtolength{\topmargin}{-2.0pt}.

[14 <./Book01/fig08g-eps-converted-to.pdf> <./Book01/fig08e-eps-converted-to.pd
f>]
Underfull \hbox (badness 10000) in paragraph at lines 864--865


Overfull \vbox (140.93996pt too high) detected at line 903

Overfull \vbox (140.93996pt too high) detected at line 903

Overfull \vbox (126.48618pt too high) detected at line 972

Overfull \vbox (126.48618pt too high) detected at line 972


Package fancyhdr Warning: \headheight is too small (12.0pt): 
(fancyhdr)                Make it at least 14.0pt, for example:
(fancyhdr)                \setlength{\headheight}{14.0pt}.
(fancyhdr)                You might also make \topmargin smaller:
(fancyhdr)                \addtolength{\topmargin}{-2.0pt}.

[15 <./Book01/fig09g-eps-converted-to.pdf> <./Book01/fig09e-eps-converted-to.pd
f> <./Book01/fig10g-eps-converted-to.pdf> <./Book01/fig10e-eps-converted-to.pdf
>]
Underfull \hbox (badness 10000) in paragraph at lines 1018--1020


Overfull \vbox (155.39374pt too high) detected at line 1046

Overfull \vbox (155.39374pt too high) detected at line 1046


Package fancyhdr Warning: \headheight is too small (12.0pt): 
(fancyhdr)                Make it at least 14.0pt, for example:
(fancyhdr)                \setlength{\headheight}{14.0pt}.
(fancyhdr)                You might also make \topmargin smaller:
(fancyhdr)                \addtolength{\topmargin}{-2.0pt}.

[16 <./Book01/fig11g-eps-converted-to.pdf> <./Book01/fig11e-eps-converted-to.pd
f> <./Book01/fig12g-eps-converted-to.pdf>]
Underfull \hbox (badness 10000) in paragraph at lines 1063--1064


Underfull \hbox (badness 10000) in paragraph at lines 1063--1064


Overfull \vbox (140.93996pt too high) detected at line 1117

Overfull \vbox (140.93996pt too high) detected at line 1117


Package fancyhdr Warning: \headheight is too small (12.0pt): 
(fancyhdr)                Make it at least 14.0pt, for example:
(fancyhdr)                \setlength{\headheight}{14.0pt}.
(fancyhdr)                You might also make \topmargin smaller:
(fancyhdr)                \addtolength{\topmargin}{-2.0pt}.

[17 <./Book01/fig12e-eps-converted-to.pdf>]
Underfull \hbox (badness 10000) in paragraph at lines 1137--1138


Overfull \vbox (126.48618pt too high) detected at line 1188

Overfull \vbox (126.48618pt too high) detected at line 1188


Package fancyhdr Warning: \headheight is too small (12.0pt): 
(fancyhdr)                Make it at least 14.0pt, for example:
(fancyhdr)                \setlength{\headheight}{14.0pt}.
(fancyhdr)                You might also make \topmargin smaller:
(fancyhdr)                \addtolength{\topmargin}{-2.0pt}.

[18 <./Book01/fig13g-eps-converted-to.pdf> <./Book01/fig13e-eps-converted-to.pd
f>]
Overfull \vbox (162.62117pt too high) detected at line 1245

Overfull \vbox (162.62117pt too high) detected at line 1245


Package fancyhdr Warning: \headheight is too small (12.0pt): 
(fancyhdr)                Make it at least 14.0pt, for example:
(fancyhdr)                \setlength{\headheight}{14.0pt}.
(fancyhdr)                You might also make \topmargin smaller:
(fancyhdr)                \addtolength{\topmargin}{-2.0pt}.

[19 <./Book01/fig14g-eps-converted-to.pdf> <./Book01/fig14e-eps-converted-to.pd
f> <./Book01/fig15g-eps-converted-to.pdf> <./Book01/fig15e-eps-converted-to.pdf
>]
Underfull \hbox (badness 10000) in paragraph at lines 1267--1268


Overfull \vbox (191.52873pt too high) detected at line 1318

Overfull \vbox (191.52873pt too high) detected at line 1318


Package fancyhdr Warning: \headheight is too small (12.0pt): 
(fancyhdr)                Make it at least 14.0pt, for example:
(fancyhdr)                \setlength{\headheight}{14.0pt}.
(fancyhdr)                You might also make \topmargin smaller:
(fancyhdr)                \addtolength{\topmargin}{-2.0pt}.

[20 <./Book01/fig16g-eps-converted-to.pdf> <./Book01/fig16e-eps-converted-to.pd
f>]
Underfull \hbox (badness 10000) in paragraph at lines 1346--1347


Underfull \hbox (badness 10000) in paragraph at lines 1346--1347


Underfull \hbox (badness 10000) in paragraph at lines 1346--1347


Overfull \vbox (126.48618pt too high) detected at line 1378

Overfull \vbox (126.48618pt too high) detected at line 1378

Underfull \hbox (badness 10000) in paragraph at lines 1417--1419


Underfull \hbox (badness 10000) in paragraph at lines 1417--1419


Overfull \vbox (119.25873pt too high) detected at line 1435

Overfull \vbox (119.25873pt too high) detected at line 1435


Package fancyhdr Warning: \headheight is too small (12.0pt): 
(fancyhdr)                Make it at least 14.0pt, for example:
(fancyhdr)                \setlength{\headheight}{14.0pt}.
(fancyhdr)                You might also make \topmargin smaller:
(fancyhdr)                \addtolength{\topmargin}{-2.0pt}.

[21 <./Book01/fig17g-eps-converted-to.pdf> <./Book01/fig17e-eps-converted-to.pd
f>]
Underfull \hbox (badness 10000) in paragraph at lines 1473--1475


Overfull \vbox (191.52873pt too high) detected at line 1489

Overfull \vbox (191.52873pt too high) detected at line 1489


Package fancyhdr Warning: \headheight is too small (12.0pt): 
(fancyhdr)                Make it at least 14.0pt, for example:
(fancyhdr)                \setlength{\headheight}{14.0pt}.
(fancyhdr)                You might also make \topmargin smaller:
(fancyhdr)                \addtolength{\topmargin}{-2.0pt}.

[22 <./Book01/fig18g-eps-converted-to.pdf> <./Book01/fig18e-eps-converted-to.pd
f> <./Book01/fig19g-eps-converted-to.pdf> <./Book01/fig19e-eps-converted-to.pdf
>]
Overfull \vbox (155.39374pt too high) detected at line 1555

Overfull \vbox (155.39374pt too high) detected at line 1555

Overfull \vbox (104.80496pt too high) detected at line 1643

Overfull \vbox (104.80496pt too high) detected at line 1643


Package fancyhdr Warning: \headheight is too small (12.0pt): 
(fancyhdr)                Make it at least 14.0pt, for example:
(fancyhdr)                \setlength{\headheight}{14.0pt}.
(fancyhdr)                You might also make \topmargin smaller:
(fancyhdr)                \addtolength{\topmargin}{-2.0pt}.

[23 <./Book01/fig20g-eps-converted-to.pdf> <./Book01/fig20e-eps-converted-to.pd
f>]
Underfull \hbox (badness 10000) in paragraph at lines 1656--1657


Underfull \hbox (badness 10000) in paragraph at lines 1656--1657


Overfull \vbox (162.62117pt too high) detected at line 1713

Overfull \vbox (162.62117pt too high) detected at line 1713


Package fancyhdr Warning: \headheight is too small (12.0pt): 
(fancyhdr)                Make it at least 14.0pt, for example:
(fancyhdr)                \setlength{\headheight}{14.0pt}.
(fancyhdr)                You might also make \topmargin smaller:
(fancyhdr)                \addtolength{\topmargin}{-2.0pt}.

[24 <./Book01/fig21g-eps-converted-to.pdf> <./Book01/fig21e-eps-converted-to.pd
f>]
Underfull \hbox (badness 10000) in paragraph at lines 1755--1760


Underfull \hbox (badness 10000) in paragraph at lines 1755--1760


Overfull \vbox (155.39374pt too high) detected at line 1777

Overfull \vbox (155.39374pt too high) detected at line 1777


Package fancyhdr Warning: \headheight is too small (12.0pt): 
(fancyhdr)                Make it at least 14.0pt, for example:
(fancyhdr)                \setlength{\headheight}{14.0pt}.
(fancyhdr)                You might also make \topmargin smaller:
(fancyhdr)                \addtolength{\topmargin}{-2.0pt}.

[25 <./Book01/fig22g-eps-converted-to.pdf> <./Book01/fig22e-eps-converted-to.pd
f>]
Underfull \hbox (badness 10000) in paragraph at lines 1794--1795


Overfull \vbox (140.93996pt too high) detected at line 1843

Overfull \vbox (140.93996pt too high) detected at line 1843


Package fancyhdr Warning: \headheight is too small (12.0pt): 
(fancyhdr)                Make it at least 14.0pt, for example:
(fancyhdr)                \setlength{\headheight}{14.0pt}.
(fancyhdr)                You might also make \topmargin smaller:
(fancyhdr)                \addtolength{\topmargin}{-2.0pt}.

[26 <./Book01/fig23g-eps-converted-to.pdf> <./Book01/fig23e-eps-converted-to.pd
f>]
Underfull \hbox (badness 10000) in paragraph at lines 1860--1861


Overfull \vbox (140.93996pt too high) detected at line 1892

Overfull \vbox (140.93996pt too high) detected at line 1892


Package fancyhdr Warning: \headheight is too small (12.0pt): 
(fancyhdr)                Make it at least 14.0pt, for example:
(fancyhdr)                \setlength{\headheight}{14.0pt}.
(fancyhdr)                You might also make \topmargin smaller:
(fancyhdr)                \addtolength{\topmargin}{-2.0pt}.

[27 <./Book01/fig24g-eps-converted-to.pdf> <./Book01/fig24e-eps-converted-to.pd
f>]
Underfull \hbox (badness 10000) in paragraph at lines 1917--1918


Underfull \hbox (badness 10000) in paragraph at lines 1917--1918


Overfull \vbox (104.80496pt too high) detected at line 2000

Overfull \vbox (104.80496pt too high) detected at line 2000


Package fancyhdr Warning: \headheight is too small (12.0pt): 
(fancyhdr)                Make it at least 14.0pt, for example:
(fancyhdr)                \setlength{\headheight}{14.0pt}.
(fancyhdr)                You might also make \topmargin smaller:
(fancyhdr)                \addtolength{\topmargin}{-2.0pt}.

[28 <./Book01/fig25g-eps-converted-to.pdf> <./Book01/fig25e-eps-converted-to.pd
f>]
Overfull \vbox (104.80496pt too high) detected at line 2061

Overfull \vbox (104.80496pt too high) detected at line 2061


Package fancyhdr Warning: \headheight is too small (12.0pt): 
(fancyhdr)                Make it at least 14.0pt, for example:
(fancyhdr)                \setlength{\headheight}{14.0pt}.
(fancyhdr)                You might also make \topmargin smaller:
(fancyhdr)                \addtolength{\topmargin}{-2.0pt}.

[29 <./Book01/fig26g-eps-converted-to.pdf> <./Book01/fig26e-eps-converted-to.pd
f>]
Underfull \hbox (badness 10000) in paragraph at lines 2089--2090


Underfull \hbox (badness 10000) in paragraph at lines 2089--2090


Overfull \vbox (155.39374pt too high) detected at line 2132

Overfull \vbox (155.39374pt too high) detected at line 2132


Package fancyhdr Warning: \headheight is too small (12.0pt): 
(fancyhdr)                Make it at least 14.0pt, for example:
(fancyhdr)                \setlength{\headheight}{14.0pt}.
(fancyhdr)                You might also make \topmargin smaller:
(fancyhdr)                \addtolength{\topmargin}{-2.0pt}.

[30 <./Book01/fig27g-eps-converted-to.pdf> <./Book01/fig27e-eps-converted-to.pd
f>]
Underfull \hbox (badness 10000) in paragraph at lines 2148--2149


Underfull \hbox (badness 10000) in paragraph at lines 2156--2157


Underfull \hbox (badness 10000) in paragraph at lines 2156--2157


Underfull \hbox (badness 10000) in paragraph at lines 2156--2157


Overfull \vbox (155.39374pt too high) detected at line 2202

Overfull \vbox (155.39374pt too high) detected at line 2202


Package fancyhdr Warning: \headheight is too small (12.0pt): 
(fancyhdr)                Make it at least 14.0pt, for example:
(fancyhdr)                \setlength{\headheight}{14.0pt}.
(fancyhdr)                You might also make \topmargin smaller:
(fancyhdr)                \addtolength{\topmargin}{-2.0pt}.

[31 <./Book01/fig28g-eps-converted-to.pdf> <./Book01/fig28e-eps-converted-to.pd
f>]
Overfull \vbox (140.93996pt too high) detected at line 2253

Overfull \vbox (140.93996pt too high) detected at line 2253

Underfull \hbox (badness 10000) in paragraph at lines 2272--2273


Overfull \vbox (86.73746pt too high) detected at line 2311

Overfull \vbox (86.73746pt too high) detected at line 2311


Package fancyhdr Warning: \headheight is too small (12.0pt): 
(fancyhdr)                Make it at least 14.0pt, for example:
(fancyhdr)                \setlength{\headheight}{14.0pt}.
(fancyhdr)                You might also make \topmargin smaller:
(fancyhdr)                \addtolength{\topmargin}{-2.0pt}.

[32 <./Book01/fig30g-eps-converted-to.pdf> <./Book01/fig30e-eps-converted-to.pd
f>]
Underfull \hbox (badness 10000) in paragraph at lines 2324--2325


Overfull \vbox (140.93996pt too high) detected at line 2379

Overfull \vbox (140.93996pt too high) detected at line 2379


Package fancyhdr Warning: \headheight is too small (12.0pt): 
(fancyhdr)                Make it at least 14.0pt, for example:
(fancyhdr)                \setlength{\headheight}{14.0pt}.
(fancyhdr)                You might also make \topmargin smaller:
(fancyhdr)                \addtolength{\topmargin}{-2.0pt}.

[33 <./Book01/fig31g-eps-converted-to.pdf> <./Book01/fig31e-eps-converted-to.pd
f> <./Book01/fig32g-eps-converted-to.pdf> <./Book01/fig32e-eps-converted-to.pdf
>]
Overfull \vbox (119.25873pt too high) detected at line 2440

Overfull \vbox (119.25873pt too high) detected at line 2440


Package fancyhdr Warning: \headheight is too small (12.0pt): 
(fancyhdr)                Make it at least 14.0pt, for example:
(fancyhdr)                \setlength{\headheight}{14.0pt}.
(fancyhdr)                You might also make \topmargin smaller:
(fancyhdr)                \addtolength{\topmargin}{-2.0pt}.

[34 <./Book01/fig33g-eps-converted-to.pdf> <./Book01/fig33e-eps-converted-to.pd
f>]
Underfull \hbox (badness 10000) in paragraph at lines 2480--2483


Overfull \vbox (119.25873pt too high) detected at line 2512

Overfull \vbox (119.25873pt too high) detected at line 2512


Package fancyhdr Warning: \headheight is too small (12.0pt): 
(fancyhdr)                Make it at least 14.0pt, for example:
(fancyhdr)                \setlength{\headheight}{14.0pt}.
(fancyhdr)                You might also make \topmargin smaller:
(fancyhdr)                \addtolength{\topmargin}{-2.0pt}.

[35 <./Book01/fig34g-eps-converted-to.pdf> <./Book01/fig34e-eps-converted-to.pd
f>]
Overfull \vbox (104.80496pt too high) detected at line 2577

Overfull \vbox (104.80496pt too high) detected at line 2577

Overfull \vbox (104.80496pt too high) detected at line 2631

Overfull \vbox (104.80496pt too high) detected at line 2631


Package fancyhdr Warning: \headheight is too small (12.0pt): 
(fancyhdr)                Make it at least 14.0pt, for example:
(fancyhdr)                \setlength{\headheight}{14.0pt}.
(fancyhdr)                You might also make \topmargin smaller:
(fancyhdr)                \addtolength{\topmargin}{-2.0pt}.

[36 <./Book01/fig35g-eps-converted-to.pdf> <./Book01/fig35e-eps-converted-to.pd
f>]
Overfull \vbox (86.73746pt too high) detected at line 2690

Overfull \vbox (86.73746pt too high) detected at line 2690


Package fancyhdr Warning: \headheight is too small (12.0pt): 
(fancyhdr)                Make it at least 14.0pt, for example:
(fancyhdr)                \setlength{\headheight}{14.0pt}.
(fancyhdr)                You might also make \topmargin smaller:
(fancyhdr)                \addtolength{\topmargin}{-2.0pt}.

[37 <./Book01/fig36g-eps-converted-to.pdf> <./Book01/fig36e-eps-converted-to.pd
f> <./Book01/fig37g-eps-converted-to.pdf> <./Book01/fig37e-eps-converted-to.pdf
>]
Overfull \vbox (104.80496pt too high) detected at line 2746

Overfull \vbox (104.80496pt too high) detected at line 2746

Overfull \vbox (104.80496pt too high) detected at line 2797

Overfull \vbox (104.80496pt too high) detected at line 2797


Package fancyhdr Warning: \headheight is too small (12.0pt): 
(fancyhdr)                Make it at least 14.0pt, for example:
(fancyhdr)                \setlength{\headheight}{14.0pt}.
(fancyhdr)                You might also make \topmargin smaller:
(fancyhdr)                \addtolength{\topmargin}{-2.0pt}.

[38 <./Book01/fig38g-eps-converted-to.pdf> <./Book01/fig38e-eps-converted-to.pd
f>]
Overfull \vbox (104.80496pt too high) detected at line 2854

Overfull \vbox (104.80496pt too high) detected at line 2854

Underfull \hbox (badness 10000) in paragraph at lines 2855--2857


Overfull \vbox (133.71251pt too high) detected at line 2907

Overfull \vbox (133.71251pt too high) detected at line 2907


Package fancyhdr Warning: \headheight is too small (12.0pt): 
(fancyhdr)                Make it at least 14.0pt, for example:
(fancyhdr)                \setlength{\headheight}{14.0pt}.
(fancyhdr)                You might also make \topmargin smaller:
(fancyhdr)                \addtolength{\topmargin}{-2.0pt}.

[39 <./Book01/fig39g-eps-converted-to.pdf> <./Book01/fig39e-eps-converted-to.pd
f> <./Book01/fig40g-eps-converted-to.pdf> <./Book01/fig40e-eps-converted-to.pdf
>]
Overfull \vbox (133.71251pt too high) detected at line 2962

Overfull \vbox (133.71251pt too high) detected at line 2962


Package fancyhdr Warning: \headheight is too small (12.0pt): 
(fancyhdr)                Make it at least 14.0pt, for example:
(fancyhdr)                \setlength{\headheight}{14.0pt}.
(fancyhdr)                You might also make \topmargin smaller:
(fancyhdr)                \addtolength{\topmargin}{-2.0pt}.

[40 <./Book01/fig41g-eps-converted-to.pdf> <./Book01/fig41e-eps-converted-to.pd
f>]
Overfull \vbox (119.25873pt too high) detected at line 3019

Overfull \vbox (119.25873pt too high) detected at line 3019

Overfull \vbox (191.52873pt too high) detected at line 3086

Overfull \vbox (191.52873pt too high) detected at line 3086


Package fancyhdr Warning: \headheight is too small (12.0pt): 
(fancyhdr)                Make it at least 14.0pt, for example:
(fancyhdr)                \setlength{\headheight}{14.0pt}.
(fancyhdr)                You might also make \topmargin smaller:
(fancyhdr)                \addtolength{\topmargin}{-2.0pt}.

[41 <./Book01/fig42g-eps-converted-to.pdf> <./Book01/fig42e-eps-converted-to.pd
f> <./Book01/fig43g-eps-converted-to.pdf> <./Book01/fig43e-eps-converted-to.pdf
>]

Package fancyhdr Warning: \headheight is too small (12.0pt): 
(fancyhdr)                Make it at least 14.0pt, for example:
(fancyhdr)                \setlength{\headheight}{14.0pt}.
(fancyhdr)                You might also make \topmargin smaller:
(fancyhdr)                \addtolength{\topmargin}{-2.0pt}.

[42 <./Book01/fig44e-eps-converted-to.pdf> <./Book01/fig44g-eps-converted-to.pd
f>]
Overfull \vbox (191.52873pt too high) detected at line 3174

Overfull \vbox (191.52873pt too high) detected at line 3174


Package fancyhdr Warning: \headheight is too small (12.0pt): 
(fancyhdr)                Make it at least 14.0pt, for example:
(fancyhdr)                \setlength{\headheight}{14.0pt}.
(fancyhdr)                You might also make \topmargin smaller:
(fancyhdr)                \addtolength{\topmargin}{-2.0pt}.

[43 <./Book01/fig45g-eps-converted-to.pdf> <./Book01/fig45e-eps-converted-to.pd
f>]
Overfull \vbox (177.07495pt too high) detected at line 3229

Overfull \vbox (177.07495pt too high) detected at line 3229


Package fancyhdr Warning: \headheight is too small (12.0pt): 
(fancyhdr)                Make it at least 14.0pt, for example:
(fancyhdr)                \setlength{\headheight}{14.0pt}.
(fancyhdr)                You might also make \topmargin smaller:
(fancyhdr)                \addtolength{\topmargin}{-2.0pt}.

[44 <./Book01/fig46g-eps-converted-to.pdf> <./Book01/fig46e-eps-converted-to.pd
f>]
Overfull \vbox (249.34496pt too high) detected at line 3298

Overfull \vbox (249.34496pt too high) detected at line 3298


Package fancyhdr Warning: \headheight is too small (12.0pt): 
(fancyhdr)                Make it at least 14.0pt, for example:
(fancyhdr)                \setlength{\headheight}{14.0pt}.
(fancyhdr)                You might also make \topmargin smaller:
(fancyhdr)                \addtolength{\topmargin}{-2.0pt}.

[45 <./Book01/fig47g-eps-converted-to.pdf> <./Book01/fig47e-eps-converted-to.pd
f>]
Overfull \vbox (133.71251pt too high) detected at line 3358

Overfull \vbox (133.71251pt too high) detected at line 3358


Package fancyhdr Warning: \headheight is too small (12.0pt): 
(fancyhdr)                Make it at least 14.0pt, for example:
(fancyhdr)                \setlength{\headheight}{14.0pt}.
(fancyhdr)                You might also make \topmargin smaller:
(fancyhdr)                \addtolength{\topmargin}{-2.0pt}.

[46 <./Book01/fig48g-eps-converted-to.pdf> <./Book01/fig48e-eps-converted-to.pd
f>])

Package fancyhdr Warning: \headheight is too small (12.0pt): 
(fancyhdr)                Make it at least 14.0pt, for example:
(fancyhdr)                \setlength{\headheight}{14.0pt}.
(fancyhdr)                You might also make \topmargin smaller:
(fancyhdr)                \addtolength{\topmargin}{-2.0pt}.

[47] (./Book02/Book2.tex
[48]
Underfull \hbox (badness 10000) in paragraph at lines 61--62


Overfull \vbox (155.39374pt too high) detected at line 108

Overfull \vbox (155.39374pt too high) detected at line 108


Package fancyhdr Warning: \headheight is too small (12.0pt): 
(fancyhdr)                Make it at least 14.0pt, for example:
(fancyhdr)                \setlength{\headheight}{14.0pt}.
(fancyhdr)                You might also make \topmargin smaller:
(fancyhdr)                \addtolength{\topmargin}{-2.0pt}.

[49 <./Book02/fig01g-eps-converted-to.pdf> <./Book02/fig01e-eps-converted-to.pd
f>]
Underfull \hbox (badness 10000) in paragraph at lines 122--123


Overfull \vbox (155.39374pt too high) detected at line 162

Overfull \vbox (155.39374pt too high) detected at line 162

Overfull \vbox (140.93996pt too high) detected at line 223

Overfull \vbox (140.93996pt too high) detected at line 223


Package fancyhdr Warning: \headheight is too small (12.0pt): 
(fancyhdr)                Make it at least 14.0pt, for example:
(fancyhdr)                \setlength{\headheight}{14.0pt}.
(fancyhdr)                You might also make \topmargin smaller:
(fancyhdr)                \addtolength{\topmargin}{-2.0pt}.

[50 <./Book02/fig02g-eps-converted-to.pdf> <./Book02/fig02e-eps-converted-to.pd
f>]
Underfull \hbox (badness 10000) in paragraph at lines 246--247


Underfull \hbox (badness 10000) in paragraph at lines 246--247


Underfull \hbox (badness 10000) in paragraph at lines 246--247


Underfull \hbox (badness 10000) in paragraph at lines 246--247


Underfull \hbox (badness 10000) in paragraph at lines 246--247


Overfull \vbox (155.39374pt too high) detected at line 299

Overfull \vbox (155.39374pt too high) detected at line 299


Package fancyhdr Warning: \headheight is too small (12.0pt): 
(fancyhdr)                Make it at least 14.0pt, for example:
(fancyhdr)                \setlength{\headheight}{14.0pt}.
(fancyhdr)                You might also make \topmargin smaller:
(fancyhdr)                \addtolength{\topmargin}{-2.0pt}.

[51 <./Book02/fig03g-eps-converted-to.pdf> <./Book02/fig03e-eps-converted-to.pd
f>]
Underfull \hbox (badness 10000) in paragraph at lines 314--315


Overfull \vbox (126.48618pt too high) detected at line 370

Overfull \vbox (126.48618pt too high) detected at line 370


Package fancyhdr Warning: \headheight is too small (12.0pt): 
(fancyhdr)                Make it at least 14.0pt, for example:
(fancyhdr)                \setlength{\headheight}{14.0pt}.
(fancyhdr)                You might also make \topmargin smaller:
(fancyhdr)                \addtolength{\topmargin}{-2.0pt}.

[52 <./Book02/fig04g-eps-converted-to.pdf> <./Book02/fig04e-eps-converted-to.pd
f>]
Underfull \hbox (badness 10000) in paragraph at lines 385--386


Underfull \hbox (badness 10000) in paragraph at lines 385--386


Overfull \vbox (126.48618pt too high) detected at line 441

Overfull \vbox (126.48618pt too high) detected at line 441


Package fancyhdr Warning: \headheight is too small (12.0pt): 
(fancyhdr)                Make it at least 14.0pt, for example:
(fancyhdr)                \setlength{\headheight}{14.0pt}.
(fancyhdr)                You might also make \topmargin smaller:
(fancyhdr)                \addtolength{\topmargin}{-2.0pt}.

[53 <./Book02/fig05g-eps-converted-to.pdf> <./Book02/fig05e-eps-converted-to.pd
f>]

Package fancyhdr Warning: \headheight is too small (12.0pt): 
(fancyhdr)                Make it at least 14.0pt, for example:
(fancyhdr)                \setlength{\headheight}{14.0pt}.
(fancyhdr)                You might also make \topmargin smaller:
(fancyhdr)                \addtolength{\topmargin}{-2.0pt}.

[54 <./Book02/fig06g-eps-converted-to.pdf> <./Book02/fig06e-eps-converted-to.pd
f>]
Overfull \vbox (155.39374pt too high) detected at line 521

Overfull \vbox (155.39374pt too high) detected at line 521


Package fancyhdr Warning: \headheight is too small (12.0pt): 
(fancyhdr)                Make it at least 14.0pt, for example:
(fancyhdr)                \setlength{\headheight}{14.0pt}.
(fancyhdr)                You might also make \topmargin smaller:
(fancyhdr)                \addtolength{\topmargin}{-2.0pt}.

[55 <./Book02/fig07g-eps-converted-to.pdf> <./Book02/fig07e-eps-converted-to.pd
f>]
Underfull \hbox (badness 10000) in paragraph at lines 539--540


Overfull \vbox (177.07495pt too high) detected at line 621

Overfull \vbox (177.07495pt too high) detected at line 621


Package fancyhdr Warning: \headheight is too small (12.0pt): 
(fancyhdr)                Make it at least 14.0pt, for example:
(fancyhdr)                \setlength{\headheight}{14.0pt}.
(fancyhdr)                You might also make \topmargin smaller:
(fancyhdr)                \addtolength{\topmargin}{-2.0pt}.

[56 <./Book02/fig08g-eps-converted-to.pdf> <./Book02/fig08e-eps-converted-to.pd
f>]
Underfull \hbox (badness 10000) in paragraph at lines 652--653


Underfull \hbox (badness 10000) in paragraph at lines 652--653


Underfull \hbox (badness 10000) in paragraph at lines 652--653


Underfull \hbox (badness 10000) in paragraph at lines 652--653


Underfull \hbox (badness 10000) in paragraph at lines 652--653


Underfull \hbox (badness 10000) in paragraph at lines 652--653


Underfull \hbox (badness 10000) in paragraph at lines 652--653


Underfull \hbox (badness 10000) in paragraph at lines 652--653


Underfull \hbox (badness 10000) in paragraph at lines 652--653


Overfull \vbox (126.48618pt too high) detected at line 719

Overfull \vbox (126.48618pt too high) detected at line 719


Package fancyhdr Warning: \headheight is too small (12.0pt): 
(fancyhdr)                Make it at least 14.0pt, for example:
(fancyhdr)                \setlength{\headheight}{14.0pt}.
(fancyhdr)                You might also make \topmargin smaller:
(fancyhdr)                \addtolength{\topmargin}{-2.0pt}.

[57]

Package fancyhdr Warning: \headheight is too small (12.0pt): 
(fancyhdr)                Make it at least 14.0pt, for example:
(fancyhdr)                \setlength{\headheight}{14.0pt}.
(fancyhdr)                You might also make \topmargin smaller:
(fancyhdr)                \addtolength{\topmargin}{-2.0pt}.

[58 <./Book02/fig09g-eps-converted-to.pdf> <./Book02/fig09e-eps-converted-to.pd
f>]
Underfull \hbox (badness 10000) in paragraph at lines 734--735


Underfull \hbox (badness 10000) in paragraph at lines 734--735


Overfull \vbox (140.93996pt too high) detected at line 836

Overfull \vbox (140.93996pt too high) detected at line 836


Package fancyhdr Warning: \headheight is too small (12.0pt): 
(fancyhdr)                Make it at least 14.0pt, for example:
(fancyhdr)                \setlength{\headheight}{14.0pt}.
(fancyhdr)                You might also make \topmargin smaller:
(fancyhdr)                \addtolength{\topmargin}{-2.0pt}.

[59 <./Book02/fig10g-eps-converted-to.pdf> <./Book02/fig10e-eps-converted-to.pd
f>]
Underfull \hbox (badness 10000) in paragraph at lines 855--856


Overfull \vbox (195.14246pt too high) detected at line 919

Overfull \vbox (195.14246pt too high) detected at line 919


Package fancyhdr Warning: \headheight is too small (12.0pt): 
(fancyhdr)                Make it at least 14.0pt, for example:
(fancyhdr)                \setlength{\headheight}{14.0pt}.
(fancyhdr)                You might also make \topmargin smaller:
(fancyhdr)                \addtolength{\topmargin}{-2.0pt}.

[60]

Package fancyhdr Warning: \headheight is too small (12.0pt): 
(fancyhdr)                Make it at least 14.0pt, for example:
(fancyhdr)                \setlength{\headheight}{14.0pt}.
(fancyhdr)                You might also make \topmargin smaller:
(fancyhdr)                \addtolength{\topmargin}{-2.0pt}.

[61 <./Book02/fig11e-eps-converted-to.pdf> <./Book02/fig11g-eps-converted-to.pd
f>]
Underfull \hbox (badness 10000) in paragraph at lines 944--945


Overfull \vbox (126.48618pt too high) detected at line 1008

Overfull \vbox (126.48618pt too high) detected at line 1008


Package fancyhdr Warning: \headheight is too small (12.0pt): 
(fancyhdr)                Make it at least 14.0pt, for example:
(fancyhdr)                \setlength{\headheight}{14.0pt}.
(fancyhdr)                You might also make \topmargin smaller:
(fancyhdr)                \addtolength{\topmargin}{-2.0pt}.

[62 <./Book02/fig12g-eps-converted-to.pdf> <./Book02/fig12e-eps-converted-to.pd
f>]
Underfull \hbox (badness 10000) in paragraph at lines 1027--1028


Overfull \vbox (140.93996pt too high) detected at line 1092

Overfull \vbox (140.93996pt too high) detected at line 1092


Package fancyhdr Warning: \headheight is too small (12.0pt): 
(fancyhdr)                Make it at least 14.0pt, for example:
(fancyhdr)                \setlength{\headheight}{14.0pt}.
(fancyhdr)                You might also make \topmargin smaller:
(fancyhdr)                \addtolength{\topmargin}{-2.0pt}.

[63 <./Book02/fig13g-eps-converted-to.pdf> <./Book02/fig13e-eps-converted-to.pd
f>]
Overfull \vbox (140.93996pt too high) detected at line 1180

Overfull \vbox (140.93996pt too high) detected at line 1180


Package fancyhdr Warning: \headheight is too small (12.0pt): 
(fancyhdr)                Make it at least 14.0pt, for example:
(fancyhdr)                \setlength{\headheight}{14.0pt}.
(fancyhdr)                You might also make \topmargin smaller:
(fancyhdr)                \addtolength{\topmargin}{-2.0pt}.

[64 <./Book02/fig14g-eps-converted-to.pdf> <./Book02/fig14e-eps-converted-to.pd
f>])

Package fancyhdr Warning: \headheight is too small (12.0pt): 
(fancyhdr)                Make it at least 14.0pt, for example:
(fancyhdr)                \setlength{\headheight}{14.0pt}.
(fancyhdr)                You might also make \topmargin smaller:
(fancyhdr)                \addtolength{\topmargin}{-2.0pt}.

[65] (./Book03/Book3.tex
[66]
Underfull \hbox (badness 10000) in paragraph at lines 134--135


Underfull \hbox (badness 10000) in paragraph at lines 134--135


Underfull \hbox (badness 10000) in paragraph at lines 134--135


Underfull \hbox (badness 10000) in paragraph at lines 134--135


Overfull \vbox (155.39374pt too high) detected at line 192

Overfull \vbox (155.39374pt too high) detected at line 192


Package fancyhdr Warning: \headheight is too small (12.0pt): 
(fancyhdr)                Make it at least 14.0pt, for example:
(fancyhdr)                \setlength{\headheight}{14.0pt}.
(fancyhdr)                You might also make \topmargin smaller:
(fancyhdr)                \addtolength{\topmargin}{-2.0pt}.

[67]
Underfull \hbox (badness 10000) in paragraph at lines 228--229


Underfull \hbox (badness 10000) in paragraph at lines 228--229


Underfull \hbox (badness 10000) in paragraph at lines 228--229


Overfull \vbox (155.39374pt too high) detected at line 269

Overfull \vbox (155.39374pt too high) detected at line 269


Package fancyhdr Warning: \headheight is too small (12.0pt): 
(fancyhdr)                Make it at least 14.0pt, for example:
(fancyhdr)                \setlength{\headheight}{14.0pt}.
(fancyhdr)                You might also make \topmargin smaller:
(fancyhdr)                \addtolength{\topmargin}{-2.0pt}.

[68 <./Book03/fig01g-eps-converted-to.pdf> <./Book03/fig01e-eps-converted-to.pd
f>]
Underfull \hbox (badness 10000) in paragraph at lines 301--302


Underfull \hbox (badness 10000) in paragraph at lines 301--302


Underfull \hbox (badness 10000) in paragraph at lines 301--302


Underfull \hbox (badness 10000) in paragraph at lines 301--302


Overfull \vbox (155.39374pt too high) detected at line 350

Overfull \vbox (155.39374pt too high) detected at line 350


Package fancyhdr Warning: \headheight is too small (12.0pt): 
(fancyhdr)                Make it at least 14.0pt, for example:
(fancyhdr)                \setlength{\headheight}{14.0pt}.
(fancyhdr)                You might also make \topmargin smaller:
(fancyhdr)                \addtolength{\topmargin}{-2.0pt}.

[69 <./Book03/fig02g-eps-converted-to.pdf> <./Book03/fig02e-eps-converted-to.pd
f>]
Underfull \hbox (badness 10000) in paragraph at lines 363--364


Overfull \vbox (140.93996pt too high) detected at line 411

Overfull \vbox (140.93996pt too high) detected at line 411


Package fancyhdr Warning: \headheight is too small (12.0pt): 
(fancyhdr)                Make it at least 14.0pt, for example:
(fancyhdr)                \setlength{\headheight}{14.0pt}.
(fancyhdr)                You might also make \topmargin smaller:
(fancyhdr)                \addtolength{\topmargin}{-2.0pt}.

[70 <./Book03/fig03g-eps-converted-to.pdf> <./Book03/fig03e-eps-converted-to.pd
f> <./Book03/fig04g-eps-converted-to.pdf> <./Book03/fig04e-eps-converted-to.pdf
>]
Overfull \vbox (140.93996pt too high) detected at line 462

Overfull \vbox (140.93996pt too high) detected at line 462

Overfull \vbox (155.39374pt too high) detected at line 516

Overfull \vbox (155.39374pt too high) detected at line 516


Package fancyhdr Warning: \headheight is too small (12.0pt): 
(fancyhdr)                Make it at least 14.0pt, for example:
(fancyhdr)                \setlength{\headheight}{14.0pt}.
(fancyhdr)                You might also make \topmargin smaller:
(fancyhdr)                \addtolength{\topmargin}{-2.0pt}.

[71 <./Book03/fig05g-eps-converted-to.pdf> <./Book03/fig05e-eps-converted-to.pd
f>]
Underfull \hbox (badness 10000) in paragraph at lines 549--550


Underfull \hbox (badness 10000) in paragraph at lines 549--550


Underfull \hbox (badness 10000) in paragraph at lines 549--550


Underfull \hbox (badness 10000) in paragraph at lines 549--550


Underfull \hbox (badness 10000) in paragraph at lines 549--550


Underfull \hbox (badness 10000) in paragraph at lines 549--550


Underfull \hbox (badness 10000) in paragraph at lines 549--550


Overfull \vbox (177.07495pt too high) detected at line 636

Overfull \vbox (177.07495pt too high) detected at line 636


Package fancyhdr Warning: \headheight is too small (12.0pt): 
(fancyhdr)                Make it at least 14.0pt, for example:
(fancyhdr)                \setlength{\headheight}{14.0pt}.
(fancyhdr)                You might also make \topmargin smaller:
(fancyhdr)                \addtolength{\topmargin}{-2.0pt}.

[72 <./Book03/fig06g-eps-converted-to.pdf> <./Book03/fig06e-eps-converted-to.pd
f>]

Package fancyhdr Warning: \headheight is too small (12.0pt): 
(fancyhdr)                Make it at least 14.0pt, for example:
(fancyhdr)                \setlength{\headheight}{14.0pt}.
(fancyhdr)                You might also make \topmargin smaller:
(fancyhdr)                \addtolength{\topmargin}{-2.0pt}.

[73 <./Book03/fig07g-eps-converted-to.pdf> <./Book03/fig07e-eps-converted-to.pd
f>]
Underfull \hbox (badness 10000) in paragraph at lines 683--684


Underfull \hbox (badness 10000) in paragraph at lines 683--684


Underfull \hbox (badness 10000) in paragraph at lines 683--684


Underfull \hbox (badness 10000) in paragraph at lines 683--684


Underfull \hbox (badness 10000) in paragraph at lines 683--684


Underfull \hbox (badness 10000) in paragraph at lines 683--684


Underfull \hbox (badness 10000) in paragraph at lines 683--684


Underfull \hbox (badness 10000) in paragraph at lines 683--684


Overfull \vbox (177.07495pt too high) detected at line 794

Overfull \vbox (177.07495pt too high) detected at line 794


Package fancyhdr Warning: \headheight is too small (12.0pt): 
(fancyhdr)                Make it at least 14.0pt, for example:
(fancyhdr)                \setlength{\headheight}{14.0pt}.
(fancyhdr)                You might also make \topmargin smaller:
(fancyhdr)                \addtolength{\topmargin}{-2.0pt}.

[74]

Package fancyhdr Warning: \headheight is too small (12.0pt): 
(fancyhdr)                Make it at least 14.0pt, for example:
(fancyhdr)                \setlength{\headheight}{14.0pt}.
(fancyhdr)                You might also make \topmargin smaller:
(fancyhdr)                \addtolength{\topmargin}{-2.0pt}.

[75 <./Book03/fig08g-eps-converted-to.pdf> <./Book03/fig08e-eps-converted-to.pd
f>]
Underfull \hbox (badness 10000) in paragraph at lines 815--816


Overfull \vbox (155.39374pt too high) detected at line 873

Overfull \vbox (155.39374pt too high) detected at line 873

Underfull \hbox (badness 10000) in paragraph at lines 889--890


Underfull \hbox (badness 10000) in paragraph at lines 889--890


Overfull \vbox (155.39374pt too high) detected at line 936

Overfull \vbox (155.39374pt too high) detected at line 936


Package fancyhdr Warning: \headheight is too small (12.0pt): 
(fancyhdr)                Make it at least 14.0pt, for example:
(fancyhdr)                \setlength{\headheight}{14.0pt}.
(fancyhdr)                You might also make \topmargin smaller:
(fancyhdr)                \addtolength{\topmargin}{-2.0pt}.

[76 <./Book03/fig09g-eps-converted-to.pdf> <./Book03/fig09e-eps-converted-to.pd
f>]
Underfull \hbox (badness 10000) in paragraph at lines 964--965


Underfull \hbox (badness 10000) in paragraph at lines 964--965


Overfull \vbox (155.39374pt too high) detected at line 1007

Overfull \vbox (155.39374pt too high) detected at line 1007


Package fancyhdr Warning: \headheight is too small (12.0pt): 
(fancyhdr)                Make it at least 14.0pt, for example:
(fancyhdr)                \setlength{\headheight}{14.0pt}.
(fancyhdr)                You might also make \topmargin smaller:
(fancyhdr)                \addtolength{\topmargin}{-2.0pt}.

[77 <./Book03/fig10g-eps-converted-to.pdf> <./Book03/fig10e-eps-converted-to.pd
f>]
Underfull \hbox (badness 10000) in paragraph at lines 1020--1021


Overfull \vbox (177.07495pt too high) detected at line 1075

Overfull \vbox (177.07495pt too high) detected at line 1075


Package fancyhdr Warning: \headheight is too small (12.0pt): 
(fancyhdr)                Make it at least 14.0pt, for example:
(fancyhdr)                \setlength{\headheight}{14.0pt}.
(fancyhdr)                You might also make \topmargin smaller:
(fancyhdr)                \addtolength{\topmargin}{-2.0pt}.

[78 <./Book03/fig11g-eps-converted-to.pdf> <./Book03/fig11e-eps-converted-to.pd
f> <./Book03/fig12g-eps-converted-to.pdf> <./Book03/fig12e-eps-converted-to.pdf
>]
Overfull \vbox (155.39374pt too high) detected at line 1163

Overfull \vbox (155.39374pt too high) detected at line 1163


Package fancyhdr Warning: \headheight is too small (12.0pt): 
(fancyhdr)                Make it at least 14.0pt, for example:
(fancyhdr)                \setlength{\headheight}{14.0pt}.
(fancyhdr)                You might also make \topmargin smaller:
(fancyhdr)                \addtolength{\topmargin}{-2.0pt}.

[79 <./Book03/fig13g-eps-converted-to.pdf> <./Book03/fig13e-eps-converted-to.pd
f>]
Underfull \hbox (badness 10000) in paragraph at lines 1177--1178


Overfull \vbox (155.39374pt too high) detected at line 1272

Overfull \vbox (155.39374pt too high) detected at line 1272


Package fancyhdr Warning: \headheight is too small (12.0pt): 
(fancyhdr)                Make it at least 14.0pt, for example:
(fancyhdr)                \setlength{\headheight}{14.0pt}.
(fancyhdr)                You might also make \topmargin smaller:
(fancyhdr)                \addtolength{\topmargin}{-2.0pt}.

[80 <./Book03/fig14g-eps-converted-to.pdf> <./Book03/fig14e-eps-converted-to.pd
f>]
Underfull \hbox (badness 10000) in paragraph at lines 1304--1305


Underfull \hbox (badness 10000) in paragraph at lines 1304--1305


Underfull \hbox (badness 10000) in paragraph at lines 1304--1305


Underfull \hbox (badness 10000) in paragraph at lines 1304--1305


Overfull \vbox (155.39374pt too high) detected at line 1343

Overfull \vbox (155.39374pt too high) detected at line 1343


Package fancyhdr Warning: \headheight is too small (12.0pt): 
(fancyhdr)                Make it at least 14.0pt, for example:
(fancyhdr)                \setlength{\headheight}{14.0pt}.
(fancyhdr)                You might also make \topmargin smaller:
(fancyhdr)                \addtolength{\topmargin}{-2.0pt}.

[81]
Underfull \hbox (badness 10000) in paragraph at lines 1385--1386


Underfull \hbox (badness 10000) in paragraph at lines 1385--1386


Underfull \hbox (badness 10000) in paragraph at lines 1385--1386


Underfull \hbox (badness 10000) in paragraph at lines 1385--1386


Underfull \hbox (badness 10000) in paragraph at lines 1406--1407


Underfull \hbox (badness 10000) in paragraph at lines 1406--1407


Underfull \hbox (badness 10000) in paragraph at lines 1463--1474


Overfull \vbox (140.93996pt too high) detected at line 1483

Overfull \vbox (140.93996pt too high) detected at line 1483


Package fancyhdr Warning: \headheight is too small (12.0pt): 
(fancyhdr)                Make it at least 14.0pt, for example:
(fancyhdr)                \setlength{\headheight}{14.0pt}.
(fancyhdr)                You might also make \topmargin smaller:
(fancyhdr)                \addtolength{\topmargin}{-2.0pt}.

[82 <./Book03/fig15g-eps-converted-to.pdf> <./Book03/fig15e-eps-converted-to.pd
f>]
Overfull \vbox (155.39374pt too high) detected at line 1552

Overfull \vbox (155.39374pt too high) detected at line 1552


Package fancyhdr Warning: \headheight is too small (12.0pt): 
(fancyhdr)                Make it at least 14.0pt, for example:
(fancyhdr)                \setlength{\headheight}{14.0pt}.
(fancyhdr)                You might also make \topmargin smaller:
(fancyhdr)                \addtolength{\topmargin}{-2.0pt}.

[83 <./Book03/fig16g-eps-converted-to.pdf> <./Book03/fig16e-eps-converted-to.pd
f>]
Underfull \hbox (badness 10000) in paragraph at lines 1580--1581


Underfull \hbox (badness 10000) in paragraph at lines 1580--1581


Underfull \hbox (badness 10000) in paragraph at lines 1580--1581


Overfull \vbox (155.39374pt too high) detected at line 1617

Overfull \vbox (155.39374pt too high) detected at line 1617


Package fancyhdr Warning: \headheight is too small (12.0pt): 
(fancyhdr)                Make it at least 14.0pt, for example:
(fancyhdr)                \setlength{\headheight}{14.0pt}.
(fancyhdr)                You might also make \topmargin smaller:
(fancyhdr)                \addtolength{\topmargin}{-2.0pt}.

[84 <./Book03/fig17g-eps-converted-to.pdf> <./Book03/fig17e-eps-converted-to.pd
f>]
Underfull \hbox (badness 10000) in paragraph at lines 1631--1632


Overfull \vbox (155.39374pt too high) detected at line 1683

Overfull \vbox (155.39374pt too high) detected at line 1683


Package fancyhdr Warning: \headheight is too small (12.0pt): 
(fancyhdr)                Make it at least 14.0pt, for example:
(fancyhdr)                \setlength{\headheight}{14.0pt}.
(fancyhdr)                You might also make \topmargin smaller:
(fancyhdr)                \addtolength{\topmargin}{-2.0pt}.

[85 <./Book03/fig18g-eps-converted-to.pdf> <./Book03/fig18e-eps-converted-to.pd
f> <./Book03/fig19g-eps-converted-to.pdf> <./Book03/fig19e-eps-converted-to.pdf
>]
Underfull \hbox (badness 10000) in paragraph at lines 1754--1756


Overfull \vbox (155.39374pt too high) detected at line 1757

Overfull \vbox (155.39374pt too high) detected at line 1757

Overfull \vbox (155.39374pt too high) detected at line 1813

Overfull \vbox (155.39374pt too high) detected at line 1813


Package fancyhdr Warning: \headheight is too small (12.0pt): 
(fancyhdr)                Make it at least 14.0pt, for example:
(fancyhdr)                \setlength{\headheight}{14.0pt}.
(fancyhdr)                You might also make \topmargin smaller:
(fancyhdr)                \addtolength{\topmargin}{-2.0pt}.

[86 <./Book03/fig20g-eps-converted-to.pdf> <./Book03/fig20e-eps-converted-to.pd
f>]
Overfull \vbox (155.39374pt too high) detected at line 1873

Overfull \vbox (155.39374pt too high) detected at line 1873


Package fancyhdr Warning: \headheight is too small (12.0pt): 
(fancyhdr)                Make it at least 14.0pt, for example:
(fancyhdr)                \setlength{\headheight}{14.0pt}.
(fancyhdr)                You might also make \topmargin smaller:
(fancyhdr)                \addtolength{\topmargin}{-2.0pt}.

[87 <./Book03/fig21g-eps-converted-to.pdf> <./Book03/fig21e-eps-converted-to.pd
f> <./Book03/fig22g-eps-converted-to.pdf> <./Book03/fig22e-eps-converted-to.pdf
>]
Overfull \vbox (86.73746pt too high) detected at line 1921

Overfull \vbox (86.73746pt too high) detected at line 1921

Underfull \hbox (badness 10000) in paragraph at lines 1946--1947


Underfull \hbox (badness 10000) in paragraph at lines 1946--1947


Underfull \hbox (badness 10000) in paragraph at lines 1964--1973


Overfull \vbox (169.84752pt too high) detected at line 1978

Overfull \vbox (169.84752pt too high) detected at line 1978


Package fancyhdr Warning: \headheight is too small (12.0pt): 
(fancyhdr)                Make it at least 14.0pt, for example:
(fancyhdr)                \setlength{\headheight}{14.0pt}.
(fancyhdr)                You might also make \topmargin smaller:
(fancyhdr)                \addtolength{\topmargin}{-2.0pt}.

[88 <./Book03/fig23g-eps-converted-to.pdf> <./Book03/fig23e-eps-converted-to.pd
f>]
Underfull \hbox (badness 10000) in paragraph at lines 2014--2015


Underfull \hbox (badness 10000) in paragraph at lines 2014--2015


Underfull \hbox (badness 10000) in paragraph at lines 2014--2015


Overfull \vbox (90.35118pt too high) detected at line 2078

Overfull \vbox (90.35118pt too high) detected at line 2078


Package fancyhdr Warning: \headheight is too small (12.0pt): 
(fancyhdr)                Make it at least 14.0pt, for example:
(fancyhdr)                \setlength{\headheight}{14.0pt}.
(fancyhdr)                You might also make \topmargin smaller:
(fancyhdr)                \addtolength{\topmargin}{-2.0pt}.

[89 <./Book03/fig24g-eps-converted-to.pdf> <./Book03/fig24e-eps-converted-to.pd
f>]
Underfull \hbox (badness 10000) in paragraph at lines 2106--2107


Underfull \hbox (badness 10000) in paragraph at lines 2106--2107


Underfull \hbox (badness 10000) in paragraph at lines 2106--2107


Overfull \vbox (104.80496pt too high) detected at line 2146

Overfull \vbox (104.80496pt too high) detected at line 2146


Package fancyhdr Warning: \headheight is too small (12.0pt): 
(fancyhdr)                Make it at least 14.0pt, for example:
(fancyhdr)                \setlength{\headheight}{14.0pt}.
(fancyhdr)                You might also make \topmargin smaller:
(fancyhdr)                \addtolength{\topmargin}{-2.0pt}.

[90 <./Book03/fig25g-eps-converted-to.pdf> <./Book03/fig25e-eps-converted-to.pd
f>]
Underfull \hbox (badness 10000) in paragraph at lines 2211--2213


Overfull \vbox (104.80496pt too high) detected at line 2214

Overfull \vbox (104.80496pt too high) detected at line 2214

Underfull \hbox (badness 10000) in paragraph at lines 2233--2234


Overfull \vbox (112.0324pt too high) detected at line 2285

Overfull \vbox (112.0324pt too high) detected at line 2285


Package fancyhdr Warning: \headheight is too small (12.0pt): 
(fancyhdr)                Make it at least 14.0pt, for example:
(fancyhdr)                \setlength{\headheight}{14.0pt}.
(fancyhdr)                You might also make \topmargin smaller:
(fancyhdr)                \addtolength{\topmargin}{-2.0pt}.

[91 <./Book03/fig26g-eps-converted-to.pdf> <./Book03/fig26e-eps-converted-to.pd
f> <./Book03/fig27g-eps-converted-to.pdf> <./Book03/fig27e-eps-converted-to.pdf
>]
Underfull \hbox (badness 10000) in paragraph at lines 2309--2310


Underfull \hbox (badness 10000) in paragraph at lines 2309--2310


Underfull \hbox (badness 10000) in paragraph at lines 2309--2310


Underfull \hbox (badness 10000) in paragraph at lines 2309--2310


Overfull \vbox (119.25873pt too high) detected at line 2341

Overfull \vbox (119.25873pt too high) detected at line 2341


Package fancyhdr Warning: \headheight is too small (12.0pt): 
(fancyhdr)                Make it at least 14.0pt, for example:
(fancyhdr)                \setlength{\headheight}{14.0pt}.
(fancyhdr)                You might also make \topmargin smaller:
(fancyhdr)                \addtolength{\topmargin}{-2.0pt}.

[92 <./Book03/fig28g-eps-converted-to.pdf> <./Book03/fig28e-eps-converted-to.pd
f>]
Overfull \vbox (90.35118pt too high) detected at line 2401

Overfull \vbox (90.35118pt too high) detected at line 2401

Underfull \hbox (badness 10000) in paragraph at lines 2416--2417


Overfull \vbox (155.39374pt too high) detected at line 2523

Overfull \vbox (155.39374pt too high) detected at line 2523


Package fancyhdr Warning: \headheight is too small (12.0pt): 
(fancyhdr)                Make it at least 14.0pt, for example:
(fancyhdr)                \setlength{\headheight}{14.0pt}.
(fancyhdr)                You might also make \topmargin smaller:
(fancyhdr)                \addtolength{\topmargin}{-2.0pt}.

[93 <./Book03/fig29g-eps-converted-to.pdf> <./Book03/fig29e-eps-converted-to.pd
f> <./Book03/fig30g-eps-converted-to.pdf> <./Book03/fig30e-eps-converted-to.pdf
>]

Package fancyhdr Warning: \headheight is too small (12.0pt): 
(fancyhdr)                Make it at least 14.0pt, for example:
(fancyhdr)                \setlength{\headheight}{14.0pt}.
(fancyhdr)                You might also make \topmargin smaller:
(fancyhdr)                \addtolength{\topmargin}{-2.0pt}.

[94 <./Book03/fig31g-eps-converted-to.pdf> <./Book03/fig31e-eps-converted-to.pd
f>]
Underfull \hbox (badness 10000) in paragraph at lines 2537--2538


Overfull \vbox (148.1674pt too high) detected at line 2610

Overfull \vbox (148.1674pt too high) detected at line 2610


Package fancyhdr Warning: \headheight is too small (12.0pt): 
(fancyhdr)                Make it at least 14.0pt, for example:
(fancyhdr)                \setlength{\headheight}{14.0pt}.
(fancyhdr)                You might also make \topmargin smaller:
(fancyhdr)                \addtolength{\topmargin}{-2.0pt}.

[95 <./Book03/fig32e-eps-converted-to.pdf>]
Overfull \vbox (93.96489pt too high) detected at line 2757

Overfull \vbox (106.97296pt too high) detected at line 2757


Package fancyhdr Warning: \headheight is too small (12.0pt): 
(fancyhdr)                Make it at least 14.0pt, for example:
(fancyhdr)                \setlength{\headheight}{14.0pt}.
(fancyhdr)                You might also make \topmargin smaller:
(fancyhdr)                \addtolength{\topmargin}{-2.0pt}.

[96 <./Book03/fig33g-eps-converted-to.pdf> <./Book03/fig33e-eps-converted-to.pd
f>]
Overfull \vbox (126.48618pt too high) detected at line 2822

Overfull \vbox (126.48618pt too high) detected at line 2822


Package fancyhdr Warning: \headheight is too small (12.0pt): 
(fancyhdr)                Make it at least 14.0pt, for example:
(fancyhdr)                \setlength{\headheight}{14.0pt}.
(fancyhdr)                You might also make \topmargin smaller:
(fancyhdr)                \addtolength{\topmargin}{-2.0pt}.

[97]
Underfull \hbox (badness 10000) in paragraph at lines 2877--2878


Underfull \hbox (badness 10000) in paragraph at lines 2877--2878


Underfull \hbox (badness 10000) in paragraph at lines 2877--2878


Underfull \hbox (badness 10000) in paragraph at lines 2877--2878


Underfull \hbox (badness 10000) in paragraph at lines 2877--2878


Underfull \hbox (badness 10000) in paragraph at lines 2877--2878


Underfull \hbox (badness 10000) in paragraph at lines 2877--2878


Overfull \vbox (104.80496pt too high) detected at line 2941

Overfull \vbox (104.80496pt too high) detected at line 2941


Package fancyhdr Warning: \headheight is too small (12.0pt): 
(fancyhdr)                Make it at least 14.0pt, for example:
(fancyhdr)                \setlength{\headheight}{14.0pt}.
(fancyhdr)                You might also make \topmargin smaller:
(fancyhdr)                \addtolength{\topmargin}{-2.0pt}.

[98 <./Book03/fig34g-eps-converted-to.pdf> <./Book03/fig34e-eps-converted-to.pd
f>]
Underfull \hbox (badness 10000) in paragraph at lines 2963--2964


Overfull \vbox (126.48618pt too high) detected at line 3076

Overfull \vbox (126.48618pt too high) detected at line 3076


Package fancyhdr Warning: \headheight is too small (12.0pt): 
(fancyhdr)                Make it at least 14.0pt, for example:
(fancyhdr)                \setlength{\headheight}{14.0pt}.
(fancyhdr)                You might also make \topmargin smaller:
(fancyhdr)                \addtolength{\topmargin}{-2.0pt}.

[99 <./Book03/fig35g-eps-converted-to.pdf> <./Book03/fig35e-eps-converted-to.pd
f>]

Package fancyhdr Warning: \headheight is too small (12.0pt): 
(fancyhdr)                Make it at least 14.0pt, for example:
(fancyhdr)                \setlength{\headheight}{14.0pt}.
(fancyhdr)                You might also make \topmargin smaller:
(fancyhdr)                \addtolength{\topmargin}{-2.0pt}.

[100 <./Book03/fig36g-eps-converted-to.pdf> <./Book03/fig36e-eps-converted-to.p
df>]
Underfull \hbox (badness 10000) in paragraph at lines 3099--3100


Underfull \hbox (badness 10000) in paragraph at lines 3099--3100


Overfull \vbox (122.87245pt too high) detected at line 3174

Overfull \vbox (122.87245pt too high) detected at line 3174


Package fancyhdr Warning: \headheight is too small (12.0pt): 
(fancyhdr)                Make it at least 14.0pt, for example:
(fancyhdr)                \setlength{\headheight}{14.0pt}.
(fancyhdr)                You might also make \topmargin smaller:
(fancyhdr)                \addtolength{\topmargin}{-2.0pt}.

[101 <./Book03/fig37g-eps-converted-to.pdf> <./Book03/fig37e-eps-converted-to.p
df>]

Package fancyhdr Warning: \headheight is too small (12.0pt): 
(fancyhdr)                Make it at least 14.0pt, for example:
(fancyhdr)                \setlength{\headheight}{14.0pt}.
(fancyhdr)                You might also make \topmargin smaller:
(fancyhdr)                \addtolength{\topmargin}{-2.0pt}.

[102])
[103] (./Book04/Book4.tex
[104]
Underfull \hbox (badness 10000) in paragraph at lines 101--102


Overfull \vbox (155.39374pt too high) detected at line 150

Overfull \vbox (155.39374pt too high) detected at line 150


Package fancyhdr Warning: \headheight is too small (12.0pt): 
(fancyhdr)                Make it at least 14.0pt, for example:
(fancyhdr)                \setlength{\headheight}{14.0pt}.
(fancyhdr)                You might also make \topmargin smaller:
(fancyhdr)                \addtolength{\topmargin}{-2.0pt}.

[105 <./Book04/fig01g-eps-converted-to.pdf> <./Book04/fig01e-eps-converted-to.p
df>]
Overfull \vbox (140.93996pt too high) detected at line 224

Overfull \vbox (140.93996pt too high) detected at line 224

Overfull \vbox (126.48618pt too high) detected at line 315

Overfull \vbox (126.48618pt too high) detected at line 315


Package fancyhdr Warning: \headheight is too small (12.0pt): 
(fancyhdr)                Make it at least 14.0pt, for example:
(fancyhdr)                \setlength{\headheight}{14.0pt}.
(fancyhdr)                You might also make \topmargin smaller:
(fancyhdr)                \addtolength{\topmargin}{-2.0pt}.

[106 <./Book04/fig02g-eps-converted-to.pdf> <./Book04/fig02e-eps-converted-to.p
df>]
Overfull \vbox (140.93996pt too high) detected at line 398

Overfull \vbox (140.93996pt too high) detected at line 398


Package fancyhdr Warning: \headheight is too small (12.0pt): 
(fancyhdr)                Make it at least 14.0pt, for example:
(fancyhdr)                \setlength{\headheight}{14.0pt}.
(fancyhdr)                You might also make \topmargin smaller:
(fancyhdr)                \addtolength{\topmargin}{-2.0pt}.

[107 <./Book04/fig03g-eps-converted-to.pdf> <./Book04/fig03e-eps-converted-to.p
df>]
Overfull \vbox (72.28368pt too high) detected at line 495

Overfull \vbox (72.28368pt too high) detected at line 495


Package fancyhdr Warning: \headheight is too small (12.0pt): 
(fancyhdr)                Make it at least 14.0pt, for example:
(fancyhdr)                \setlength{\headheight}{14.0pt}.
(fancyhdr)                You might also make \topmargin smaller:
(fancyhdr)                \addtolength{\topmargin}{-2.0pt}.

[108 <./Book04/fig04g-eps-converted-to.pdf> <./Book04/fig04e-eps-converted-to.p
df>]
Underfull \hbox (badness 10000) in paragraph at lines 513--514


Overfull \vbox (155.39374pt too high) detected at line 558

Overfull \vbox (155.39374pt too high) detected at line 558


Package fancyhdr Warning: \headheight is too small (12.0pt): 
(fancyhdr)                Make it at least 14.0pt, for example:
(fancyhdr)                \setlength{\headheight}{14.0pt}.
(fancyhdr)                You might also make \topmargin smaller:
(fancyhdr)                \addtolength{\topmargin}{-2.0pt}.

[109 <./Book04/fig05g-eps-converted-to.pdf> <./Book04/fig05e-eps-converted-to.p
df>]
Overfull \vbox (155.39374pt too high) detected at line 641

Overfull \vbox (155.39374pt too high) detected at line 641


Package fancyhdr Warning: \headheight is too small (12.0pt): 
(fancyhdr)                Make it at least 14.0pt, for example:
(fancyhdr)                \setlength{\headheight}{14.0pt}.
(fancyhdr)                You might also make \topmargin smaller:
(fancyhdr)                \addtolength{\topmargin}{-2.0pt}.

[110 <./Book04/fig06g-eps-converted-to.pdf> <./Book04/fig06e-eps-converted-to.p
df>]
Overfull \vbox (155.39374pt too high) detected at line 721

Overfull \vbox (155.39374pt too high) detected at line 721


Package fancyhdr Warning: \headheight is too small (12.0pt): 
(fancyhdr)                Make it at least 14.0pt, for example:
(fancyhdr)                \setlength{\headheight}{14.0pt}.
(fancyhdr)                You might also make \topmargin smaller:
(fancyhdr)                \addtolength{\topmargin}{-2.0pt}.

[111 <./Book04/fig07g-eps-converted-to.pdf> <./Book04/fig07e-eps-converted-to.p
df>]
Underfull \hbox (badness 10000) in paragraph at lines 771--772


Overfull \vbox (155.39374pt too high) detected at line 789

Overfull \vbox (155.39374pt too high) detected at line 789


Package fancyhdr Warning: \headheight is too small (12.0pt): 
(fancyhdr)                Make it at least 14.0pt, for example:
(fancyhdr)                \setlength{\headheight}{14.0pt}.
(fancyhdr)                You might also make \topmargin smaller:
(fancyhdr)                \addtolength{\topmargin}{-2.0pt}.

[112 <./Book04/fig08g-eps-converted-to.pdf> <./Book04/fig08e-eps-converted-to.p
df>]
Overfull \vbox (155.39374pt too high) detected at line 894

Overfull \vbox (155.39374pt too high) detected at line 894


Package fancyhdr Warning: \headheight is too small (12.0pt): 
(fancyhdr)                Make it at least 14.0pt, for example:
(fancyhdr)                \setlength{\headheight}{14.0pt}.
(fancyhdr)                You might also make \topmargin smaller:
(fancyhdr)                \addtolength{\topmargin}{-2.0pt}.

[113 <./Book04/fig10g-eps-converted-to.pdf> <./Book04/fig10e-eps-converted-to.p
df>]
Overfull \vbox (126.48618pt too high) detected at line 984

Overfull \vbox (126.48618pt too high) detected at line 984


Package fancyhdr Warning: \headheight is too small (12.0pt): 
(fancyhdr)                Make it at least 14.0pt, for example:
(fancyhdr)                \setlength{\headheight}{14.0pt}.
(fancyhdr)                You might also make \topmargin smaller:
(fancyhdr)                \addtolength{\topmargin}{-2.0pt}.

[114]
Overfull \vbox (140.93996pt too high) detected at line 1123

Overfull \vbox (140.93996pt too high) detected at line 1123


Package fancyhdr Warning: \headheight is too small (12.0pt): 
(fancyhdr)                Make it at least 14.0pt, for example:
(fancyhdr)                \setlength{\headheight}{14.0pt}.
(fancyhdr)                You might also make \topmargin smaller:
(fancyhdr)                \addtolength{\topmargin}{-2.0pt}.

[115 <./Book04/fig11g-eps-converted-to.pdf> <./Book04/fig11e-eps-converted-to.p
df>]

Package fancyhdr Warning: \headheight is too small (12.0pt): 
(fancyhdr)                Make it at least 14.0pt, for example:
(fancyhdr)                \setlength{\headheight}{14.0pt}.
(fancyhdr)                You might also make \topmargin smaller:
(fancyhdr)                \addtolength{\topmargin}{-2.0pt}.

[116 <./Book04/fig12g-eps-converted-to.pdf> <./Book04/fig12e-eps-converted-to.p
df>]
Underfull \hbox (badness 10000) in paragraph at lines 1182--1183


Underfull \hbox (badness 10000) in paragraph at lines 1182--1183


Underfull \hbox (badness 10000) in paragraph at lines 1182--1183


Overfull \vbox (155.39374pt too high) detected at line 1249

Overfull \vbox (155.39374pt too high) detected at line 1249


Package fancyhdr Warning: \headheight is too small (12.0pt): 
(fancyhdr)                Make it at least 14.0pt, for example:
(fancyhdr)                \setlength{\headheight}{14.0pt}.
(fancyhdr)                You might also make \topmargin smaller:
(fancyhdr)                \addtolength{\topmargin}{-2.0pt}.

[117]
Overfull \vbox (155.39374pt too high) detected at line 1326

Overfull \vbox (155.39374pt too high) detected at line 1326


Package fancyhdr Warning: \headheight is too small (12.0pt): 
(fancyhdr)                Make it at least 14.0pt, for example:
(fancyhdr)                \setlength{\headheight}{14.0pt}.
(fancyhdr)                You might also make \topmargin smaller:
(fancyhdr)                \addtolength{\topmargin}{-2.0pt}.

[118 <./Book04/fig13g-eps-converted-to.pdf> <./Book04/fig13e-eps-converted-to.p
df>]
Underfull \hbox (badness 10000) in paragraph at lines 1349--1350


Underfull \hbox (badness 10000) in paragraph at lines 1390--1391


Underfull \hbox (badness 10000) in paragraph at lines 1390--1391


Underfull \hbox (badness 10000) in paragraph at lines 1390--1391


Underfull \hbox (badness 10000) in paragraph at lines 1390--1391


Underfull \hbox (badness 10000) in paragraph at lines 1390--1391


Underfull \hbox (badness 10000) in paragraph at lines 1463--1465


Overfull \vbox (169.84752pt too high) detected at line 1479

Overfull \vbox (169.84752pt too high) detected at line 1479


Package fancyhdr Warning: \headheight is too small (12.0pt): 
(fancyhdr)                Make it at least 14.0pt, for example:
(fancyhdr)                \setlength{\headheight}{14.0pt}.
(fancyhdr)                You might also make \topmargin smaller:
(fancyhdr)                \addtolength{\topmargin}{-2.0pt}.

[119 <./Book04/fig14g-eps-converted-to.pdf> <./Book04/fig14e-eps-converted-to.p
df>]

Package fancyhdr Warning: \headheight is too small (12.0pt): 
(fancyhdr)                Make it at least 14.0pt, for example:
(fancyhdr)                \setlength{\headheight}{14.0pt}.
(fancyhdr)                You might also make \topmargin smaller:
(fancyhdr)                \addtolength{\topmargin}{-2.0pt}.

[120 <./Book04/fig15g-eps-converted-to.pdf> <./Book04/fig15e-eps-converted-to.p
df>]
Overfull \vbox (155.39374pt too high) detected at line 1561

Overfull \vbox (155.39374pt too high) detected at line 1561


Package fancyhdr Warning: \headheight is too small (12.0pt): 
(fancyhdr)                Make it at least 14.0pt, for example:
(fancyhdr)                \setlength{\headheight}{14.0pt}.
(fancyhdr)                You might also make \topmargin smaller:
(fancyhdr)                \addtolength{\topmargin}{-2.0pt}.

[121 <./Book04/fig16g-eps-converted-to.pdf> <./Book04/fig16e-eps-converted-to.p
df>])

Package fancyhdr Warning: \headheight is too small (12.0pt): 
(fancyhdr)                Make it at least 14.0pt, for example:
(fancyhdr)                \setlength{\headheight}{14.0pt}.
(fancyhdr)                You might also make \topmargin smaller:
(fancyhdr)                \addtolength{\topmargin}{-2.0pt}.

[122] (./Book05/Book5.tex
[123]
Overfull \hbox (5.03511pt too wide) in paragraph at lines 136--137
[]\OT1/txr/m/n/10 8. And a pro-por-tion in three terms is the small-est (possib
le).$[]$ 


Package fancyhdr Warning: \headheight is too small (12.0pt): 
(fancyhdr)                Make it at least 14.0pt, for example:
(fancyhdr)                \setlength{\headheight}{14.0pt}.
(fancyhdr)                You might also make \topmargin smaller:
(fancyhdr)                \addtolength{\topmargin}{-2.0pt}.

[124]
Underfull \hbox (badness 10000) in paragraph at lines 233--234


Underfull \hbox (badness 10000) in paragraph at lines 233--234


Underfull \hbox (badness 10000) in paragraph at lines 233--234


Overfull \vbox (39.76239pt too high) detected at line 285

Overfull \vbox (39.76239pt too high) detected at line 285


Package fancyhdr Warning: \headheight is too small (12.0pt): 
(fancyhdr)                Make it at least 14.0pt, for example:
(fancyhdr)                \setlength{\headheight}{14.0pt}.
(fancyhdr)                You might also make \topmargin smaller:
(fancyhdr)                \addtolength{\topmargin}{-2.0pt}.

[125]
Underfull \hbox (badness 10000) in paragraph at lines 319--320


Underfull \hbox (badness 10000) in paragraph at lines 319--320


Underfull \hbox (badness 10000) in paragraph at lines 319--320


Underfull \hbox (badness 10000) in paragraph at lines 319--320


Underfull \hbox (badness 10000) in paragraph at lines 319--320


Underfull \hbox (badness 10000) in paragraph at lines 319--320


Underfull \hbox (badness 10000) in paragraph at lines 319--320


Underfull \hbox (badness 10000) in paragraph at lines 319--320


Underfull \hbox (badness 10000) in paragraph at lines 319--320


Overfull \vbox (104.80496pt too high) detected at line 366

Overfull \vbox (104.80496pt too high) detected at line 366


Package fancyhdr Warning: \headheight is too small (12.0pt): 
(fancyhdr)                Make it at least 14.0pt, for example:
(fancyhdr)                \setlength{\headheight}{14.0pt}.
(fancyhdr)                You might also make \topmargin smaller:
(fancyhdr)                \addtolength{\topmargin}{-2.0pt}.

[126 <./Book05/fig01g-eps-converted-to.pdf> <./Book05/fig01e-eps-converted-to.p
df>]
Underfull \hbox (badness 10000) in paragraph at lines 404--405


Underfull \hbox (badness 10000) in paragraph at lines 404--405


Underfull \hbox (badness 10000) in paragraph at lines 404--405


Underfull \hbox (badness 10000) in paragraph at lines 404--405


Underfull \hbox (badness 10000) in paragraph at lines 404--405


Underfull \hbox (badness 10000) in paragraph at lines 404--405


Overfull \vbox (140.93996pt too high) detected at line 448

Overfull \vbox (140.93996pt too high) detected at line 448


Package fancyhdr Warning: \headheight is too small (12.0pt): 
(fancyhdr)                Make it at least 14.0pt, for example:
(fancyhdr)                \setlength{\headheight}{14.0pt}.
(fancyhdr)                You might also make \topmargin smaller:
(fancyhdr)                \addtolength{\topmargin}{-2.0pt}.

[127 <./Book05/fig02e-eps-converted-to.pdf> <./Book05/fig02g-eps-converted-to.p
df>]
Underfull \hbox (badness 10000) in paragraph at lines 490--491


Underfull \hbox (badness 10000) in paragraph at lines 490--491


Underfull \hbox (badness 10000) in paragraph at lines 490--491


Underfull \hbox (badness 10000) in paragraph at lines 490--491


Overfull \vbox (213.20996pt too high) detected at line 535

Overfull \vbox (213.20996pt too high) detected at line 535


Package fancyhdr Warning: \headheight is too small (12.0pt): 
(fancyhdr)                Make it at least 14.0pt, for example:
(fancyhdr)                \setlength{\headheight}{14.0pt}.
(fancyhdr)                You might also make \topmargin smaller:
(fancyhdr)                \addtolength{\topmargin}{-2.0pt}.

[128 <./Book05/fig03g-eps-converted-to.pdf> <./Book05/fig03e-eps-converted-to.p
df>]
Underfull \hbox (badness 10000) in paragraph at lines 552--553


Underfull \hbox (badness 10000) in paragraph at lines 552--553


Overfull \vbox (46.98874pt too high) detected at line 622

Overfull \vbox (46.98874pt too high) detected at line 622


Package fancyhdr Warning: \headheight is too small (12.0pt): 
(fancyhdr)                Make it at least 14.0pt, for example:
(fancyhdr)                \setlength{\headheight}{14.0pt}.
(fancyhdr)                You might also make \topmargin smaller:
(fancyhdr)                \addtolength{\topmargin}{-2.0pt}.

[129 <./Book05/fig04g-eps-converted-to.pdf> <./Book05/fig04e-eps-converted-to.p
df>]
Underfull \hbox (badness 10000) in paragraph at lines 643--644


Underfull \hbox (badness 10000) in paragraph at lines 643--644


Underfull \hbox (badness 10000) in paragraph at lines 643--644


Overfull \vbox (126.48618pt too high) detected at line 699

Overfull \vbox (126.48618pt too high) detected at line 699


Package fancyhdr Warning: \headheight is too small (12.0pt): 
(fancyhdr)                Make it at least 14.0pt, for example:
(fancyhdr)                \setlength{\headheight}{14.0pt}.
(fancyhdr)                You might also make \topmargin smaller:
(fancyhdr)                \addtolength{\topmargin}{-2.0pt}.

[130 <./Book05/fig05g-eps-converted-to.pdf> <./Book05/fig05e-eps-converted-to.p
df>]
Underfull \hbox (badness 10000) in paragraph at lines 718--719


Underfull \hbox (badness 10000) in paragraph at lines 746--747


Underfull \hbox (badness 10000) in paragraph at lines 746--747


Underfull \hbox (badness 10000) in paragraph at lines 746--747


Underfull \hbox (badness 10000) in paragraph at lines 746--747


Underfull \hbox (badness 10000) in paragraph at lines 789--792


Overfull \vbox (50.60246pt too high) detected at line 800

Overfull \vbox (50.60246pt too high) detected at line 800


Package fancyhdr Warning: \headheight is too small (12.0pt): 
(fancyhdr)                Make it at least 14.0pt, for example:
(fancyhdr)                \setlength{\headheight}{14.0pt}.
(fancyhdr)                You might also make \topmargin smaller:
(fancyhdr)                \addtolength{\topmargin}{-2.0pt}.

[131 <./Book05/fig06g-eps-converted-to.pdf> <./Book05/fig06e-eps-converted-to.p
df> <./Book05/fig07g-eps-converted-to.pdf> <./Book05/fig07e-eps-converted-to.pd
f>]
Underfull \hbox (badness 10000) in paragraph at lines 821--822


Overfull \vbox (126.48618pt too high) detected at line 946

Overfull \vbox (126.48618pt too high) detected at line 946


Package fancyhdr Warning: \headheight is too small (12.0pt): 
(fancyhdr)                Make it at least 14.0pt, for example:
(fancyhdr)                \setlength{\headheight}{14.0pt}.
(fancyhdr)                You might also make \topmargin smaller:
(fancyhdr)                \addtolength{\topmargin}{-2.0pt}.

[132 <./Book05/fig08g-eps-converted-to.pdf> <./Book05/fig08e-eps-converted-to.p
df>]

Package fancyhdr Warning: \headheight is too small (12.0pt): 
(fancyhdr)                Make it at least 14.0pt, for example:
(fancyhdr)                \setlength{\headheight}{14.0pt}.
(fancyhdr)                You might also make \topmargin smaller:
(fancyhdr)                \addtolength{\topmargin}{-2.0pt}.

[133]
Overfull \vbox (32.53496pt too high) detected at line 1001

Overfull \vbox (32.53496pt too high) detected at line 1001

Underfull \hbox (badness 10000) in paragraph at lines 1014--1015


Overfull \vbox (32.53496pt too high) detected at line 1077

Overfull \vbox (32.53496pt too high) detected at line 1077


Package fancyhdr Warning: \headheight is too small (12.0pt): 
(fancyhdr)                Make it at least 14.0pt, for example:
(fancyhdr)                \setlength{\headheight}{14.0pt}.
(fancyhdr)                You might also make \topmargin smaller:
(fancyhdr)                \addtolength{\topmargin}{-2.0pt}.

[134 <./Book05/fig09g-eps-converted-to.pdf> <./Book05/fig09e-eps-converted-to.p
df> <./Book05/fig10g-eps-converted-to.pdf> <./Book05/fig10e-eps-converted-to.pd
f>]
Overfull \vbox (50.60246pt too high) detected at line 1155

Overfull \vbox (50.60246pt too high) detected at line 1155

Underfull \hbox (badness 10000) in paragraph at lines 1169--1170


Overfull \vbox (90.35118pt too high) detected at line 1239

Overfull \vbox (90.35118pt too high) detected at line 1239


Package fancyhdr Warning: \headheight is too small (12.0pt): 
(fancyhdr)                Make it at least 14.0pt, for example:
(fancyhdr)                \setlength{\headheight}{14.0pt}.
(fancyhdr)                You might also make \topmargin smaller:
(fancyhdr)                \addtolength{\topmargin}{-2.0pt}.

[135 <./Book05/fig11g-eps-converted-to.pdf> <./Book05/fig11e-eps-converted-to.p
df>]
Underfull \hbox (badness 10000) in paragraph at lines 1257--1258


Overfull \vbox (43.37502pt too high) detected at line 1330

Overfull \vbox (43.37502pt too high) detected at line 1330


Package fancyhdr Warning: \headheight is too small (12.0pt): 
(fancyhdr)                Make it at least 14.0pt, for example:
(fancyhdr)                \setlength{\headheight}{14.0pt}.
(fancyhdr)                You might also make \topmargin smaller:
(fancyhdr)                \addtolength{\topmargin}{-2.0pt}.

[136 <./Book05/fig12g-eps-converted-to.pdf> <./Book05/fig12e-eps-converted-to.p
df>]
Underfull \hbox (badness 10000) in paragraph at lines 1346--1347


Underfull \hbox (badness 10000) in paragraph at lines 1346--1347


Underfull \hbox (badness 10000) in paragraph at lines 1346--1347


Overfull \vbox (32.53496pt too high) detected at line 1404

Overfull \vbox (32.53496pt too high) detected at line 1404


Package fancyhdr Warning: \headheight is too small (12.0pt): 
(fancyhdr)                Make it at least 14.0pt, for example:
(fancyhdr)                \setlength{\headheight}{14.0pt}.
(fancyhdr)                You might also make \topmargin smaller:
(fancyhdr)                \addtolength{\topmargin}{-2.0pt}.

[137 <./Book05/fig13g-eps-converted-to.pdf> <./Book05/fig13e-eps-converted-to.p
df> <./Book05/fig14g-eps-converted-to.pdf> <./Book05/fig14e-eps-converted-to.pd
f>]
Overfull \vbox (54.21617pt too high) detected at line 1477

Overfull \vbox (54.21617pt too high) detected at line 1477


Package fancyhdr Warning: \headheight is too small (12.0pt): 
(fancyhdr)                Make it at least 14.0pt, for example:
(fancyhdr)                \setlength{\headheight}{14.0pt}.
(fancyhdr)                You might also make \topmargin smaller:
(fancyhdr)                \addtolength{\topmargin}{-2.0pt}.

[138 <./Book05/fig15g-eps-converted-to.pdf> <./Book05/fig15e-eps-converted-to.p
df>]
Underfull \hbox (badness 10000) in paragraph at lines 1499--1500


Overfull \vbox (68.66995pt too high) detected at line 1561

Overfull \vbox (68.66995pt too high) detected at line 1561

Overfull \vbox (68.66995pt too high) detected at line 1669

Overfull \vbox (68.66995pt too high) detected at line 1669


Package fancyhdr Warning: \headheight is too small (12.0pt): 
(fancyhdr)                Make it at least 14.0pt, for example:
(fancyhdr)                \setlength{\headheight}{14.0pt}.
(fancyhdr)                You might also make \topmargin smaller:
(fancyhdr)                \addtolength{\topmargin}{-2.0pt}.

[139 <./Book05/fig16g-eps-converted-to.pdf> <./Book05/fig16e-eps-converted-to.p
df>]
Overfull \vbox (46.98874pt too high) detected at line 1745

Overfull \vbox (46.98874pt too high) detected at line 1745


Package fancyhdr Warning: \headheight is too small (12.0pt): 
(fancyhdr)                Make it at least 14.0pt, for example:
(fancyhdr)                \setlength{\headheight}{14.0pt}.
(fancyhdr)                You might also make \topmargin smaller:
(fancyhdr)                \addtolength{\topmargin}{-2.0pt}.

[140 <./Book05/fig17g-eps-converted-to.pdf> <./Book05/fig17e-eps-converted-to.p
df>]
Underfull \hbox (badness 10000) in paragraph at lines 1765--1766


Underfull \hbox (badness 10000) in paragraph at lines 1791--1792


Underfull \hbox (badness 10000) in paragraph at lines 1791--1792


Underfull \hbox (badness 10000) in paragraph at lines 1832--1836


Overfull \vbox (39.76239pt too high) detected at line 1844

Overfull \vbox (39.76239pt too high) detected at line 1844


Package fancyhdr Warning: \headheight is too small (12.0pt): 
(fancyhdr)                Make it at least 14.0pt, for example:
(fancyhdr)                \setlength{\headheight}{14.0pt}.
(fancyhdr)                You might also make \topmargin smaller:
(fancyhdr)                \addtolength{\topmargin}{-2.0pt}.

[141 <./Book05/fig18g-eps-converted-to.pdf> <./Book05/fig18e-eps-converted-to.p
df> <./Book05/fig19g-eps-converted-to.pdf> <./Book05/fig19e-eps-converted-to.pd
f>]
Underfull \hbox (badness 10000) in paragraph at lines 1865--1866


Underfull \hbox (badness 10000) in paragraph at lines 1865--1866


Underfull \hbox (badness 10000) in paragraph at lines 1865--1866


Overfull \vbox (46.98874pt too high) detected at line 1939

Overfull \vbox (46.98874pt too high) detected at line 1939


Package fancyhdr Warning: \headheight is too small (12.0pt): 
(fancyhdr)                Make it at least 14.0pt, for example:
(fancyhdr)                \setlength{\headheight}{14.0pt}.
(fancyhdr)                You might also make \topmargin smaller:
(fancyhdr)                \addtolength{\topmargin}{-2.0pt}.

[142 <./Book05/fig20g-eps-converted-to.pdf> <./Book05/fig20e-eps-converted-to.p
df>]
Underfull \hbox (badness 10000) in paragraph at lines 1956--1957


Underfull \hbox (badness 10000) in paragraph at lines 1956--1957


Underfull \hbox (badness 10000) in paragraph at lines 1956--1957


Overfull \vbox (46.98874pt too high) detected at line 2024

Overfull \vbox (46.98874pt too high) detected at line 2024


Package fancyhdr Warning: \headheight is too small (12.0pt): 
(fancyhdr)                Make it at least 14.0pt, for example:
(fancyhdr)                \setlength{\headheight}{14.0pt}.
(fancyhdr)                You might also make \topmargin smaller:
(fancyhdr)                \addtolength{\topmargin}{-2.0pt}.

[143 <./Book05/fig21g-eps-converted-to.pdf> <./Book05/fig21e-eps-converted-to.p
df>]
Underfull \hbox (badness 10000) in paragraph at lines 2040--2041


Overfull \vbox (38.31668pt too high) detected at line 2119

Overfull \vbox (38.31668pt too high) detected at line 2119

Underfull \hbox (badness 10000) in paragraph at lines 2137--2138


Overfull \vbox (50.60246pt too high) detected at line 2228

Overfull \vbox (50.60246pt too high) detected at line 2228


Package fancyhdr Warning: \headheight is too small (12.0pt): 
(fancyhdr)                Make it at least 14.0pt, for example:
(fancyhdr)                \setlength{\headheight}{14.0pt}.
(fancyhdr)                You might also make \topmargin smaller:
(fancyhdr)                \addtolength{\topmargin}{-2.0pt}.

[144 <./Book05/fig22g-eps-converted-to.pdf> <./Book05/fig22e-eps-converted-to.p
df>]
Underfull \hbox (badness 10000) in paragraph at lines 2253--2254


Underfull \hbox (badness 10000) in paragraph at lines 2253--2254


Overfull \vbox (97.57751pt too high) detected at line 2311

Overfull \vbox (97.57751pt too high) detected at line 2311


Package fancyhdr Warning: \headheight is too small (12.0pt): 
(fancyhdr)                Make it at least 14.0pt, for example:
(fancyhdr)                \setlength{\headheight}{14.0pt}.
(fancyhdr)                You might also make \topmargin smaller:
(fancyhdr)                \addtolength{\topmargin}{-2.0pt}.

[145 <./Book05/fig23g-eps-converted-to.pdf> <./Book05/fig23e-eps-converted-to.p
df>]
Underfull \hbox (badness 10000) in paragraph at lines 2326--2327


Overfull \vbox (97.57751pt too high) detected at line 2386

Overfull \vbox (97.57751pt too high) detected at line 2386


Package fancyhdr Warning: \headheight is too small (12.0pt): 
(fancyhdr)                Make it at least 14.0pt, for example:
(fancyhdr)                \setlength{\headheight}{14.0pt}.
(fancyhdr)                You might also make \topmargin smaller:
(fancyhdr)                \addtolength{\topmargin}{-2.0pt}.

[146 <./Book05/fig24g-eps-converted-to.pdf> <./Book05/fig24e-eps-converted-to.p
df>]

Package fancyhdr Warning: \headheight is too small (12.0pt): 
(fancyhdr)                Make it at least 14.0pt, for example:
(fancyhdr)                \setlength{\headheight}{14.0pt}.
(fancyhdr)                You might also make \topmargin smaller:
(fancyhdr)                \addtolength{\topmargin}{-2.0pt}.

[147 <./Book05/fig25g-eps-converted-to.pdf> <./Book05/fig25e-eps-converted-to.p
df>])
[148] (./Book06/Book6.tex
[149]
Overfull \vbox (140.93996pt too high) detected at line 165

Overfull \vbox (140.93996pt too high) detected at line 165


Package fancyhdr Warning: \headheight is too small (12.0pt): 
(fancyhdr)                Make it at least 14.0pt, for example:
(fancyhdr)                \setlength{\headheight}{14.0pt}.
(fancyhdr)                You might also make \topmargin smaller:
(fancyhdr)                \addtolength{\topmargin}{-2.0pt}.

[150 <./Book06/fig01g-eps-converted-to.pdf> <./Book06/fig01e-eps-converted-to.p
df>]
Overfull \vbox (140.93996pt too high) detected at line 275

Overfull \vbox (140.93996pt too high) detected at line 275


Package fancyhdr Warning: \headheight is too small (12.0pt): 
(fancyhdr)                Make it at least 14.0pt, for example:
(fancyhdr)                \setlength{\headheight}{14.0pt}.
(fancyhdr)                You might also make \topmargin smaller:
(fancyhdr)                \addtolength{\topmargin}{-2.0pt}.

[151 <./Book06/fig02g-eps-converted-to.pdf>]
Underfull \hbox (badness 10000) in paragraph at lines 315--316


Underfull \hbox (badness 10000) in paragraph at lines 315--316


Overfull \vbox (140.93996pt too high) detected at line 399

Overfull \vbox (140.93996pt too high) detected at line 399


Package fancyhdr Warning: \headheight is too small (12.0pt): 
(fancyhdr)                Make it at least 14.0pt, for example:
(fancyhdr)                \setlength{\headheight}{14.0pt}.
(fancyhdr)                You might also make \topmargin smaller:
(fancyhdr)                \addtolength{\topmargin}{-2.0pt}.

[152 <./Book06/fig02e-eps-converted-to.pdf>]

Package fancyhdr Warning: \headheight is too small (12.0pt): 
(fancyhdr)                Make it at least 14.0pt, for example:
(fancyhdr)                \setlength{\headheight}{14.0pt}.
(fancyhdr)                You might also make \topmargin smaller:
(fancyhdr)                \addtolength{\topmargin}{-2.0pt}.

[153 <./Book06/fig03g-eps-converted-to.pdf> <./Book06/fig03e-eps-converted-to.p
df>]
Overfull \vbox (155.39374pt too high) detected at line 496

Overfull \vbox (155.39374pt too high) detected at line 496


Package fancyhdr Warning: \headheight is too small (12.0pt): 
(fancyhdr)                Make it at least 14.0pt, for example:
(fancyhdr)                \setlength{\headheight}{14.0pt}.
(fancyhdr)                You might also make \topmargin smaller:
(fancyhdr)                \addtolength{\topmargin}{-2.0pt}.

[154 <./Book06/fig04g-eps-converted-to.pdf> <./Book06/fig04e-eps-converted-to.p
df>]
Overfull \vbox (155.39374pt too high) detected at line 603

Overfull \vbox (155.39374pt too high) detected at line 603


Package fancyhdr Warning: \headheight is too small (12.0pt): 
(fancyhdr)                Make it at least 14.0pt, for example:
(fancyhdr)                \setlength{\headheight}{14.0pt}.
(fancyhdr)                You might also make \topmargin smaller:
(fancyhdr)                \addtolength{\topmargin}{-2.0pt}.

[155 <./Book06/fig05g-eps-converted-to.pdf> <./Book06/fig05e-eps-converted-to.p
df>]
Overfull \vbox (155.39374pt too high) detected at line 694

Overfull \vbox (155.39374pt too high) detected at line 694


Package fancyhdr Warning: \headheight is too small (12.0pt): 
(fancyhdr)                Make it at least 14.0pt, for example:
(fancyhdr)                \setlength{\headheight}{14.0pt}.
(fancyhdr)                You might also make \topmargin smaller:
(fancyhdr)                \addtolength{\topmargin}{-2.0pt}.

[156 <./Book06/fig06g-eps-converted-to.pdf> <./Book06/fig06e-eps-converted-to.p
df>]
Underfull \hbox (badness 10000) in paragraph at lines 719--720


Overfull \vbox (155.39374pt too high) detected at line 828

Overfull \vbox (155.39374pt too high) detected at line 828


Package fancyhdr Warning: \headheight is too small (12.0pt): 
(fancyhdr)                Make it at least 14.0pt, for example:
(fancyhdr)                \setlength{\headheight}{14.0pt}.
(fancyhdr)                You might also make \topmargin smaller:
(fancyhdr)                \addtolength{\topmargin}{-2.0pt}.

[157 <./Book06/fig07g-eps-converted-to.pdf> <./Book06/fig07e-eps-converted-to.p
df>]
Underfull \hbox (badness 10000) in paragraph at lines 847--848


Underfull \hbox (badness 10000) in paragraph at lines 886--887


Underfull \hbox (badness 10000) in paragraph at lines 886--887


Underfull \hbox (badness 10000) in paragraph at lines 886--887


Underfull \hbox (badness 10000) in paragraph at lines 886--887


Underfull \hbox (badness 10000) in paragraph at lines 944--948


Overfull \vbox (140.93996pt too high) detected at line 957

Overfull \vbox (140.93996pt too high) detected at line 957


Package fancyhdr Warning: \headheight is too small (12.0pt): 
(fancyhdr)                Make it at least 14.0pt, for example:
(fancyhdr)                \setlength{\headheight}{14.0pt}.
(fancyhdr)                You might also make \topmargin smaller:
(fancyhdr)                \addtolength{\topmargin}{-2.0pt}.

[158]

Package fancyhdr Warning: \headheight is too small (12.0pt): 
(fancyhdr)                Make it at least 14.0pt, for example:
(fancyhdr)                \setlength{\headheight}{14.0pt}.
(fancyhdr)                You might also make \topmargin smaller:
(fancyhdr)                \addtolength{\topmargin}{-2.0pt}.

[159 <./Book06/fig08g-eps-converted-to.pdf> <./Book06/fig08e-eps-converted-to.p
df>]
Overfull \vbox (126.48618pt too high) detected at line 1019

Overfull \vbox (126.48618pt too high) detected at line 1019

Underfull \hbox (badness 10000) in paragraph at lines 1038--1039


Overfull \vbox (155.39374pt too high) detected at line 1091

Overfull \vbox (155.39374pt too high) detected at line 1091


Package fancyhdr Warning: \headheight is too small (12.0pt): 
(fancyhdr)                Make it at least 14.0pt, for example:
(fancyhdr)                \setlength{\headheight}{14.0pt}.
(fancyhdr)                You might also make \topmargin smaller:
(fancyhdr)                \addtolength{\topmargin}{-2.0pt}.

[160 <./Book06/fig09g-eps-converted-to.pdf> <./Book06/fig09e-eps-converted-to.p
df>]
Underfull \hbox (badness 10000) in paragraph at lines 1110--1111


Underfull \hbox (badness 10000) in paragraph at lines 1110--1111


Underfull \hbox (badness 10000) in paragraph at lines 1110--1111


Overfull \vbox (177.07495pt too high) detected at line 1148

Overfull \vbox (177.07495pt too high) detected at line 1148


Package fancyhdr Warning: \headheight is too small (12.0pt): 
(fancyhdr)                Make it at least 14.0pt, for example:
(fancyhdr)                \setlength{\headheight}{14.0pt}.
(fancyhdr)                You might also make \topmargin smaller:
(fancyhdr)                \addtolength{\topmargin}{-2.0pt}.

[161 <./Book06/fig10g-eps-converted-to.pdf> <./Book06/fig10e-eps-converted-to.p
df>]
Underfull \hbox (badness 10000) in paragraph at lines 1160--1161


Overfull \vbox (155.39374pt too high) detected at line 1207

Overfull \vbox (155.39374pt too high) detected at line 1207


Package fancyhdr Warning: \headheight is too small (12.0pt): 
(fancyhdr)                Make it at least 14.0pt, for example:
(fancyhdr)                \setlength{\headheight}{14.0pt}.
(fancyhdr)                You might also make \topmargin smaller:
(fancyhdr)                \addtolength{\topmargin}{-2.0pt}.

[162 <./Book06/fig11g-eps-converted-to.pdf> <./Book06/fig11e-eps-converted-to.p
df> <./Book06/fig12g-eps-converted-to.pdf> <./Book06/fig12e-eps-converted-to.pd
f>]
Underfull \hbox (badness 10000) in paragraph at lines 1219--1220


Overfull \vbox (104.80496pt too high) detected at line 1266

Overfull \vbox (104.80496pt too high) detected at line 1266

Underfull \hbox (badness 10000) in paragraph at lines 1290--1291


Overfull \vbox (155.39374pt too high) detected at line 1360

Overfull \vbox (155.39374pt too high) detected at line 1360


Package fancyhdr Warning: \headheight is too small (12.0pt): 
(fancyhdr)                Make it at least 14.0pt, for example:
(fancyhdr)                \setlength{\headheight}{14.0pt}.
(fancyhdr)                You might also make \topmargin smaller:
(fancyhdr)                \addtolength{\topmargin}{-2.0pt}.

[163 <./Book06/fig13g-eps-converted-to.pdf> <./Book06/fig13e-eps-converted-to.p
df>]
Underfull \hbox (badness 10000) in paragraph at lines 1381--1382


Overfull \vbox (155.39374pt too high) detected at line 1470

Overfull \vbox (155.39374pt too high) detected at line 1470


Package fancyhdr Warning: \headheight is too small (12.0pt): 
(fancyhdr)                Make it at least 14.0pt, for example:
(fancyhdr)                \setlength{\headheight}{14.0pt}.
(fancyhdr)                You might also make \topmargin smaller:
(fancyhdr)                \addtolength{\topmargin}{-2.0pt}.

[164 <./Book06/fig14g-eps-converted-to.pdf> <./Book06/fig14e-eps-converted-to.p
df>]
Underfull \hbox (badness 10000) in paragraph at lines 1486--1487


Overfull \vbox (86.73746pt too high) detected at line 1588

Overfull \vbox (86.73746pt too high) detected at line 1588


Package fancyhdr Warning: \headheight is too small (12.0pt): 
(fancyhdr)                Make it at least 14.0pt, for example:
(fancyhdr)                \setlength{\headheight}{14.0pt}.
(fancyhdr)                You might also make \topmargin smaller:
(fancyhdr)                \addtolength{\topmargin}{-2.0pt}.

[165 <./Book06/fig15g-eps-converted-to.pdf> <./Book06/fig15e-eps-converted-to.p
df>]
Overfull \vbox (61.44252pt too high) detected at line 1693

Overfull \vbox (61.44252pt too high) detected at line 1693


Package fancyhdr Warning: \headheight is too small (12.0pt): 
(fancyhdr)                Make it at least 14.0pt, for example:
(fancyhdr)                \setlength{\headheight}{14.0pt}.
(fancyhdr)                You might also make \topmargin smaller:
(fancyhdr)                \addtolength{\topmargin}{-2.0pt}.

[166 <./Book06/fig16g-eps-converted-to.pdf> <./Book06/fig16e-eps-converted-to.p
df>]
Underfull \hbox (badness 10000) in paragraph at lines 1710--1711


Overfull \vbox (112.0324pt too high) detected at line 1785

Overfull \vbox (112.0324pt too high) detected at line 1785


Package fancyhdr Warning: \headheight is too small (12.0pt): 
(fancyhdr)                Make it at least 14.0pt, for example:
(fancyhdr)                \setlength{\headheight}{14.0pt}.
(fancyhdr)                You might also make \topmargin smaller:
(fancyhdr)                \addtolength{\topmargin}{-2.0pt}.

[167 <./Book06/fig17g-eps-converted-to.pdf> <./Book06/fig17e-eps-converted-to.p
df>]
Underfull \hbox (badness 10000) in paragraph at lines 1835--1836


Underfull \hbox (badness 10000) in paragraph at lines 1835--1836


Underfull \hbox (badness 10000) in paragraph at lines 1884--1887


Overfull \vbox (97.57751pt too high) detected at line 1896

Overfull \vbox (97.57751pt too high) detected at line 1896


Package fancyhdr Warning: \headheight is too small (12.0pt): 
(fancyhdr)                Make it at least 14.0pt, for example:
(fancyhdr)                \setlength{\headheight}{14.0pt}.
(fancyhdr)                You might also make \topmargin smaller:
(fancyhdr)                \addtolength{\topmargin}{-2.0pt}.

[168 <./Book06/fig18g-eps-converted-to.pdf> <./Book06/fig18e-eps-converted-to.p
df>]
Underfull \hbox (badness 10000) in paragraph at lines 1919--1920


Underfull \hbox (badness 10000) in paragraph at lines 1996--1997


Underfull \hbox (badness 10000) in paragraph at lines 1996--1997


Underfull \hbox (badness 10000) in paragraph at lines 1996--1997


Underfull \hbox (badness 10000) in paragraph at lines 1996--1997


Underfull \hbox (badness 10000) in paragraph at lines 1996--1997


Underfull \hbox (badness 10000) in paragraph at lines 2098--2104


Underfull \hbox (badness 10000) in paragraph at lines 2109--2113


Overfull \vbox (126.48618pt too high) detected at line 2114

Overfull \vbox (126.48618pt too high) detected at line 2114


Package fancyhdr Warning: \headheight is too small (12.0pt): 
(fancyhdr)                Make it at least 14.0pt, for example:
(fancyhdr)                \setlength{\headheight}{14.0pt}.
(fancyhdr)                You might also make \topmargin smaller:
(fancyhdr)                \addtolength{\topmargin}{-2.0pt}.

[169 <./Book06/fig19g-eps-converted-to.pdf> <./Book06/fig19e-eps-converted-to.p
df>]

Package fancyhdr Warning: \headheight is too small (12.0pt): 
(fancyhdr)                Make it at least 14.0pt, for example:
(fancyhdr)                \setlength{\headheight}{14.0pt}.
(fancyhdr)                You might also make \topmargin smaller:
(fancyhdr)                \addtolength{\topmargin}{-2.0pt}.

[170 <./Book06/fig20g-eps-converted-to.pdf> <./Book06/fig20e-eps-converted-to.p
df>]
Underfull \hbox (badness 10000) in paragraph at lines 2126--2127


Overfull \vbox (177.07495pt too high) detected at line 2165

Overfull \vbox (177.07495pt too high) detected at line 2165


Package fancyhdr Warning: \headheight is too small (12.0pt): 
(fancyhdr)                Make it at least 14.0pt, for example:
(fancyhdr)                \setlength{\headheight}{14.0pt}.
(fancyhdr)                You might also make \topmargin smaller:
(fancyhdr)                \addtolength{\topmargin}{-2.0pt}.

[171]
Overfull \vbox (213.20996pt too high) detected at line 2279

Overfull \vbox (213.20996pt too high) detected at line 2279


Package fancyhdr Warning: \headheight is too small (12.0pt): 
(fancyhdr)                Make it at least 14.0pt, for example:
(fancyhdr)                \setlength{\headheight}{14.0pt}.
(fancyhdr)                You might also make \topmargin smaller:
(fancyhdr)                \addtolength{\topmargin}{-2.0pt}.

[172 <./Book06/fig21g-eps-converted-to.pdf> <./Book06/fig21e-eps-converted-to.p
df>]

Package fancyhdr Warning: \headheight is too small (12.0pt): 
(fancyhdr)                Make it at least 14.0pt, for example:
(fancyhdr)                \setlength{\headheight}{14.0pt}.
(fancyhdr)                You might also make \topmargin smaller:
(fancyhdr)                \addtolength{\topmargin}{-2.0pt}.

[173 <./Book06/fig22e-eps-converted-to.pdf> <./Book06/fig22g-eps-converted-to.p
df>]
Overfull \vbox (140.93996pt too high) detected at line 2374

Overfull \vbox (140.93996pt too high) detected at line 2374


Package fancyhdr Warning: \headheight is too small (12.0pt): 
(fancyhdr)                Make it at least 14.0pt, for example:
(fancyhdr)                \setlength{\headheight}{14.0pt}.
(fancyhdr)                You might also make \topmargin smaller:
(fancyhdr)                \addtolength{\topmargin}{-2.0pt}.

[174 <./Book06/fig23g-eps-converted-to.pdf> <./Book06/fig23e-eps-converted-to.p
df>]
Overfull \vbox (140.93996pt too high) detected at line 2480

Overfull \vbox (140.93996pt too high) detected at line 2480


Package fancyhdr Warning: \headheight is too small (12.0pt): 
(fancyhdr)                Make it at least 14.0pt, for example:
(fancyhdr)                \setlength{\headheight}{14.0pt}.
(fancyhdr)                You might also make \topmargin smaller:
(fancyhdr)                \addtolength{\topmargin}{-2.0pt}.

[175 <./Book06/fig24g-eps-converted-to.pdf> <./Book06/fig24e-eps-converted-to.p
df>]
Underfull \hbox (badness 10000) in paragraph at lines 2493--2494


Overfull \vbox (93.96489pt too high) detected at line 2571

Overfull \vbox (93.96489pt too high) detected at line 2571


Package fancyhdr Warning: \headheight is too small (12.0pt): 
(fancyhdr)                Make it at least 14.0pt, for example:
(fancyhdr)                \setlength{\headheight}{14.0pt}.
(fancyhdr)                You might also make \topmargin smaller:
(fancyhdr)                \addtolength{\topmargin}{-2.0pt}.

[176 <./Book06/fig25g-eps-converted-to.pdf> <./Book06/fig25e-eps-converted-to.p
df>]
Underfull \hbox (badness 10000) in paragraph at lines 2590--2591


Overfull \vbox (140.93996pt too high) detected at line 2651

Overfull \vbox (140.93996pt too high) detected at line 2651


Package fancyhdr Warning: \headheight is too small (12.0pt): 
(fancyhdr)                Make it at least 14.0pt, for example:
(fancyhdr)                \setlength{\headheight}{14.0pt}.
(fancyhdr)                You might also make \topmargin smaller:
(fancyhdr)                \addtolength{\topmargin}{-2.0pt}.

[177 <./Book06/fig26g-eps-converted-to.pdf> <./Book06/fig26e-eps-converted-to.p
df>]
Overfull \vbox (140.93996pt too high) detected at line 2744

Overfull \vbox (140.93996pt too high) detected at line 2744


Package fancyhdr Warning: \headheight is too small (12.0pt): 
(fancyhdr)                Make it at least 14.0pt, for example:
(fancyhdr)                \setlength{\headheight}{14.0pt}.
(fancyhdr)                You might also make \topmargin smaller:
(fancyhdr)                \addtolength{\topmargin}{-2.0pt}.

[178 <./Book06/fig27g-eps-converted-to.pdf> <./Book06/fig27e-eps-converted-to.p
df>]
Underfull \hbox (badness 10000) in paragraph at lines 2775--2776


Underfull \hbox (badness 10000) in paragraph at lines 2775--2776


Underfull \hbox (badness 10000) in paragraph at lines 2775--2776


Overfull \vbox (126.48618pt too high) detected at line 2880

Overfull \vbox (126.48618pt too high) detected at line 2880


Package fancyhdr Warning: \headheight is too small (12.0pt): 
(fancyhdr)                Make it at least 14.0pt, for example:
(fancyhdr)                \setlength{\headheight}{14.0pt}.
(fancyhdr)                You might also make \topmargin smaller:
(fancyhdr)                \addtolength{\topmargin}{-2.0pt}.

[179 <./Book06/fig28g-eps-converted-to.pdf> <./Book06/fig28e-eps-converted-to.p
df>]
Underfull \hbox (badness 10000) in paragraph at lines 2902--2903


Overfull \vbox (126.48618pt too high) detected at line 2990

Overfull \vbox (126.48618pt too high) detected at line 2990


Package fancyhdr Warning: \headheight is too small (12.0pt): 
(fancyhdr)                Make it at least 14.0pt, for example:
(fancyhdr)                \setlength{\headheight}{14.0pt}.
(fancyhdr)                You might also make \topmargin smaller:
(fancyhdr)                \addtolength{\topmargin}{-2.0pt}.

[180]
Overfull \vbox (155.39374pt too high) detected at line 3061

Overfull \vbox (155.39374pt too high) detected at line 3061


Package fancyhdr Warning: \headheight is too small (12.0pt): 
(fancyhdr)                Make it at least 14.0pt, for example:
(fancyhdr)                \setlength{\headheight}{14.0pt}.
(fancyhdr)                You might also make \topmargin smaller:
(fancyhdr)                \addtolength{\topmargin}{-2.0pt}.

[181 <./Book06/fig29g-eps-converted-to.pdf> <./Book06/fig29e-eps-converted-to.p
df>]
Underfull \hbox (badness 10000) in paragraph at lines 3149--3152


Underfull \hbox (badness 10000) in paragraph at lines 3149--3152


Overfull \vbox (140.93996pt too high) detected at line 3153

Overfull \vbox (140.93996pt too high) detected at line 3153


Package fancyhdr Warning: \headheight is too small (12.0pt): 
(fancyhdr)                Make it at least 14.0pt, for example:
(fancyhdr)                \setlength{\headheight}{14.0pt}.
(fancyhdr)                You might also make \topmargin smaller:
(fancyhdr)                \addtolength{\topmargin}{-2.0pt}.

[182 <./Book06/fig30g-eps-converted-to.pdf> <./Book06/fig30e-eps-converted-to.p
df>]
Overfull \vbox (140.93996pt too high) detected at line 3241

Overfull \vbox (140.93996pt too high) detected at line 3241


Package fancyhdr Warning: \headheight is too small (12.0pt): 
(fancyhdr)                Make it at least 14.0pt, for example:
(fancyhdr)                \setlength{\headheight}{14.0pt}.
(fancyhdr)                You might also make \topmargin smaller:
(fancyhdr)                \addtolength{\topmargin}{-2.0pt}.

[183 <./Book06/fig31g-eps-converted-to.pdf> <./Book06/fig31e-eps-converted-to.p
df>]
Underfull \hbox (badness 10000) in paragraph at lines 3310--3314


Overfull \vbox (104.80496pt too high) detected at line 3348

Overfull \vbox (104.80496pt too high) detected at line 3348


Package fancyhdr Warning: \headheight is too small (12.0pt): 
(fancyhdr)                Make it at least 14.0pt, for example:
(fancyhdr)                \setlength{\headheight}{14.0pt}.
(fancyhdr)                You might also make \topmargin smaller:
(fancyhdr)                \addtolength{\topmargin}{-2.0pt}.

[184 <./Book06/fig32g-eps-converted-to.pdf> <./Book06/fig32e-eps-converted-to.p
df>])

Package fancyhdr Warning: \headheight is too small (12.0pt): 
(fancyhdr)                Make it at least 14.0pt, for example:
(fancyhdr)                \setlength{\headheight}{14.0pt}.
(fancyhdr)                You might also make \topmargin smaller:
(fancyhdr)                \addtolength{\topmargin}{-2.0pt}.

[185 <./Book06/fig33g-eps-converted-to.pdf> <./Book06/fig33e-eps-converted-to.p
df>] (./Book07/Book7.tex
[186]

Package fancyhdr Warning: \headheight is too small (12.0pt): 
(fancyhdr)                Make it at least 14.0pt, for example:
(fancyhdr)                \setlength{\headheight}{14.0pt}.
(fancyhdr)                You might also make \topmargin smaller:
(fancyhdr)                \addtolength{\topmargin}{-2.0pt}.

[187]
Underfull \hbox (badness 10000) in paragraph at lines 188--189


Overfull \vbox (126.48618pt too high) detected at line 246

Overfull \vbox (126.48618pt too high) detected at line 246


Package fancyhdr Warning: \headheight is too small (12.0pt): 
(fancyhdr)                Make it at least 14.0pt, for example:
(fancyhdr)                \setlength{\headheight}{14.0pt}.
(fancyhdr)                You might also make \topmargin smaller:
(fancyhdr)                \addtolength{\topmargin}{-2.0pt}.

[188 <./Book07/fig01g-eps-converted-to.pdf> <./Book07/fig01e-eps-converted-to.p
df>]
Underfull \hbox (badness 10000) in paragraph at lines 306--307


Underfull \hbox (badness 10000) in paragraph at lines 306--307


Underfull \hbox (badness 10000) in paragraph at lines 306--307


Underfull \hbox (badness 10000) in paragraph at lines 306--307


Underfull \hbox (badness 10000) in paragraph at lines 306--307


Underfull \hbox (badness 10000) in paragraph at lines 306--307


Underfull \hbox (badness 10000) in paragraph at lines 335--361


Overfull \vbox (126.48618pt too high) detected at line 369

Overfull \vbox (126.48618pt too high) detected at line 369


Package fancyhdr Warning: \headheight is too small (12.0pt): 
(fancyhdr)                Make it at least 14.0pt, for example:
(fancyhdr)                \setlength{\headheight}{14.0pt}.
(fancyhdr)                You might also make \topmargin smaller:
(fancyhdr)                \addtolength{\topmargin}{-2.0pt}.

[189 <./Book07/fig02g-eps-converted-to.pdf> <./Book07/fig02e-eps-converted-to.p
df>]
Overfull \vbox (140.93996pt too high) detected at line 477

Overfull \vbox (140.93996pt too high) detected at line 477


Package fancyhdr Warning: \headheight is too small (12.0pt): 
(fancyhdr)                Make it at least 14.0pt, for example:
(fancyhdr)                \setlength{\headheight}{14.0pt}.
(fancyhdr)                You might also make \topmargin smaller:
(fancyhdr)                \addtolength{\topmargin}{-2.0pt}.

[190 <./Book07/fig03g-eps-converted-to.pdf> <./Book07/fig03e-eps-converted-to.p
df>]
Underfull \hbox (badness 10000) in paragraph at lines 526--529


Overfull \vbox (140.93996pt too high) detected at line 543

Overfull \vbox (140.93996pt too high) detected at line 543


Package fancyhdr Warning: \headheight is too small (12.0pt): 
(fancyhdr)                Make it at least 14.0pt, for example:
(fancyhdr)                \setlength{\headheight}{14.0pt}.
(fancyhdr)                You might also make \topmargin smaller:
(fancyhdr)                \addtolength{\topmargin}{-2.0pt}.

[191 <./Book07/fig04g-eps-converted-to.pdf> <./Book07/fig04e-eps-converted-to.p
df>]
Underfull \hbox (badness 10000) in paragraph at lines 556--557


Overfull \vbox (140.93996pt too high) detected at line 608

Overfull \vbox (140.93996pt too high) detected at line 608

Underfull \hbox (badness 10000) in paragraph at lines 625--626


Overfull \vbox (140.93996pt too high) detected at line 678

Overfull \vbox (140.93996pt too high) detected at line 678


Package fancyhdr Warning: \headheight is too small (12.0pt): 
(fancyhdr)                Make it at least 14.0pt, for example:
(fancyhdr)                \setlength{\headheight}{14.0pt}.
(fancyhdr)                You might also make \topmargin smaller:
(fancyhdr)                \addtolength{\topmargin}{-2.0pt}.

[192 <./Book07/fig05g-eps-converted-to.pdf> <./Book07/fig05e-eps-converted-to.p
df>]
Overfull \vbox (50.60246pt too high) detected at line 751

Overfull \vbox (50.60246pt too high) detected at line 751


Package fancyhdr Warning: \headheight is too small (12.0pt): 
(fancyhdr)                Make it at least 14.0pt, for example:
(fancyhdr)                \setlength{\headheight}{14.0pt}.
(fancyhdr)                You might also make \topmargin smaller:
(fancyhdr)                \addtolength{\topmargin}{-2.0pt}.

[193 <./Book07/fig06g-eps-converted-to.pdf> <./Book07/fig06e-eps-converted-to.p
df> <./Book07/fig07g-eps-converted-to.pdf> <./Book07/fig07e-eps-converted-to.pd
f>]
Underfull \hbox (badness 10000) in paragraph at lines 768--769


Overfull \vbox (97.57751pt too high) detected at line 840

Overfull \vbox (97.57751pt too high) detected at line 840


Package fancyhdr Warning: \headheight is too small (12.0pt): 
(fancyhdr)                Make it at least 14.0pt, for example:
(fancyhdr)                \setlength{\headheight}{14.0pt}.
(fancyhdr)                You might also make \topmargin smaller:
(fancyhdr)                \addtolength{\topmargin}{-2.0pt}.

[194 <./Book07/fig08g-eps-converted-to.pdf> <./Book07/fig08e-eps-converted-to.p
df>]
Overfull \vbox (140.93996pt too high) detected at line 916

Overfull \vbox (140.93996pt too high) detected at line 916

Overfull \vbox (140.93996pt too high) detected at line 995

Overfull \vbox (140.93996pt too high) detected at line 995


Package fancyhdr Warning: \headheight is too small (12.0pt): 
(fancyhdr)                Make it at least 14.0pt, for example:
(fancyhdr)                \setlength{\headheight}{14.0pt}.
(fancyhdr)                You might also make \topmargin smaller:
(fancyhdr)                \addtolength{\topmargin}{-2.0pt}.

[195 <./Book07/fig09g-eps-converted-to.pdf> <./Book07/fig09e-eps-converted-to.p
df>]
Underfull \hbox (badness 10000) in paragraph at lines 1015--1016


Underfull \hbox (badness 10000) in paragraph at lines 1015--1016


Overfull \vbox (140.93996pt too high) detected at line 1049

Overfull \vbox (140.93996pt too high) detected at line 1049


Package fancyhdr Warning: \headheight is too small (12.0pt): 
(fancyhdr)                Make it at least 14.0pt, for example:
(fancyhdr)                \setlength{\headheight}{14.0pt}.
(fancyhdr)                You might also make \topmargin smaller:
(fancyhdr)                \addtolength{\topmargin}{-2.0pt}.

[196 <./Book07/fig10g-eps-converted-to.pdf> <./Book07/fig10e-eps-converted-to.p
df>]
Underfull \hbox (badness 10000) in paragraph at lines 1066--1067


Overfull \vbox (140.93996pt too high) detected at line 1103

Overfull \vbox (140.93996pt too high) detected at line 1103


Package fancyhdr Warning: \headheight is too small (12.0pt): 
(fancyhdr)                Make it at least 14.0pt, for example:
(fancyhdr)                \setlength{\headheight}{14.0pt}.
(fancyhdr)                You might also make \topmargin smaller:
(fancyhdr)                \addtolength{\topmargin}{-2.0pt}.

[197 <./Book07/fig11e-eps-converted-to.pdf> <./Book07/fig11g-eps-converted-to.p
df>]
Overfull \vbox (140.93996pt too high) detected at line 1157

Overfull \vbox (140.93996pt too high) detected at line 1157

Underfull \hbox (badness 10000) in paragraph at lines 1174--1175


Overfull \vbox (43.37502pt too high) detected at line 1221

Overfull \vbox (43.37502pt too high) detected at line 1221


Package fancyhdr Warning: \headheight is too small (12.0pt): 
(fancyhdr)                Make it at least 14.0pt, for example:
(fancyhdr)                \setlength{\headheight}{14.0pt}.
(fancyhdr)                You might also make \topmargin smaller:
(fancyhdr)                \addtolength{\topmargin}{-2.0pt}.

[198 <./Book07/fig12g-eps-converted-to.pdf> <./Book07/fig12e-eps-converted-to.p
df>]
Underfull \hbox (badness 10000) in paragraph at lines 1237--1238


Overfull \vbox (43.37502pt too high) detected at line 1298

Overfull \vbox (43.37502pt too high) detected at line 1298


Package fancyhdr Warning: \headheight is too small (12.0pt): 
(fancyhdr)                Make it at least 14.0pt, for example:
(fancyhdr)                \setlength{\headheight}{14.0pt}.
(fancyhdr)                You might also make \topmargin smaller:
(fancyhdr)                \addtolength{\topmargin}{-2.0pt}.

[199 <./Book07/fig14g-eps-converted-to.pdf> <./Book07/fig14e-eps-converted-to.p
df> <./Book07/fig15g-eps-converted-to.pdf> <./Book07/fig15e-eps-converted-to.pd
f>]
Underfull \hbox (badness 10000) in paragraph at lines 1313--1314


Overfull \vbox (112.0324pt too high) detected at line 1359

Overfull \vbox (112.0324pt too high) detected at line 1359

Overfull \vbox (61.44252pt too high) detected at line 1417

Overfull \vbox (61.44252pt too high) detected at line 1417


Package fancyhdr Warning: \headheight is too small (12.0pt): 
(fancyhdr)                Make it at least 14.0pt, for example:
(fancyhdr)                \setlength{\headheight}{14.0pt}.
(fancyhdr)                You might also make \topmargin smaller:
(fancyhdr)                \addtolength{\topmargin}{-2.0pt}.

[200 <./Book07/fig16g-eps-converted-to.pdf> <./Book07/fig16e-eps-converted-to.p
df>]
Overfull \vbox (104.80496pt too high) detected at line 1470

Overfull \vbox (104.80496pt too high) detected at line 1470

Overfull \vbox (140.93996pt too high) detected at line 1564

Overfull \vbox (140.93996pt too high) detected at line 1564


Package fancyhdr Warning: \headheight is too small (12.0pt): 
(fancyhdr)                Make it at least 14.0pt, for example:
(fancyhdr)                \setlength{\headheight}{14.0pt}.
(fancyhdr)                You might also make \topmargin smaller:
(fancyhdr)                \addtolength{\topmargin}{-2.0pt}.

[201 <./Book07/fig17g-eps-converted-to.pdf> <./Book07/fig17e-eps-converted-to.p
df> <./Book07/fig18g-eps-converted-to.pdf> <./Book07/fig18e-eps-converted-to.pd
f>]
Underfull \hbox (badness 10000) in paragraph at lines 1585--1586


Overfull \vbox (140.93996pt too high) detected at line 1647

Overfull \vbox (140.93996pt too high) detected at line 1647


Package fancyhdr Warning: \headheight is too small (12.0pt): 
(fancyhdr)                Make it at least 14.0pt, for example:
(fancyhdr)                \setlength{\headheight}{14.0pt}.
(fancyhdr)                You might also make \topmargin smaller:
(fancyhdr)                \addtolength{\topmargin}{-2.0pt}.

[202 <./Book07/fig19g-eps-converted-to.pdf> <./Book07/fig19e-eps-converted-to.p
df>]
Underfull \hbox (badness 10000) in paragraph at lines 1668--1669


Underfull \hbox (badness 10000) in paragraph at lines 1668--1669


Overfull \vbox (126.48618pt too high) detected at line 1721

Overfull \vbox (126.48618pt too high) detected at line 1721


Package fancyhdr Warning: \headheight is too small (12.0pt): 
(fancyhdr)                Make it at least 14.0pt, for example:
(fancyhdr)                \setlength{\headheight}{14.0pt}.
(fancyhdr)                You might also make \topmargin smaller:
(fancyhdr)                \addtolength{\topmargin}{-2.0pt}.

[203 <./Book07/fig20g-eps-converted-to.pdf> <./Book07/fig20e-eps-converted-to.p
df>]
Overfull \vbox (112.0324pt too high) detected at line 1784

Overfull \vbox (112.0324pt too high) detected at line 1784


Package fancyhdr Warning: \headheight is too small (12.0pt): 
(fancyhdr)                Make it at least 14.0pt, for example:
(fancyhdr)                \setlength{\headheight}{14.0pt}.
(fancyhdr)                You might also make \topmargin smaller:
(fancyhdr)                \addtolength{\topmargin}{-2.0pt}.

[204 <./Book07/fig21g-eps-converted-to.pdf> <./Book07/fig21e-eps-converted-to.p
df> <./Book07/fig22g-eps-converted-to.pdf> <./Book07/fig22e-eps-converted-to.pd
f>]
Overfull \vbox (140.93996pt too high) detected at line 1834

Overfull \vbox (140.93996pt too high) detected at line 1834

Underfull \hbox (badness 10000) in paragraph at lines 1847--1848


Overfull \vbox (140.93996pt too high) detected at line 1918

Overfull \vbox (140.93996pt too high) detected at line 1918


Package fancyhdr Warning: \headheight is too small (12.0pt): 
(fancyhdr)                Make it at least 14.0pt, for example:
(fancyhdr)                \setlength{\headheight}{14.0pt}.
(fancyhdr)                You might also make \topmargin smaller:
(fancyhdr)                \addtolength{\topmargin}{-2.0pt}.

[205 <./Book07/fig23g-eps-converted-to.pdf> <./Book07/fig23e-eps-converted-to.p
df>]
Underfull \hbox (badness 10000) in paragraph at lines 1935--1936


Overfull \vbox (140.93996pt too high) detected at line 1971

Overfull \vbox (140.93996pt too high) detected at line 1971


Package fancyhdr Warning: \headheight is too small (12.0pt): 
(fancyhdr)                Make it at least 14.0pt, for example:
(fancyhdr)                \setlength{\headheight}{14.0pt}.
(fancyhdr)                You might also make \topmargin smaller:
(fancyhdr)                \addtolength{\topmargin}{-2.0pt}.

[206 <./Book07/fig24g-eps-converted-to.pdf> <./Book07/fig24e-eps-converted-to.p
df>]
Overfull \vbox (68.66995pt too high) detected at line 2029

Overfull \vbox (68.66995pt too high) detected at line 2029

Overfull \vbox (140.93996pt too high) detected at line 2102

Overfull \vbox (140.93996pt too high) detected at line 2102


Package fancyhdr Warning: \headheight is too small (12.0pt): 
(fancyhdr)                Make it at least 14.0pt, for example:
(fancyhdr)                \setlength{\headheight}{14.0pt}.
(fancyhdr)                You might also make \topmargin smaller:
(fancyhdr)                \addtolength{\topmargin}{-2.0pt}.

[207 <./Book07/fig25g-eps-converted-to.pdf> <./Book07/fig25e-eps-converted-to.p
df> <./Book07/fig26g-eps-converted-to.pdf> <./Book07/fig26e-eps-converted-to.pd
f>]
Overfull \vbox (46.98874pt too high) detected at line 2183

Overfull \vbox (46.98874pt too high) detected at line 2183


Package fancyhdr Warning: \headheight is too small (12.0pt): 
(fancyhdr)                Make it at least 14.0pt, for example:
(fancyhdr)                \setlength{\headheight}{14.0pt}.
(fancyhdr)                You might also make \topmargin smaller:
(fancyhdr)                \addtolength{\topmargin}{-2.0pt}.

[208 <./Book07/fig27g-eps-converted-to.pdf> <./Book07/fig27e-eps-converted-to.p
df> <./Book07/fig28g-eps-converted-to.pdf> <./Book07/fig28e-eps-converted-to.pd
f>]
Overfull \vbox (54.21617pt too high) detected at line 2232

Overfull \vbox (54.21617pt too high) detected at line 2232

Underfull \hbox (badness 10000) in paragraph at lines 2246--2247


Overfull \vbox (112.0324pt too high) detected at line 2301

Overfull \vbox (112.0324pt too high) detected at line 2301


Package fancyhdr Warning: \headheight is too small (12.0pt): 
(fancyhdr)                Make it at least 14.0pt, for example:
(fancyhdr)                \setlength{\headheight}{14.0pt}.
(fancyhdr)                You might also make \topmargin smaller:
(fancyhdr)                \addtolength{\topmargin}{-2.0pt}.

[209 <./Book07/fig29g-eps-converted-to.pdf> <./Book07/fig29e-eps-converted-to.p
df>]
Overfull \vbox (61.44252pt too high) detected at line 2368

Overfull \vbox (61.44252pt too high) detected at line 2368


Package fancyhdr Warning: \headheight is too small (12.0pt): 
(fancyhdr)                Make it at least 14.0pt, for example:
(fancyhdr)                \setlength{\headheight}{14.0pt}.
(fancyhdr)                You might also make \topmargin smaller:
(fancyhdr)                \addtolength{\topmargin}{-2.0pt}.

[210 <./Book07/fig30g-eps-converted-to.pdf> <./Book07/fig30e-eps-converted-to.p
df> <./Book07/fig31g-eps-converted-to.pdf> <./Book07/fig31e-eps-converted-to.pd
f>]
Underfull \hbox (badness 10000) in paragraph at lines 2437--2438


Underfull \hbox (badness 10000) in paragraph at lines 2485--2515


Underfull \hbox (badness 10000) in paragraph at lines 2485--2515


Overfull \vbox (90.35118pt too high) detected at line 2516

Overfull \vbox (90.35118pt too high) detected at line 2516


Package fancyhdr Warning: \headheight is too small (12.0pt): 
(fancyhdr)                Make it at least 14.0pt, for example:
(fancyhdr)                \setlength{\headheight}{14.0pt}.
(fancyhdr)                You might also make \topmargin smaller:
(fancyhdr)                \addtolength{\topmargin}{-2.0pt}.

[211 <./Book07/fig32g-eps-converted-to.pdf> <./Book07/fig32e-eps-converted-to.p
df> <./Book07/fig33g-eps-converted-to.pdf> <./Book07/fig33e-eps-converted-to.pd
f>]
Underfull \hbox (badness 10000) in paragraph at lines 2555--2556


Underfull \hbox (badness 10000) in paragraph at lines 2555--2556


Underfull \hbox (badness 10000) in paragraph at lines 2555--2556


Underfull \hbox (badness 10000) in paragraph at lines 2555--2556


Underfull \hbox (badness 10000) in paragraph at lines 2555--2556


Overfull \vbox (83.12373pt too high) detected at line 2649

Overfull \vbox (83.12373pt too high) detected at line 2649

Overfull \vbox (104.80496pt too high) detected at line 2649

Overfull \vbox (104.80496pt too high) detected at line 2649


Package fancyhdr Warning: \headheight is too small (12.0pt): 
(fancyhdr)                Make it at least 14.0pt, for example:
(fancyhdr)                \setlength{\headheight}{14.0pt}.
(fancyhdr)                You might also make \topmargin smaller:
(fancyhdr)                \addtolength{\topmargin}{-2.0pt}.

[212 <./Book07/fig34g-eps-converted-to.pdf> <./Book07/fig34e-eps-converted-to.p
df>]

Package fancyhdr Warning: \headheight is too small (12.0pt): 
(fancyhdr)                Make it at least 14.0pt, for example:
(fancyhdr)                \setlength{\headheight}{14.0pt}.
(fancyhdr)                You might also make \topmargin smaller:
(fancyhdr)                \addtolength{\topmargin}{-2.0pt}.

[213 <./Book07/fig34ag-eps-converted-to.pdf> <./Book07/fig34ae-eps-converted-to
.pdf>]
Underfull \hbox (badness 10000) in paragraph at lines 2662--2663


Overfull \vbox (68.66995pt too high) detected at line 2700

Overfull \vbox (68.66995pt too high) detected at line 2700

Overfull \vbox (126.48618pt too high) detected at line 2798

Overfull \vbox (126.48618pt too high) detected at line 2798


Package fancyhdr Warning: \headheight is too small (12.0pt): 
(fancyhdr)                Make it at least 14.0pt, for example:
(fancyhdr)                \setlength{\headheight}{14.0pt}.
(fancyhdr)                You might also make \topmargin smaller:
(fancyhdr)                \addtolength{\topmargin}{-2.0pt}.

[214 <./Book07/fig35g-eps-converted-to.pdf> <./Book07/fig35e-eps-converted-to.p
df>]
Underfull \hbox (badness 10000) in paragraph at lines 2811--2812


Overfull \vbox (83.12373pt too high) detected at line 2855

Overfull \vbox (83.12373pt too high) detected at line 2855


Package fancyhdr Warning: \headheight is too small (12.0pt): 
(fancyhdr)                Make it at least 14.0pt, for example:
(fancyhdr)                \setlength{\headheight}{14.0pt}.
(fancyhdr)                You might also make \topmargin smaller:
(fancyhdr)                \addtolength{\topmargin}{-2.0pt}.

[215 <./Book07/fig36g-eps-converted-to.pdf> <./Book07/fig36e-eps-converted-to.p
df>]
Underfull \hbox (badness 10000) in paragraph at lines 2899--2905


Overfull \vbox (83.12373pt too high) detected at line 2906

Overfull \vbox (83.12373pt too high) detected at line 2906

Underfull \hbox (badness 10000) in paragraph at lines 2918--2919


Underfull \hbox (badness 10000) in paragraph at lines 2946--2948


Overfull \vbox (155.39374pt too high) detected at line 2966

Overfull \vbox (155.39374pt too high) detected at line 2966


Package fancyhdr Warning: \headheight is too small (12.0pt): 
(fancyhdr)                Make it at least 14.0pt, for example:
(fancyhdr)                \setlength{\headheight}{14.0pt}.
(fancyhdr)                You might also make \topmargin smaller:
(fancyhdr)                \addtolength{\topmargin}{-2.0pt}.

[216 <./Book07/fig37g-eps-converted-to.pdf> <./Book07/fig37e-eps-converted-to.p
df> <./Book07/fig38g-eps-converted-to.pdf> <./Book07/fig38e-eps-converted-to.pd
f>]

Package fancyhdr Warning: \headheight is too small (12.0pt): 
(fancyhdr)                Make it at least 14.0pt, for example:
(fancyhdr)                \setlength{\headheight}{14.0pt}.
(fancyhdr)                You might also make \topmargin smaller:
(fancyhdr)                \addtolength{\topmargin}{-2.0pt}.

[217 <./Book07/fig39g-eps-converted-to.pdf> <./Book07/fig39e-eps-converted-to.p
df>])
Underfull \hbox (badness 10000) in paragraph at lines 2970--86


[218] (./Book08/Book8.tex
[219]
Underfull \hbox (badness 10000) in paragraph at lines 33--34


Overfull \vbox (61.44252pt too high) detected at line 93

Overfull \vbox (61.44252pt too high) detected at line 93

Underfull \hbox (badness 10000) in paragraph at lines 152--153


Underfull \hbox (badness 10000) in paragraph at lines 182--208


Underfull \hbox (badness 10000) in paragraph at lines 182--208


Overfull \vbox (140.93996pt too high) detected at line 216

Overfull \vbox (140.93996pt too high) detected at line 216


Package fancyhdr Warning: \headheight is too small (12.0pt): 
(fancyhdr)                Make it at least 14.0pt, for example:
(fancyhdr)                \setlength{\headheight}{14.0pt}.
(fancyhdr)                You might also make \topmargin smaller:
(fancyhdr)                \addtolength{\topmargin}{-2.0pt}.

[220 <./Book08/fig01g-eps-converted-to.pdf> <./Book08/fig01e-eps-converted-to.p
df>]
Underfull \hbox (badness 10000) in paragraph at lines 230--231


Overfull \vbox (140.93996pt too high) detected at line 298

Overfull \vbox (140.93996pt too high) detected at line 298


Package fancyhdr Warning: \headheight is too small (12.0pt): 
(fancyhdr)                Make it at least 14.0pt, for example:
(fancyhdr)                \setlength{\headheight}{14.0pt}.
(fancyhdr)                You might also make \topmargin smaller:
(fancyhdr)                \addtolength{\topmargin}{-2.0pt}.

[221 <./Book08/fig02g-eps-converted-to.pdf> <./Book08/fig02e-eps-converted-to.p
df>]
Underfull \hbox (badness 10000) in paragraph at lines 311--312


Underfull \hbox (badness 10000) in paragraph at lines 340--341


Underfull \hbox (badness 10000) in paragraph at lines 340--341


Underfull \hbox (badness 10000) in paragraph at lines 340--341


Underfull \hbox (badness 10000) in paragraph at lines 340--341


Underfull \hbox (badness 10000) in paragraph at lines 340--341


Overfull \vbox (119.25873pt too high) detected at line 462

Overfull \vbox (119.25873pt too high) detected at line 462

Overfull \vbox (177.07495pt too high) detected at line 462

Overfull \vbox (177.07495pt too high) detected at line 462


Package fancyhdr Warning: \headheight is too small (12.0pt): 
(fancyhdr)                Make it at least 14.0pt, for example:
(fancyhdr)                \setlength{\headheight}{14.0pt}.
(fancyhdr)                You might also make \topmargin smaller:
(fancyhdr)                \addtolength{\topmargin}{-2.0pt}.

[222 <./Book08/fig03g-eps-converted-to.pdf> <./Book08/fig03e-eps-converted-to.p
df>]

Package fancyhdr Warning: \headheight is too small (12.0pt): 
(fancyhdr)                Make it at least 14.0pt, for example:
(fancyhdr)                \setlength{\headheight}{14.0pt}.
(fancyhdr)                You might also make \topmargin smaller:
(fancyhdr)                \addtolength{\topmargin}{-2.0pt}.

[223 <./Book08/fig04g-eps-converted-to.pdf> <./Book08/fig04e-eps-converted-to.p
df>]
Overfull \vbox (140.93996pt too high) detected at line 535

Overfull \vbox (140.93996pt too high) detected at line 535


Package fancyhdr Warning: \headheight is too small (12.0pt): 
(fancyhdr)                Make it at least 14.0pt, for example:
(fancyhdr)                \setlength{\headheight}{14.0pt}.
(fancyhdr)                You might also make \topmargin smaller:
(fancyhdr)                \addtolength{\topmargin}{-2.0pt}.

[224 <./Book08/fig04ag-eps-converted-to.pdf> <./Book08/fig04ae-eps-converted-to
.pdf>]
Underfull \hbox (badness 10000) in paragraph at lines 553--554


Underfull \hbox (badness 10000) in paragraph at lines 553--554


Overfull \vbox (140.93996pt too high) detected at line 604

Overfull \vbox (140.93996pt too high) detected at line 604


Package fancyhdr Warning: \headheight is too small (12.0pt): 
(fancyhdr)                Make it at least 14.0pt, for example:
(fancyhdr)                \setlength{\headheight}{14.0pt}.
(fancyhdr)                You might also make \topmargin smaller:
(fancyhdr)                \addtolength{\topmargin}{-2.0pt}.

[225 <./Book08/fig05g-eps-converted-to.pdf> <./Book08/fig05e-eps-converted-to.p
df>]
Underfull \hbox (badness 10000) in paragraph at lines 617--618


Overfull \vbox (83.12373pt too high) detected at line 646

Overfull \vbox (83.12373pt too high) detected at line 646

Overfull \vbox (155.39374pt too high) detected at line 733

Overfull \vbox (155.39374pt too high) detected at line 733


Package fancyhdr Warning: \headheight is too small (12.0pt): 
(fancyhdr)                Make it at least 14.0pt, for example:
(fancyhdr)                \setlength{\headheight}{14.0pt}.
(fancyhdr)                You might also make \topmargin smaller:
(fancyhdr)                \addtolength{\topmargin}{-2.0pt}.

[226 <./Book08/fig06g-eps-converted-to.pdf> <./Book08/fig06e-eps-converted-to.p
df> <./Book08/fig07g-eps-converted-to.pdf> <./Book08/fig07e-eps-converted-to.pd
f>]

Package fancyhdr Warning: \headheight is too small (12.0pt): 
(fancyhdr)                Make it at least 14.0pt, for example:
(fancyhdr)                \setlength{\headheight}{14.0pt}.
(fancyhdr)                You might also make \topmargin smaller:
(fancyhdr)                \addtolength{\topmargin}{-2.0pt}.

[227 <./Book08/fig08g-eps-converted-to.pdf> <./Book08/fig08e-eps-converted-to.p
df>]
Overfull \vbox (140.93996pt too high) detected at line 842

Overfull \vbox (140.93996pt too high) detected at line 842


Package fancyhdr Warning: \headheight is too small (12.0pt): 
(fancyhdr)                Make it at least 14.0pt, for example:
(fancyhdr)                \setlength{\headheight}{14.0pt}.
(fancyhdr)                You might also make \topmargin smaller:
(fancyhdr)                \addtolength{\topmargin}{-2.0pt}.

[228 <./Book08/fig09g-eps-converted-to.pdf> <./Book08/fig09e-eps-converted-to.p
df>]
Underfull \hbox (badness 10000) in paragraph at lines 920--923


Overfull \vbox (126.48618pt too high) detected at line 960

Overfull \vbox (126.48618pt too high) detected at line 960


Package fancyhdr Warning: \headheight is too small (12.0pt): 
(fancyhdr)                Make it at least 14.0pt, for example:
(fancyhdr)                \setlength{\headheight}{14.0pt}.
(fancyhdr)                You might also make \topmargin smaller:
(fancyhdr)                \addtolength{\topmargin}{-2.0pt}.

[229 <./Book08/fig10g-eps-converted-to.pdf> <./Book08/fig10e-eps-converted-to.p
df>]
Underfull \hbox (badness 10000) in paragraph at lines 974--975


Overfull \vbox (83.12373pt too high) detected at line 1032

Overfull \vbox (83.12373pt too high) detected at line 1032


Package fancyhdr Warning: \headheight is too small (12.0pt): 
(fancyhdr)                Make it at least 14.0pt, for example:
(fancyhdr)                \setlength{\headheight}{14.0pt}.
(fancyhdr)                You might also make \topmargin smaller:
(fancyhdr)                \addtolength{\topmargin}{-2.0pt}.

[230 <./Book08/fig11g-eps-converted-to.pdf> <./Book08/fig11e-eps-converted-to.p
df>]
Underfull \hbox (badness 10000) in paragraph at lines 1053--1054


Overfull \vbox (68.66995pt too high) detected at line 1133

Overfull \vbox (68.66995pt too high) detected at line 1133


Package fancyhdr Warning: \headheight is too small (12.0pt): 
(fancyhdr)                Make it at least 14.0pt, for example:
(fancyhdr)                \setlength{\headheight}{14.0pt}.
(fancyhdr)                You might also make \topmargin smaller:
(fancyhdr)                \addtolength{\topmargin}{-2.0pt}.

[231 <./Book08/fig12g-eps-converted-to.pdf> <./Book08/fig12e-eps-converted-to.p
df>]
Underfull \hbox (badness 10000) in paragraph at lines 1158--1159


Underfull \hbox (badness 10000) in paragraph at lines 1158--1159


Overfull \vbox (155.39374pt too high) detected at line 1211

Overfull \vbox (155.39374pt too high) detected at line 1211


Package fancyhdr Warning: \headheight is too small (12.0pt): 
(fancyhdr)                Make it at least 14.0pt, for example:
(fancyhdr)                \setlength{\headheight}{14.0pt}.
(fancyhdr)                You might also make \topmargin smaller:
(fancyhdr)                \addtolength{\topmargin}{-2.0pt}.

[232 <./Book08/fig13g-eps-converted-to.pdf> <./Book08/fig13e-eps-converted-to.p
df>]
Underfull \hbox (badness 10000) in paragraph at lines 1230--1231


Underfull \hbox (badness 10000) in paragraph at lines 1230--1231


Overfull \vbox (68.66995pt too high) detected at line 1291

Overfull \vbox (68.66995pt too high) detected at line 1291

Underfull \hbox (badness 10000) in paragraph at lines 1316--1317


Underfull \hbox (badness 10000) in paragraph at lines 1316--1317


Underfull \hbox (badness 10000) in paragraph at lines 1343--1350


Overfull \vbox (119.25873pt too high) detected at line 1360

Overfull \vbox (119.25873pt too high) detected at line 1360


Package fancyhdr Warning: \headheight is too small (12.0pt): 
(fancyhdr)                Make it at least 14.0pt, for example:
(fancyhdr)                \setlength{\headheight}{14.0pt}.
(fancyhdr)                You might also make \topmargin smaller:
(fancyhdr)                \addtolength{\topmargin}{-2.0pt}.

[233 <./Book08/fig14g-eps-converted-to.pdf> <./Book08/fig14e-eps-converted-to.p
df>]
Underfull \hbox (badness 10000) in paragraph at lines 1374--1375


Underfull \hbox (badness 10000) in paragraph at lines 1374--1375


Overfull \vbox (32.53496pt too high) detected at line 1419

Overfull \vbox (32.53496pt too high) detected at line 1419

Underfull \hbox (badness 10000) in paragraph at lines 1433--1434


Underfull \hbox (badness 10000) in paragraph at lines 1433--1434


Overfull \vbox (32.53496pt too high) detected at line 1479

Overfull \vbox (32.53496pt too high) detected at line 1479


Package fancyhdr Warning: \headheight is too small (12.0pt): 
(fancyhdr)                Make it at least 14.0pt, for example:
(fancyhdr)                \setlength{\headheight}{14.0pt}.
(fancyhdr)                You might also make \topmargin smaller:
(fancyhdr)                \addtolength{\topmargin}{-2.0pt}.

[234 <./Book08/fig15g-eps-converted-to.pdf> <./Book08/fig15e-eps-converted-to.p
df> <./Book08/fig16g-eps-converted-to.pdf> <./Book08/fig16e-eps-converted-to.pd
f>]
Underfull \hbox (badness 10000) in paragraph at lines 1494--1495


Underfull \hbox (badness 10000) in paragraph at lines 1494--1495


Overfull \vbox (68.66995pt too high) detected at line 1582

Overfull \vbox (68.66995pt too high) detected at line 1582


Package fancyhdr Warning: \headheight is too small (12.0pt): 
(fancyhdr)                Make it at least 14.0pt, for example:
(fancyhdr)                \setlength{\headheight}{14.0pt}.
(fancyhdr)                You might also make \topmargin smaller:
(fancyhdr)                \addtolength{\topmargin}{-2.0pt}.

[235 <./Book08/fig18g-eps-converted-to.pdf> <./Book08/fig18e-eps-converted-to.p
df>]
Overfull \hbox (12.30067pt too wide) in paragraph at lines 1597--1598
[]\LGR/cmr/b/li/10 D'uo <omo'iwn ste-re-Àn >ari-jmÀn d'uo m'esoi >an'alogon >em
p'iptousin

Overfull \vbox (133.71251pt too high) detected at line 1720

Overfull \vbox (133.71251pt too high) detected at line 1720


Package fancyhdr Warning: \headheight is too small (12.0pt): 
(fancyhdr)                Make it at least 14.0pt, for example:
(fancyhdr)                \setlength{\headheight}{14.0pt}.
(fancyhdr)                You might also make \topmargin smaller:
(fancyhdr)                \addtolength{\topmargin}{-2.0pt}.

[236 <./Book08/fig19g-eps-converted-to.pdf> <./Book08/fig19e-eps-converted-to.p
df>]
Underfull \hbox (badness 10000) in paragraph at lines 1736--1737


Overfull \vbox (68.66995pt too high) detected at line 1795

Overfull \vbox (68.66995pt too high) detected at line 1795


Package fancyhdr Warning: \headheight is too small (12.0pt): 
(fancyhdr)                Make it at least 14.0pt, for example:
(fancyhdr)                \setlength{\headheight}{14.0pt}.
(fancyhdr)                You might also make \topmargin smaller:
(fancyhdr)                \addtolength{\topmargin}{-2.0pt}.

[237]
Underfull \hbox (badness 10000) in paragraph at lines 1842--1843


Underfull \hbox (badness 10000) in paragraph at lines 1842--1843


Underfull \hbox (badness 10000) in paragraph at lines 1842--1843


Underfull \hbox (badness 10000) in paragraph at lines 1842--1843


Overfull \vbox (140.93996pt too high) detected at line 1908

Overfull \vbox (140.93996pt too high) detected at line 1908


Package fancyhdr Warning: \headheight is too small (12.0pt): 
(fancyhdr)                Make it at least 14.0pt, for example:
(fancyhdr)                \setlength{\headheight}{14.0pt}.
(fancyhdr)                You might also make \topmargin smaller:
(fancyhdr)                \addtolength{\topmargin}{-2.0pt}.

[238 <./Book08/fig20e-eps-converted-to.pdf> <./Book08/fig20g-eps-converted-to.p
df>]
Overfull \vbox (54.21617pt too high) detected at line 1954

Overfull \vbox (54.21617pt too high) detected at line 1954


Package fancyhdr Warning: \headheight is too small (12.0pt): 
(fancyhdr)                Make it at least 14.0pt, for example:
(fancyhdr)                \setlength{\headheight}{14.0pt}.
(fancyhdr)                You might also make \topmargin smaller:
(fancyhdr)                \addtolength{\topmargin}{-2.0pt}.

[239 <./Book08/fig21g-eps-converted-to.pdf> <./Book08/fig21e-eps-converted-to.p
df>]
Overfull \vbox (83.12373pt too high) detected at line 1997

Overfull \vbox (83.12373pt too high) detected at line 1997

Overfull \vbox (32.53496pt too high) detected at line 2051

Overfull \vbox (32.53496pt too high) detected at line 2051

Overfull \vbox (61.44252pt too high) detected at line 2110

Overfull \vbox (61.44252pt too high) detected at line 2110


Package fancyhdr Warning: \headheight is too small (12.0pt): 
(fancyhdr)                Make it at least 14.0pt, for example:
(fancyhdr)                \setlength{\headheight}{14.0pt}.
(fancyhdr)                You might also make \topmargin smaller:
(fancyhdr)                \addtolength{\topmargin}{-2.0pt}.

[240 <./Book08/fig22g-eps-converted-to.pdf> <./Book08/fig22e-eps-converted-to.p
df> <./Book08/fig23g-eps-converted-to.pdf> <./Book08/fig23e-eps-converted-to.pd
f> <./Book08/fig24g-eps-converted-to.pdf> <./Book08/fig24e-eps-converted-to.pdf
>]
Underfull \hbox (badness 10000) in paragraph at lines 2124--2125


Overfull \vbox (54.21617pt too high) detected at line 2166

Overfull \vbox (54.21617pt too high) detected at line 2166


Package fancyhdr Warning: \headheight is too small (12.0pt): 
(fancyhdr)                Make it at least 14.0pt, for example:
(fancyhdr)                \setlength{\headheight}{14.0pt}.
(fancyhdr)                You might also make \topmargin smaller:
(fancyhdr)                \addtolength{\topmargin}{-2.0pt}.

[241 <./Book08/fig25g-eps-converted-to.pdf> <./Book08/fig25e-eps-converted-to.p
df> <./Book08/fig26e-eps-converted-to.pdf> <./Book08/fig26g-eps-converted-to.pd
f>]
Overfull \vbox (68.66995pt too high) detected at line 2219

Overfull \vbox (68.66995pt too high) detected at line 2219
)

Package fancyhdr Warning: \headheight is too small (12.0pt): 
(fancyhdr)                Make it at least 14.0pt, for example:
(fancyhdr)                \setlength{\headheight}{14.0pt}.
(fancyhdr)                You might also make \topmargin smaller:
(fancyhdr)                \addtolength{\topmargin}{-2.0pt}.

[242 <./Book08/fig27g-eps-converted-to.pdf> <./Book08/fig27e-eps-converted-to.p
df>] (./Book09/Book9.tex
[243]
Underfull \hbox (badness 10000) in paragraph at lines 33--34


Underfull \hbox (badness 10000) in paragraph at lines 56--57


Overfull \vbox (83.12373pt too high) detected at line 73

Overfull \vbox (83.12373pt too high) detected at line 73

Overfull \vbox (83.12373pt too high) detected at line 129

Overfull \vbox (90.35118pt too high) detected at line 129


Package fancyhdr Warning: \headheight is too small (12.0pt): 
(fancyhdr)                Make it at least 14.0pt, for example:
(fancyhdr)                \setlength{\headheight}{14.0pt}.
(fancyhdr)                You might also make \topmargin smaller:
(fancyhdr)                \addtolength{\topmargin}{-2.0pt}.

[244 <./Book09/fig01g-eps-converted-to.pdf> <./Book09/fig01e-eps-converted-to.p
df> <./Book09/fig02g-eps-converted-to.pdf> <./Book09/fig02e-eps-converted-to.pd
f>]
Overfull \vbox (83.12373pt too high) detected at line 210

Overfull \vbox (83.12373pt too high) detected at line 210

Overfull \vbox (83.12373pt too high) detected at line 260

Overfull \vbox (83.12373pt too high) detected at line 260


Package fancyhdr Warning: \headheight is too small (12.0pt): 
(fancyhdr)                Make it at least 14.0pt, for example:
(fancyhdr)                \setlength{\headheight}{14.0pt}.
(fancyhdr)                You might also make \topmargin smaller:
(fancyhdr)                \addtolength{\topmargin}{-2.0pt}.

[245 <./Book09/fig03g-eps-converted-to.pdf> <./Book09/fig03e-eps-converted-to.p
df>]
Underfull \hbox (badness 10000) in paragraph at lines 273--274


Overfull \vbox (83.12373pt too high) detected at line 312

Overfull \vbox (83.12373pt too high) detected at line 312

Overfull \vbox (54.21617pt too high) detected at line 379

Overfull \vbox (54.21617pt too high) detected at line 379


Package fancyhdr Warning: \headheight is too small (12.0pt): 
(fancyhdr)                Make it at least 14.0pt, for example:
(fancyhdr)                \setlength{\headheight}{14.0pt}.
(fancyhdr)                You might also make \topmargin smaller:
(fancyhdr)                \addtolength{\topmargin}{-2.0pt}.

[246 <./Book09/fig04g-eps-converted-to.pdf> <./Book09/fig04e-eps-converted-to.p
df> <./Book09/fig05g-eps-converted-to.pdf> <./Book09/fig05e-eps-converted-to.pd
f>]
Underfull \hbox (badness 10000) in paragraph at lines 392--393


Overfull \vbox (104.80496pt too high) detected at line 432

Overfull \vbox (104.80496pt too high) detected at line 432

Underfull \hbox (badness 10000) in paragraph at lines 448--449


Underfull \hbox (badness 10000) in paragraph at lines 448--449


Underfull \hbox (badness 10000) in paragraph at lines 448--449


Overfull \vbox (126.48618pt too high) detected at line 521

Overfull \vbox (126.48618pt too high) detected at line 521


Package fancyhdr Warning: \headheight is too small (12.0pt): 
(fancyhdr)                Make it at least 14.0pt, for example:
(fancyhdr)                \setlength{\headheight}{14.0pt}.
(fancyhdr)                You might also make \topmargin smaller:
(fancyhdr)                \addtolength{\topmargin}{-2.0pt}.

[247 <./Book09/fig06g-eps-converted-to.pdf> <./Book09/fig06e-eps-converted-to.p
df> <./Book09/fig07g-eps-converted-to.pdf> <./Book09/fig07e-eps-converted-to.pd
f>]
Underfull \hbox (badness 10000) in paragraph at lines 536--537


Overfull \vbox (126.48618pt too high) detected at line 611

Overfull \vbox (126.48618pt too high) detected at line 611


Package fancyhdr Warning: \headheight is too small (12.0pt): 
(fancyhdr)                Make it at least 14.0pt, for example:
(fancyhdr)                \setlength{\headheight}{14.0pt}.
(fancyhdr)                You might also make \topmargin smaller:
(fancyhdr)                \addtolength{\topmargin}{-2.0pt}.

[248 <./Book09/fig08g-eps-converted-to.pdf> <./Book09/fig08e-eps-converted-to.p
df>]
Underfull \hbox (badness 10000) in paragraph at lines 627--628


Underfull \hbox (badness 10000) in paragraph at lines 627--628


Underfull \hbox (badness 10000) in paragraph at lines 627--628


Overfull \vbox (126.48618pt too high) detected at line 701

Overfull \vbox (126.48618pt too high) detected at line 701


Package fancyhdr Warning: \headheight is too small (12.0pt): 
(fancyhdr)                Make it at least 14.0pt, for example:
(fancyhdr)                \setlength{\headheight}{14.0pt}.
(fancyhdr)                You might also make \topmargin smaller:
(fancyhdr)                \addtolength{\topmargin}{-2.0pt}.

[249]

Package fancyhdr Warning: \headheight is too small (12.0pt): 
(fancyhdr)                Make it at least 14.0pt, for example:
(fancyhdr)                \setlength{\headheight}{14.0pt}.
(fancyhdr)                You might also make \topmargin smaller:
(fancyhdr)                \addtolength{\topmargin}{-2.0pt}.

[250]
Underfull \hbox (badness 10000) in paragraph at lines 714--715


Underfull \hbox (badness 10000) in paragraph at lines 727--728


Underfull \hbox (badness 10000) in paragraph at lines 727--728


Underfull \hbox (badness 10000) in paragraph at lines 727--728


Underfull \hbox (badness 10000) in paragraph at lines 752--757


Overfull \vbox (112.0324pt too high) detected at line 765

Overfull \vbox (112.0324pt too high) detected at line 765

Underfull \hbox (badness 10000) in paragraph at lines 779--780


Overfull \vbox (75.8974pt too high) detected at line 872

Overfull \vbox (75.8974pt too high) detected at line 872


Package fancyhdr Warning: \headheight is too small (12.0pt): 
(fancyhdr)                Make it at least 14.0pt, for example:
(fancyhdr)                \setlength{\headheight}{14.0pt}.
(fancyhdr)                You might also make \topmargin smaller:
(fancyhdr)                \addtolength{\topmargin}{-2.0pt}.

[251 <./Book09/fig11g-eps-converted-to.pdf> <./Book09/fig11e-eps-converted-to.p
df>]

Package fancyhdr Warning: \headheight is too small (12.0pt): 
(fancyhdr)                Make it at least 14.0pt, for example:
(fancyhdr)                \setlength{\headheight}{14.0pt}.
(fancyhdr)                You might also make \topmargin smaller:
(fancyhdr)                \addtolength{\topmargin}{-2.0pt}.

[252 <./Book09/fig12g-eps-converted-to.pdf> <./Book09/fig12e-eps-converted-to.p
df>]
Underfull \hbox (badness 10000) in paragraph at lines 892--893


Underfull \hbox (badness 10000) in paragraph at lines 892--893


Overfull \vbox (75.8974pt too high) detected at line 1002

Overfull \vbox (75.8974pt too high) detected at line 1002


Package fancyhdr Warning: \headheight is too small (12.0pt): 
(fancyhdr)                Make it at least 14.0pt, for example:
(fancyhdr)                \setlength{\headheight}{14.0pt}.
(fancyhdr)                You might also make \topmargin smaller:
(fancyhdr)                \addtolength{\topmargin}{-2.0pt}.

[253 <./Book09/fig13g-eps-converted-to.pdf> <./Book09/fig13e-eps-converted-to.p
df>]
Overfull \vbox (54.21617pt too high) detected at line 1063

Overfull \vbox (61.44252pt too high) detected at line 1063


Package fancyhdr Warning: \headheight is too small (12.0pt): 
(fancyhdr)                Make it at least 14.0pt, for example:
(fancyhdr)                \setlength{\headheight}{14.0pt}.
(fancyhdr)                You might also make \topmargin smaller:
(fancyhdr)                \addtolength{\topmargin}{-2.0pt}.

[254]
Underfull \hbox (badness 10000) in paragraph at lines 1077--1078


Overfull \vbox (68.66995pt too high) detected at line 1175

Overfull \vbox (68.66995pt too high) detected at line 1175


Package fancyhdr Warning: \headheight is too small (12.0pt): 
(fancyhdr)                Make it at least 14.0pt, for example:
(fancyhdr)                \setlength{\headheight}{14.0pt}.
(fancyhdr)                You might also make \topmargin smaller:
(fancyhdr)                \addtolength{\topmargin}{-2.0pt}.

[255 <./Book09/fig14g-eps-converted-to.pdf> <./Book09/fig14e-eps-converted-to.p
df> <./Book09/fig15g-eps-converted-to.pdf> <./Book09/fig15e-eps-converted-to.pd
f>]
Overfull \vbox (61.44252pt too high) detected at line 1232

Overfull \vbox (61.44252pt too high) detected at line 1232


Package fancyhdr Warning: \headheight is too small (12.0pt): 
(fancyhdr)                Make it at least 14.0pt, for example:
(fancyhdr)                \setlength{\headheight}{14.0pt}.
(fancyhdr)                You might also make \topmargin smaller:
(fancyhdr)                \addtolength{\topmargin}{-2.0pt}.

[256 <./Book09/fig16g-eps-converted-to.pdf> <./Book09/fig16e-eps-converted-to.p
df>]
Underfull \hbox (badness 10000) in paragraph at lines 1251--1252


Overfull \vbox (90.35118pt too high) detected at line 1298

Overfull \vbox (90.35118pt too high) detected at line 1298

Overfull \vbox (25.30751pt too high) detected at line 1377

Overfull \vbox (25.30751pt too high) detected at line 1377


Package fancyhdr Warning: \headheight is too small (12.0pt): 
(fancyhdr)                Make it at least 14.0pt, for example:
(fancyhdr)                \setlength{\headheight}{14.0pt}.
(fancyhdr)                You might also make \topmargin smaller:
(fancyhdr)                \addtolength{\topmargin}{-2.0pt}.

[257 <./Book09/fig17g-eps-converted-to.pdf> <./Book09/fig17e-eps-converted-to.p
df> <./Book09/fig18g-eps-converted-to.pdf> <./Book09/fig18e-eps-converted-to.pd
f>]
Overfull \vbox (90.35118pt too high) detected at line 1506

Overfull \vbox (90.35118pt too high) detected at line 1506


Package fancyhdr Warning: \headheight is too small (12.0pt): 
(fancyhdr)                Make it at least 14.0pt, for example:
(fancyhdr)                \setlength{\headheight}{14.0pt}.
(fancyhdr)                You might also make \topmargin smaller:
(fancyhdr)                \addtolength{\topmargin}{-2.0pt}.

[258 <./Book09/fig19g-eps-converted-to.pdf> <./Book09/fig19e-eps-converted-to.p
df>]
Overfull \vbox (90.35118pt too high) detected at line 1577

Overfull \vbox (90.35118pt too high) detected at line 1577


Package fancyhdr Warning: \headheight is too small (12.0pt): 
(fancyhdr)                Make it at least 14.0pt, for example:
(fancyhdr)                \setlength{\headheight}{14.0pt}.
(fancyhdr)                You might also make \topmargin smaller:
(fancyhdr)                \addtolength{\topmargin}{-2.0pt}.

[259]
Overfull \vbox (18.08118pt too high) detected at line 1619

Overfull \vbox (18.08118pt too high) detected at line 1619

Underfull \hbox (badness 10000) in paragraph at lines 1632--1633


Overfull \vbox (18.08118pt too high) detected at line 1664

Overfull \vbox (18.08118pt too high) detected at line 1664


Package fancyhdr Warning: \headheight is too small (12.0pt): 
(fancyhdr)                Make it at least 14.0pt, for example:
(fancyhdr)                \setlength{\headheight}{14.0pt}.
(fancyhdr)                You might also make \topmargin smaller:
(fancyhdr)                \addtolength{\topmargin}{-2.0pt}.

[260 <./Book09/fig20g-eps-converted-to.pdf> <./Book09/fig20e-eps-converted-to.p
df> <./Book09/fig21g-eps-converted-to.pdf> <./Book09/fig21e-eps-converted-to.pd
f>]
Underfull \hbox (badness 10000) in paragraph at lines 1677--1678


Overfull \vbox (18.08118pt too high) detected at line 1710

Overfull \vbox (18.08118pt too high) detected at line 1710

Overfull \vbox (18.08118pt too high) detected at line 1752

Overfull \vbox (18.08118pt too high) detected at line 1752

Overfull \vbox (18.08118pt too high) detected at line 1795

Overfull \vbox (18.08118pt too high) detected at line 1795

Overfull \vbox (18.08118pt too high) detected at line 1838

Overfull \vbox (18.08118pt too high) detected at line 1838


Package fancyhdr Warning: \headheight is too small (12.0pt): 
(fancyhdr)                Make it at least 14.0pt, for example:
(fancyhdr)                \setlength{\headheight}{14.0pt}.
(fancyhdr)                You might also make \topmargin smaller:
(fancyhdr)                \addtolength{\topmargin}{-2.0pt}.

[261 <./Book09/fig23g-eps-converted-to.pdf> <./Book09/fig23e-eps-converted-to.p
df> <./Book09/fig24g-eps-converted-to.pdf> <./Book09/fig24e-eps-converted-to.pd
f> <./Book09/fig25g-eps-converted-to.pdf> <./Book09/fig25e-eps-converted-to.pdf
>]
Overfull \vbox (18.08118pt too high) detected at line 1882

Overfull \vbox (18.08118pt too high) detected at line 1882

Overfull \vbox (54.21617pt too high) detected at line 1927

Overfull \vbox (54.21617pt too high) detected at line 1927

Overfull \vbox (54.21617pt too high) detected at line 1972

Overfull \vbox (54.21617pt too high) detected at line 1972


Package fancyhdr Warning: \headheight is too small (12.0pt): 
(fancyhdr)                Make it at least 14.0pt, for example:
(fancyhdr)                \setlength{\headheight}{14.0pt}.
(fancyhdr)                You might also make \topmargin smaller:
(fancyhdr)                \addtolength{\topmargin}{-2.0pt}.

[262 <./Book09/fig26g-eps-converted-to.pdf> <./Book09/fig26e-eps-converted-to.p
df> <./Book09/fig27g-eps-converted-to.pdf> <./Book09/fig27e-eps-converted-to.pd
f> <./Book09/fig28g-eps-converted-to.pdf> <./Book09/fig28e-eps-converted-to.pdf
>]
Overfull \vbox (54.21617pt too high) detected at line 2025

Overfull \vbox (54.21617pt too high) detected at line 2025

Overfull \vbox (75.8974pt too high) detected at line 2079

Overfull \vbox (75.8974pt too high) detected at line 2079


Package fancyhdr Warning: \headheight is too small (12.0pt): 
(fancyhdr)                Make it at least 14.0pt, for example:
(fancyhdr)                \setlength{\headheight}{14.0pt}.
(fancyhdr)                You might also make \topmargin smaller:
(fancyhdr)                \addtolength{\topmargin}{-2.0pt}.

[263 <./Book09/fig30g-eps-converted-to.pdf> <./Book09/fig30e-eps-converted-to.p
df> <./Book09/fig31g-eps-converted-to.pdf> <./Book09/fig31e-eps-converted-to.pd
f>]
Overfull \vbox (75.8974pt too high) detected at line 2134

Overfull \vbox (75.8974pt too high) detected at line 2134


Package fancyhdr Warning: \headheight is too small (12.0pt): 
(fancyhdr)                Make it at least 14.0pt, for example:
(fancyhdr)                \setlength{\headheight}{14.0pt}.
(fancyhdr)                You might also make \topmargin smaller:
(fancyhdr)                \addtolength{\topmargin}{-2.0pt}.

[264 <./Book09/fig32g-eps-converted-to.pdf> <./Book09/fig32e-eps-converted-to.p
df> <./Book09/fig33g-eps-converted-to.pdf> <./Book09/fig33e-eps-converted-to.pd
f>]
Underfull \hbox (badness 10000) in paragraph at lines 2258--2259


Overfull \vbox (112.0324pt too high) detected at line 2313

Overfull \vbox (112.0324pt too high) detected at line 2313


Package fancyhdr Warning: \headheight is too small (12.0pt): 
(fancyhdr)                Make it at least 14.0pt, for example:
(fancyhdr)                \setlength{\headheight}{14.0pt}.
(fancyhdr)                You might also make \topmargin smaller:
(fancyhdr)                \addtolength{\topmargin}{-2.0pt}.

[265 <./Book09/fig35g-eps-converted-to.pdf> <./Book09/fig35e-eps-converted-to.p
df>]
Underfull \hbox (badness 10000) in paragraph at lines 2337--2338


Overfull \vbox (83.12373pt too high) detected at line 2360

Overfull \vbox (90.35118pt too high) detected at line 2360

Underfull \hbox (badness 10000) in paragraph at lines 2360--2361


Overfull \vbox (97.57751pt too high) detected at line 2479

Overfull \vbox (97.57751pt too high) detected at line 2479


Package fancyhdr Warning: \headheight is too small (12.0pt): 
(fancyhdr)                Make it at least 14.0pt, for example:
(fancyhdr)                \setlength{\headheight}{14.0pt}.
(fancyhdr)                You might also make \topmargin smaller:
(fancyhdr)                \addtolength{\topmargin}{-2.0pt}.

[266 <./Book09/fig36g-eps-converted-to.pdf> <./Book09/fig36e-eps-converted-to.p
df> <./Book09/fig36ag-eps-converted-to.pdf> <./Book09/fig36ae-eps-converted-to.
pdf>]

Package fancyhdr Warning: \headheight is too small (12.0pt): 
(fancyhdr)                Make it at least 14.0pt, for example:
(fancyhdr)                \setlength{\headheight}{14.0pt}.
(fancyhdr)                You might also make \topmargin smaller:
(fancyhdr)                \addtolength{\topmargin}{-2.0pt}.

[267])

Package fancyhdr Warning: \headheight is too small (12.0pt): 
(fancyhdr)                Make it at least 14.0pt, for example:
(fancyhdr)                \setlength{\headheight}{14.0pt}.
(fancyhdr)                You might also make \topmargin smaller:
(fancyhdr)                \addtolength{\topmargin}{-2.0pt}.

[268] (./Book10/Book10.tex
[269 <./Book10/front-eps-converted-to.pdf>]
Underfull \hbox (badness 10000) in paragraph at lines 115--116


Underfull \hbox (badness 10000) in paragraph at lines 115--116


Underfull \hbox (badness 10000) in paragraph at lines 115--116


Underfull \hbox (badness 10000) in paragraph at lines 115--116


Overfull \vbox (75.8974pt too high) detected at line 175

Overfull \vbox (75.8974pt too high) detected at line 175


Package fancyhdr Warning: \headheight is too small (12.0pt): 
(fancyhdr)                Make it at least 14.0pt, for example:
(fancyhdr)                \setlength{\headheight}{14.0pt}.
(fancyhdr)                You might also make \topmargin smaller:
(fancyhdr)                \addtolength{\topmargin}{-2.0pt}.

[270]
Underfull \hbox (badness 10000) in paragraph at lines 190--191


Overfull \vbox (61.44252pt too high) detected at line 244

Overfull \vbox (61.44252pt too high) detected at line 244


Package fancyhdr Warning: \headheight is too small (12.0pt): 
(fancyhdr)                Make it at least 14.0pt, for example:
(fancyhdr)                \setlength{\headheight}{14.0pt}.
(fancyhdr)                You might also make \topmargin smaller:
(fancyhdr)                \addtolength{\topmargin}{-2.0pt}.

[271 <./Book10/fig001g-eps-converted-to.pdf> <./Book10/fig001e-eps-converted-to
.pdf> <./Book10/fig002g-eps-converted-to.pdf> <./Book10/fig002e-eps-converted-t
o.pdf>]
Underfull \hbox (badness 10000) in paragraph at lines 297--298


Underfull \hbox (badness 10000) in paragraph at lines 297--298


Underfull \hbox (badness 10000) in paragraph at lines 297--298


Underfull \hbox (badness 10000) in paragraph at lines 297--298


Underfull \hbox (badness 10000) in paragraph at lines 297--298


Underfull \hbox (badness 10000) in paragraph at lines 297--298


Underfull \hbox (badness 10000) in paragraph at lines 297--298


Underfull \hbox (badness 10000) in paragraph at lines 348--350


Overfull \vbox (75.8974pt too high) detected at line 357

Overfull \vbox (75.8974pt too high) detected at line 357


Package fancyhdr Warning: \headheight is too small (12.0pt): 
(fancyhdr)                Make it at least 14.0pt, for example:
(fancyhdr)                \setlength{\headheight}{14.0pt}.
(fancyhdr)                You might also make \topmargin smaller:
(fancyhdr)                \addtolength{\topmargin}{-2.0pt}.

[272 <./Book10/fig003g-eps-converted-to.pdf> <./Book10/fig003e-eps-converted-to
.pdf>]
Underfull \hbox (badness 10000) in paragraph at lines 406--407


Underfull \hbox (badness 10000) in paragraph at lines 406--407


Underfull \hbox (badness 10000) in paragraph at lines 406--407


Underfull \hbox (badness 10000) in paragraph at lines 406--407


Underfull \hbox (badness 10000) in paragraph at lines 406--407


Underfull \hbox (badness 10000) in paragraph at lines 406--407


Underfull \hbox (badness 10000) in paragraph at lines 406--407


Underfull \hbox (badness 10000) in paragraph at lines 406--407


Underfull \hbox (badness 10000) in paragraph at lines 406--407


Underfull \hbox (badness 10000) in paragraph at lines 406--407


Underfull \hbox (badness 10000) in paragraph at lines 464--467


Overfull \vbox (83.12373pt too high) detected at line 478

Overfull \vbox (83.12373pt too high) detected at line 478


Package fancyhdr Warning: \headheight is too small (12.0pt): 
(fancyhdr)                Make it at least 14.0pt, for example:
(fancyhdr)                \setlength{\headheight}{14.0pt}.
(fancyhdr)                You might also make \topmargin smaller:
(fancyhdr)                \addtolength{\topmargin}{-2.0pt}.

[273 <./Book10/fig004g-eps-converted-to.pdf> <./Book10/fig004e-eps-converted-to
.pdf>]
Overfull \vbox (54.21617pt too high) detected at line 554

Overfull \vbox (54.21617pt too high) detected at line 554


Package fancyhdr Warning: \headheight is too small (12.0pt): 
(fancyhdr)                Make it at least 14.0pt, for example:
(fancyhdr)                \setlength{\headheight}{14.0pt}.
(fancyhdr)                You might also make \topmargin smaller:
(fancyhdr)                \addtolength{\topmargin}{-2.0pt}.

[274 <./Book10/fig005g-eps-converted-to.pdf> <./Book10/fig005e-eps-converted-to
.pdf>]
Underfull \hbox (badness 10000) in paragraph at lines 568--569


Underfull \hbox (badness 10000) in paragraph at lines 601--602


Underfull \hbox (badness 10000) in paragraph at lines 654--655


Overfull \vbox (54.21617pt too high) detected at line 670

Overfull \vbox (54.21617pt too high) detected at line 670


Package fancyhdr Warning: \headheight is too small (12.0pt): 
(fancyhdr)                Make it at least 14.0pt, for example:
(fancyhdr)                \setlength{\headheight}{14.0pt}.
(fancyhdr)                You might also make \topmargin smaller:
(fancyhdr)                \addtolength{\topmargin}{-2.0pt}.

[275 <./Book10/fig006g-eps-converted-to.pdf> <./Book10/fig006e-eps-converted-to
.pdf>]
Underfull \hbox (badness 10000) in paragraph at lines 686--687


Overfull \vbox (32.53496pt too high) detected at line 719

Overfull \vbox (32.53496pt too high) detected at line 719

Underfull \hbox (badness 10000) in paragraph at lines 732--733


Underfull \hbox (badness 10000) in paragraph at lines 766--766


Underfull \hbox (badness 10000) in paragraph at lines 766--766


Overfull \vbox (32.53496pt too high) detected at line 767

Overfull \vbox (32.53496pt too high) detected at line 767

Underfull \hbox (badness 10000) in paragraph at lines 787--788


Underfull \hbox (badness 10000) in paragraph at lines 847--848


Underfull \hbox (badness 10000) in paragraph at lines 847--848


Underfull \hbox (badness 10000) in paragraph at lines 847--848


Underfull \hbox (badness 10000) in paragraph at lines 926--928


Overfull \vbox (32.53496pt too high) detected at line 937

Overfull \vbox (32.53496pt too high) detected at line 937


Package fancyhdr Warning: \headheight is too small (12.0pt): 
(fancyhdr)                Make it at least 14.0pt, for example:
(fancyhdr)                \setlength{\headheight}{14.0pt}.
(fancyhdr)                You might also make \topmargin smaller:
(fancyhdr)                \addtolength{\topmargin}{-2.0pt}.

[276 <./Book10/fig007g-eps-converted-to.pdf> <./Book10/fig007e-eps-converted-to
.pdf>]

Package fancyhdr Warning: \headheight is too small (12.0pt): 
(fancyhdr)                Make it at least 14.0pt, for example:
(fancyhdr)                \setlength{\headheight}{14.0pt}.
(fancyhdr)                You might also make \topmargin smaller:
(fancyhdr)                \addtolength{\topmargin}{-2.0pt}.

[277 <./Book10/fig009g-eps-converted-to.pdf> <./Book10/fig009e-eps-converted-to
.pdf>]
Underfull \hbox (badness 10000) in paragraph at lines 953--954


Overfull \vbox (104.80496pt too high) detected at line 1018

Overfull \vbox (104.80496pt too high) detected at line 1018


Package fancyhdr Warning: \headheight is too small (12.0pt): 
(fancyhdr)                Make it at least 14.0pt, for example:
(fancyhdr)                \setlength{\headheight}{14.0pt}.
(fancyhdr)                You might also make \topmargin smaller:
(fancyhdr)                \addtolength{\topmargin}{-2.0pt}.

[278 <./Book10/fig010g-eps-converted-to.pdf> <./Book10/fig010e-eps-converted-to
.pdf>]
Underfull \hbox (badness 10000) in paragraph at lines 1034--1035


Overfull \vbox (32.53496pt too high) detected at line 1086

Overfull \vbox (32.53496pt too high) detected at line 1086

Underfull \hbox (badness 10000) in paragraph at lines 1110--1111


Underfull \hbox (badness 10000) in paragraph at lines 1110--1111


Underfull \hbox (badness 10000) in paragraph at lines 1110--1111


Overfull \vbox (68.66995pt too high) detected at line 1159

Overfull \vbox (68.66995pt too high) detected at line 1159


Package fancyhdr Warning: \headheight is too small (12.0pt): 
(fancyhdr)                Make it at least 14.0pt, for example:
(fancyhdr)                \setlength{\headheight}{14.0pt}.
(fancyhdr)                You might also make \topmargin smaller:
(fancyhdr)                \addtolength{\topmargin}{-2.0pt}.

[279 <./Book10/fig011g-eps-converted-to.pdf> <./Book10/fig011e-eps-converted-to
.pdf>]
Underfull \hbox (badness 10000) in paragraph at lines 1173--1174


Overfull \vbox (54.21617pt too high) detected at line 1212

Overfull \vbox (54.21617pt too high) detected at line 1212

Underfull \hbox (badness 10000) in paragraph at lines 1224--1225



Package fancyhdr Warning: \headheight is too small (12.0pt): 
(fancyhdr)                Make it at least 14.0pt, for example:
(fancyhdr)                \setlength{\headheight}{14.0pt}.
(fancyhdr)                You might also make \topmargin smaller:
(fancyhdr)                \addtolength{\topmargin}{-2.0pt}.

[280 <./Book10/fig012g-eps-converted-to.pdf> <./Book10/fig012e-eps-converted-to
.pdf> <./Book10/fig013g-eps-converted-to.pdf> <./Book10/fig013e-eps-converted-t
o.pdf>]
Overfull \vbox (83.12373pt too high) detected at line 1272

Overfull \vbox (83.12373pt too high) detected at line 1272

Underfull \hbox (badness 10000) in paragraph at lines 1299--1300


Underfull \hbox (badness 10000) in paragraph at lines 1299--1300


Underfull \hbox (badness 10000) in paragraph at lines 1299--1300


Underfull \hbox (badness 10000) in paragraph at lines 1299--1300


Underfull \hbox (badness 10000) in paragraph at lines 1299--1300


Underfull \hbox (badness 10000) in paragraph at lines 1299--1300


Overfull \vbox (140.93996pt too high) detected at line 1362

Overfull \vbox (140.93996pt too high) detected at line 1362


Package fancyhdr Warning: \headheight is too small (12.0pt): 
(fancyhdr)                Make it at least 14.0pt, for example:
(fancyhdr)                \setlength{\headheight}{14.0pt}.
(fancyhdr)                You might also make \topmargin smaller:
(fancyhdr)                \addtolength{\topmargin}{-2.0pt}.

[281 <./Book10/fig013ag-eps-converted-to.pdf> <./Book10/fig013ae-eps-converted-
to.pdf>]
Underfull \hbox (badness 10000) in paragraph at lines 1379--1380


Underfull \hbox (badness 10000) in paragraph at lines 1379--1380


Underfull \hbox (badness 10000) in paragraph at lines 1379--1380


Overfull \vbox (39.76239pt too high) detected at line 1434

Overfull \vbox (39.76239pt too high) detected at line 1434


Package fancyhdr Warning: \headheight is too small (12.0pt): 
(fancyhdr)                Make it at least 14.0pt, for example:
(fancyhdr)                \setlength{\headheight}{14.0pt}.
(fancyhdr)                You might also make \topmargin smaller:
(fancyhdr)                \addtolength{\topmargin}{-2.0pt}.

[282 <./Book10/fig014g-eps-converted-to.pdf> <./Book10/fig014e-eps-converted-to
.pdf> <./Book10/fig015g-eps-converted-to.pdf> <./Book10/fig015e-eps-converted-t
o.pdf>]
Underfull \hbox (badness 10000) in paragraph at lines 1448--1449


Underfull \hbox (badness 10000) in paragraph at lines 1448--1449


Overfull \vbox (39.76239pt too high) detected at line 1518

Overfull \vbox (39.76239pt too high) detected at line 1518


Package fancyhdr Warning: \headheight is too small (12.0pt): 
(fancyhdr)                Make it at least 14.0pt, for example:
(fancyhdr)                \setlength{\headheight}{14.0pt}.
(fancyhdr)                You might also make \topmargin smaller:
(fancyhdr)                \addtolength{\topmargin}{-2.0pt}.

[283]
Underfull \hbox (badness 10000) in paragraph at lines 1531--1532


Overfull \vbox (90.35118pt too high) detected at line 1566

Overfull \vbox (90.35118pt too high) detected at line 1566

Underfull \hbox (badness 10000) in paragraph at lines 1594--1595


Underfull \hbox (badness 10000) in paragraph at lines 1594--1595


Underfull \hbox (badness 10000) in paragraph at lines 1594--1595


Underfull \hbox (badness 10000) in paragraph at lines 1594--1595


Underfull \hbox (badness 10000) in paragraph at lines 1594--1595


Underfull \hbox (badness 10000) in paragraph at lines 1594--1595


Underfull \hbox (badness 10000) in paragraph at lines 1594--1595


Underfull \hbox (badness 10000) in paragraph at lines 1594--1595


Overfull \vbox (75.8974pt too high) detected at line 1709

Overfull \vbox (75.8974pt too high) detected at line 1709


Package fancyhdr Warning: \headheight is too small (12.0pt): 
(fancyhdr)                Make it at least 14.0pt, for example:
(fancyhdr)                \setlength{\headheight}{14.0pt}.
(fancyhdr)                You might also make \topmargin smaller:
(fancyhdr)                \addtolength{\topmargin}{-2.0pt}.

[284 <./Book10/fig016ag-eps-converted-to.pdf> <./Book10/fig016ae-eps-converted-
to.pdf>]

Package fancyhdr Warning: \headheight is too small (12.0pt): 
(fancyhdr)                Make it at least 14.0pt, for example:
(fancyhdr)                \setlength{\headheight}{14.0pt}.
(fancyhdr)                You might also make \topmargin smaller:
(fancyhdr)                \addtolength{\topmargin}{-2.0pt}.

[285 <./Book10/fig017g-eps-converted-to.pdf> <./Book10/fig017e-eps-converted-to
.pdf>]
Underfull \hbox (badness 10000) in paragraph at lines 1737--1738


Underfull \hbox (badness 10000) in paragraph at lines 1737--1738


Underfull \hbox (badness 10000) in paragraph at lines 1737--1738


Underfull \hbox (badness 10000) in paragraph at lines 1737--1738


Underfull \hbox (badness 10000) in paragraph at lines 1737--1738


Underfull \hbox (badness 10000) in paragraph at lines 1737--1738


Underfull \hbox (badness 10000) in paragraph at lines 1737--1738


Overfull \vbox (54.21617pt too high) detected at line 1821

Overfull \vbox (54.21617pt too high) detected at line 1821


Package fancyhdr Warning: \headheight is too small (12.0pt): 
(fancyhdr)                Make it at least 14.0pt, for example:
(fancyhdr)                \setlength{\headheight}{14.0pt}.
(fancyhdr)                You might also make \topmargin smaller:
(fancyhdr)                \addtolength{\topmargin}{-2.0pt}.

[286 <./Book10/fig018g-eps-converted-to.pdf> <./Book10/fig018e-eps-converted-to
.pdf>]
Underfull \hbox (badness 10000) in paragraph at lines 1839--1840


Overfull \vbox (140.93996pt too high) detected at line 1876

Overfull \vbox (140.93996pt too high) detected at line 1876

Underfull \hbox (badness 10000) in paragraph at lines 1888--1889


Underfull \hbox (badness 10000) in paragraph at lines 1888--1889


Overfull \vbox (169.84752pt too high) detected at line 1931

Overfull \vbox (169.84752pt too high) detected at line 1931


Package fancyhdr Warning: \headheight is too small (12.0pt): 
(fancyhdr)                Make it at least 14.0pt, for example:
(fancyhdr)                \setlength{\headheight}{14.0pt}.
(fancyhdr)                You might also make \topmargin smaller:
(fancyhdr)                \addtolength{\topmargin}{-2.0pt}.

[287 <./Book10/fig019g-eps-converted-to.pdf> <./Book10/fig019e-eps-converted-to
.pdf>]
Overfull \vbox (162.62117pt too high) detected at line 1984

Overfull \vbox (162.62117pt too high) detected at line 1984


Package fancyhdr Warning: \headheight is too small (12.0pt): 
(fancyhdr)                Make it at least 14.0pt, for example:
(fancyhdr)                \setlength{\headheight}{14.0pt}.
(fancyhdr)                You might also make \topmargin smaller:
(fancyhdr)                \addtolength{\topmargin}{-2.0pt}.

[288 <./Book10/fig020g-eps-converted-to.pdf> <./Book10/fig020e-eps-converted-to
.pdf>]
Underfull \hbox (badness 10000) in paragraph at lines 1999--2000


Overfull \vbox (75.8974pt too high) detected at line 2040

Overfull \vbox (75.8974pt too high) detected at line 2040

Underfull \hbox (badness 10000) in paragraph at lines 2058--2059


Underfull \hbox (badness 10000) in paragraph at lines 2058--2059


Underfull \hbox (badness 10000) in paragraph at lines 2058--2059


Overfull \vbox (140.93996pt too high) detected at line 2136

Overfull \vbox (140.93996pt too high) detected at line 2136


Package fancyhdr Warning: \headheight is too small (12.0pt): 
(fancyhdr)                Make it at least 14.0pt, for example:
(fancyhdr)                \setlength{\headheight}{14.0pt}.
(fancyhdr)                You might also make \topmargin smaller:
(fancyhdr)                \addtolength{\topmargin}{-2.0pt}.

[289 <./Book10/fig021ae-eps-converted-to.pdf> <./Book10/fig021ag-eps-converted-
to.pdf>]

Package fancyhdr Warning: \headheight is too small (12.0pt): 
(fancyhdr)                Make it at least 14.0pt, for example:
(fancyhdr)                \setlength{\headheight}{14.0pt}.
(fancyhdr)                You might also make \topmargin smaller:
(fancyhdr)                \addtolength{\topmargin}{-2.0pt}.

[290 <./Book10/fig022g-eps-converted-to.pdf> <./Book10/fig022e-eps-converted-to
.pdf>]
Underfull \hbox (badness 10000) in paragraph at lines 2137--2138


Underfull \hbox (badness 10000) in paragraph at lines 2168--2169


Underfull \hbox (badness 10000) in paragraph at lines 2168--2169


Underfull \hbox (badness 10000) in paragraph at lines 2168--2169


Underfull \hbox (badness 10000) in paragraph at lines 2168--2169


Underfull \hbox (badness 10000) in paragraph at lines 2168--2169


Overfull \vbox (148.1674pt too high) detected at line 2221

Overfull \vbox (148.1674pt too high) detected at line 2221

Underfull \hbox (badness 10000) in paragraph at lines 2245--2246


Underfull \hbox (badness 10000) in paragraph at lines 2245--2246


Underfull \hbox (badness 10000) in paragraph at lines 2245--2246


Overfull \vbox (155.39374pt too high) detected at line 2272

Overfull \vbox (155.39374pt too high) detected at line 2272


Package fancyhdr Warning: \headheight is too small (12.0pt): 
(fancyhdr)                Make it at least 14.0pt, for example:
(fancyhdr)                \setlength{\headheight}{14.0pt}.
(fancyhdr)                You might also make \topmargin smaller:
(fancyhdr)                \addtolength{\topmargin}{-2.0pt}.

[291 <./Book10/fig023g-eps-converted-to.pdf> <./Book10/fig023e-eps-converted-to
.pdf>]
Overfull \vbox (126.48618pt too high) detected at line 2380

Overfull \vbox (126.48618pt too high) detected at line 2380


Package fancyhdr Warning: \headheight is too small (12.0pt): 
(fancyhdr)                Make it at least 14.0pt, for example:
(fancyhdr)                \setlength{\headheight}{14.0pt}.
(fancyhdr)                You might also make \topmargin smaller:
(fancyhdr)                \addtolength{\topmargin}{-2.0pt}.

[292 <./Book10/fig024g-eps-converted-to.pdf> <./Book10/fig024e-eps-converted-to
.pdf> <./Book10/fig025g-eps-converted-to.pdf> <./Book10/fig025e-eps-converted-t
o.pdf>]
Underfull \hbox (badness 10000) in paragraph at lines 2392--2393


Overfull \vbox (126.48618pt too high) detected at line 2476

Overfull \vbox (126.48618pt too high) detected at line 2476


Package fancyhdr Warning: \headheight is too small (12.0pt): 
(fancyhdr)                Make it at least 14.0pt, for example:
(fancyhdr)                \setlength{\headheight}{14.0pt}.
(fancyhdr)                You might also make \topmargin smaller:
(fancyhdr)                \addtolength{\topmargin}{-2.0pt}.

[293 <./Book10/fig026g-eps-converted-to.pdf> <./Book10/fig026e-eps-converted-to
.pdf>]
Underfull \hbox (badness 10000) in paragraph at lines 2489--2490


Overfull \vbox (112.0324pt too high) detected at line 2548

Overfull \vbox (112.0324pt too high) detected at line 2548


Package fancyhdr Warning: \headheight is too small (12.0pt): 
(fancyhdr)                Make it at least 14.0pt, for example:
(fancyhdr)                \setlength{\headheight}{14.0pt}.
(fancyhdr)                You might also make \topmargin smaller:
(fancyhdr)                \addtolength{\topmargin}{-2.0pt}.

[294]
Overfull \vbox (46.98874pt too high) detected at line 2623

Overfull \vbox (46.98874pt too high) detected at line 2623


Package fancyhdr Warning: \headheight is too small (12.0pt): 
(fancyhdr)                Make it at least 14.0pt, for example:
(fancyhdr)                \setlength{\headheight}{14.0pt}.
(fancyhdr)                You might also make \topmargin smaller:
(fancyhdr)                \addtolength{\topmargin}{-2.0pt}.

[295 <./Book10/fig027e-eps-converted-to.pdf> <./Book10/fig027g-eps-converted-to
.pdf>]
Overfull \vbox (18.08118pt too high) detected at line 2693

Overfull \vbox (18.08118pt too high) detected at line 2693


Package fancyhdr Warning: \headheight is too small (12.0pt): 
(fancyhdr)                Make it at least 14.0pt, for example:
(fancyhdr)                \setlength{\headheight}{14.0pt}.
(fancyhdr)                You might also make \topmargin smaller:
(fancyhdr)                \addtolength{\topmargin}{-2.0pt}.

[296 <./Book10/fig028g-eps-converted-to.pdf> <./Book10/fig028e-eps-converted-to
.pdf> <./Book10/fig028ag-eps-converted-to.pdf> <./Book10/fig028ae-eps-converted
-to.pdf>]
Overfull \vbox (25.30751pt too high) detected at line 2801

Overfull \vbox (25.30751pt too high) detected at line 2801


Package fancyhdr Warning: \headheight is too small (12.0pt): 
(fancyhdr)                Make it at least 14.0pt, for example:
(fancyhdr)                \setlength{\headheight}{14.0pt}.
(fancyhdr)                You might also make \topmargin smaller:
(fancyhdr)                \addtolength{\topmargin}{-2.0pt}.

[297 <./Book10/fig028bg-eps-converted-to.pdf> <./Book10/fig028be-eps-converted-
to.pdf>]
Underfull \hbox (badness 10000) in paragraph at lines 2815--2816


Underfull \hbox (badness 10000) in paragraph at lines 2815--2816


Overfull \vbox (119.25873pt too high) detected at line 2900

Overfull \vbox (119.25873pt too high) detected at line 2900


Package fancyhdr Warning: \headheight is too small (12.0pt): 
(fancyhdr)                Make it at least 14.0pt, for example:
(fancyhdr)                \setlength{\headheight}{14.0pt}.
(fancyhdr)                You might also make \topmargin smaller:
(fancyhdr)                \addtolength{\topmargin}{-2.0pt}.

[298 <./Book10/fig029g-eps-converted-to.pdf> <./Book10/fig029e-eps-converted-to
.pdf>]
Underfull \hbox (badness 10000) in paragraph at lines 2916--2917


Underfull \hbox (badness 10000) in paragraph at lines 2916--2917


Overfull \vbox (119.25873pt too high) detected at line 2981

Overfull \vbox (119.25873pt too high) detected at line 2981


Package fancyhdr Warning: \headheight is too small (12.0pt): 
(fancyhdr)                Make it at least 14.0pt, for example:
(fancyhdr)                \setlength{\headheight}{14.0pt}.
(fancyhdr)                You might also make \topmargin smaller:
(fancyhdr)                \addtolength{\topmargin}{-2.0pt}.

[299 <./Book10/fig030g-eps-converted-to.pdf> <./Book10/fig030e-eps-converted-to
.pdf>]
Underfull \hbox (badness 10000) in paragraph at lines 2997--2998


Underfull \hbox (badness 10000) in paragraph at lines 2997--2998


Overfull \vbox (112.0324pt too high) detected at line 3077

Overfull \vbox (112.0324pt too high) detected at line 3077


Package fancyhdr Warning: \headheight is too small (12.0pt): 
(fancyhdr)                Make it at least 14.0pt, for example:
(fancyhdr)                \setlength{\headheight}{14.0pt}.
(fancyhdr)                You might also make \topmargin smaller:
(fancyhdr)                \addtolength{\topmargin}{-2.0pt}.

[300 <./Book10/fig031g-eps-converted-to.pdf> <./Book10/fig031e-eps-converted-to
.pdf>]
Underfull \hbox (badness 10000) in paragraph at lines 3094--3095


Underfull \hbox (badness 10000) in paragraph at lines 3094--3095


Overfull \vbox (50.60246pt too high) detected at line 3180

Overfull \vbox (50.60246pt too high) detected at line 3180


Package fancyhdr Warning: \headheight is too small (12.0pt): 
(fancyhdr)                Make it at least 14.0pt, for example:
(fancyhdr)                \setlength{\headheight}{14.0pt}.
(fancyhdr)                You might also make \topmargin smaller:
(fancyhdr)                \addtolength{\topmargin}{-2.0pt}.

[301 <./Book10/fig032g-eps-converted-to.pdf> <./Book10/fig032e-eps-converted-to
.pdf>]
Underfull \hbox (badness 10000) in paragraph at lines 3203--3204


Underfull \hbox (badness 10000) in paragraph at lines 3203--3204


Underfull \hbox (badness 10000) in paragraph at lines 3203--3204


Overfull \vbox (140.93996pt too high) detected at line 3274

Overfull \vbox (140.93996pt too high) detected at line 3274


Package fancyhdr Warning: \headheight is too small (12.0pt): 
(fancyhdr)                Make it at least 14.0pt, for example:
(fancyhdr)                \setlength{\headheight}{14.0pt}.
(fancyhdr)                You might also make \topmargin smaller:
(fancyhdr)                \addtolength{\topmargin}{-2.0pt}.

[302]
Underfull \hbox (badness 10000) in paragraph at lines 3296--3297


Underfull \hbox (badness 10000) in paragraph at lines 3296--3297


Underfull \hbox (badness 10000) in paragraph at lines 3296--3297


Overfull \vbox (68.66995pt too high) detected at line 3381

Overfull \vbox (68.66995pt too high) detected at line 3381


Package fancyhdr Warning: \headheight is too small (12.0pt): 
(fancyhdr)                Make it at least 14.0pt, for example:
(fancyhdr)                \setlength{\headheight}{14.0pt}.
(fancyhdr)                You might also make \topmargin smaller:
(fancyhdr)                \addtolength{\topmargin}{-2.0pt}.

[303 <./Book10/fig032ag-eps-converted-to.pdf> <./Book10/fig032ae-eps-converted-
to.pdf>]
Overfull \vbox (68.66995pt too high) detected at line 3479

Overfull \vbox (68.66995pt too high) detected at line 3479


Package fancyhdr Warning: \headheight is too small (12.0pt): 
(fancyhdr)                Make it at least 14.0pt, for example:
(fancyhdr)                \setlength{\headheight}{14.0pt}.
(fancyhdr)                You might also make \topmargin smaller:
(fancyhdr)                \addtolength{\topmargin}{-2.0pt}.

[304 <./Book10/fig033g-eps-converted-to.pdf> <./Book10/fig033e-eps-converted-to
.pdf>]
Overfull \vbox (68.66995pt too high) detected at line 3577

Overfull \vbox (68.66995pt too high) detected at line 3577


Package fancyhdr Warning: \headheight is too small (12.0pt): 
(fancyhdr)                Make it at least 14.0pt, for example:
(fancyhdr)                \setlength{\headheight}{14.0pt}.
(fancyhdr)                You might also make \topmargin smaller:
(fancyhdr)                \addtolength{\topmargin}{-2.0pt}.

[305 <./Book10/fig034g-eps-converted-to.pdf> <./Book10/fig034e-eps-converted-to
.pdf>]
Underfull \hbox (badness 10000) in paragraph at lines 3593--3594


Overfull \vbox (18.08118pt too high) detected at line 3648

Overfull \vbox (18.08118pt too high) detected at line 3648


Package fancyhdr Warning: \headheight is too small (12.0pt): 
(fancyhdr)                Make it at least 14.0pt, for example:
(fancyhdr)                \setlength{\headheight}{14.0pt}.
(fancyhdr)                You might also make \topmargin smaller:
(fancyhdr)                \addtolength{\topmargin}{-2.0pt}.

[306]
Underfull \hbox (badness 10000) in paragraph at lines 3666--3667


Overfull \vbox (18.08118pt too high) detected at line 3710

Overfull \vbox (18.08118pt too high) detected at line 3710


Package fancyhdr Warning: \headheight is too small (12.0pt): 
(fancyhdr)                Make it at least 14.0pt, for example:
(fancyhdr)                \setlength{\headheight}{14.0pt}.
(fancyhdr)                You might also make \topmargin smaller:
(fancyhdr)                \addtolength{\topmargin}{-2.0pt}.

[307 <./Book10/fig036g-eps-converted-to.pdf> <./Book10/fig036e-eps-converted-to
.pdf>]
Underfull \hbox (badness 10000) in paragraph at lines 3728--3729


Overfull \vbox (119.25873pt too high) detected at line 3809

Overfull \vbox (119.25873pt too high) detected at line 3809


Package fancyhdr Warning: \headheight is too small (12.0pt): 
(fancyhdr)                Make it at least 14.0pt, for example:
(fancyhdr)                \setlength{\headheight}{14.0pt}.
(fancyhdr)                You might also make \topmargin smaller:
(fancyhdr)                \addtolength{\topmargin}{-2.0pt}.

[308 <./Book10/fig038g-eps-converted-to.pdf> <./Book10/fig038e-eps-converted-to
.pdf>]
Underfull \hbox (badness 10000) in paragraph at lines 3831--3832


Overfull \vbox (18.08118pt too high) detected at line 3876

Overfull \vbox (18.08118pt too high) detected at line 3876


Package fancyhdr Warning: \headheight is too small (12.0pt): 
(fancyhdr)                Make it at least 14.0pt, for example:
(fancyhdr)                \setlength{\headheight}{14.0pt}.
(fancyhdr)                You might also make \topmargin smaller:
(fancyhdr)                \addtolength{\topmargin}{-2.0pt}.

[309]
Underfull \hbox (badness 10000) in paragraph at lines 3894--3895


Underfull \hbox (badness 10000) in paragraph at lines 3894--3895


Overfull \vbox (18.08118pt too high) detected at line 3937

Overfull \vbox (18.08118pt too high) detected at line 3937

Underfull \hbox (badness 10000) in paragraph at lines 3957--3958


Overfull \vbox (155.39374pt too high) detected at line 4021

Overfull \vbox (155.39374pt too high) detected at line 4021


Package fancyhdr Warning: \headheight is too small (12.0pt): 
(fancyhdr)                Make it at least 14.0pt, for example:
(fancyhdr)                \setlength{\headheight}{14.0pt}.
(fancyhdr)                You might also make \topmargin smaller:
(fancyhdr)                \addtolength{\topmargin}{-2.0pt}.

[310]
Underfull \hbox (badness 10000) in paragraph at lines 4041--4042


Overfull \vbox (18.08118pt too high) detected at line 4103

Overfull \vbox (18.08118pt too high) detected at line 4103


Package fancyhdr Warning: \headheight is too small (12.0pt): 
(fancyhdr)                Make it at least 14.0pt, for example:
(fancyhdr)                \setlength{\headheight}{14.0pt}.
(fancyhdr)                You might also make \topmargin smaller:
(fancyhdr)                \addtolength{\topmargin}{-2.0pt}.

[311 <./Book10/fig041g-eps-converted-to.pdf> <./Book10/fig041e-eps-converted-to
.pdf>]
Overfull \vbox (18.08118pt too high) detected at line 4194

Overfull \vbox (18.08118pt too high) detected at line 4194


Package fancyhdr Warning: \headheight is too small (12.0pt): 
(fancyhdr)                Make it at least 14.0pt, for example:
(fancyhdr)                \setlength{\headheight}{14.0pt}.
(fancyhdr)                You might also make \topmargin smaller:
(fancyhdr)                \addtolength{\topmargin}{-2.0pt}.

[312 <./Book10/fig041ag-eps-converted-to.pdf> <./Book10/fig041ae-eps-converted-
to.pdf> <./Book10/fig042g-eps-converted-to.pdf> <./Book10/fig042e-eps-converted
-to.pdf>]
Underfull \hbox (badness 10000) in paragraph at lines 4210--4211


Overfull \vbox (18.08118pt too high) detected at line 4267

Overfull \vbox (18.08118pt too high) detected at line 4267


Package fancyhdr Warning: \headheight is too small (12.0pt): 
(fancyhdr)                Make it at least 14.0pt, for example:
(fancyhdr)                \setlength{\headheight}{14.0pt}.
(fancyhdr)                You might also make \topmargin smaller:
(fancyhdr)                \addtolength{\topmargin}{-2.0pt}.

[313]
Underfull \hbox (badness 10000) in paragraph at lines 4287--4288


Underfull \hbox (badness 10000) in paragraph at lines 4287--4288


Underfull \hbox (badness 10000) in paragraph at lines 4287--4288


Overfull \vbox (104.80496pt too high) detected at line 4401

Overfull \vbox (104.80496pt too high) detected at line 4401


Package fancyhdr Warning: \headheight is too small (12.0pt): 
(fancyhdr)                Make it at least 14.0pt, for example:
(fancyhdr)                \setlength{\headheight}{14.0pt}.
(fancyhdr)                You might also make \topmargin smaller:
(fancyhdr)                \addtolength{\topmargin}{-2.0pt}.

[314 <./Book10/fig044g-eps-converted-to.pdf> <./Book10/fig044e-eps-converted-to
.pdf>]
Underfull \hbox (badness 10000) in paragraph at lines 4416--4417


Overfull \vbox (18.08118pt too high) detected at line 4472

Overfull \vbox (18.08118pt too high) detected at line 4472


Package fancyhdr Warning: \headheight is too small (12.0pt): 
(fancyhdr)                Make it at least 14.0pt, for example:
(fancyhdr)                \setlength{\headheight}{14.0pt}.
(fancyhdr)                You might also make \topmargin smaller:
(fancyhdr)                \addtolength{\topmargin}{-2.0pt}.

[315]
Overfull \vbox (18.08118pt too high) detected at line 4542

Overfull \vbox (18.08118pt too high) detected at line 4542

Underfull \hbox (badness 10000) in paragraph at lines 4556--4557


Overfull \vbox (140.93996pt too high) detected at line 4631

Overfull \vbox (140.93996pt too high) detected at line 4631


Package fancyhdr Warning: \headheight is too small (12.0pt): 
(fancyhdr)                Make it at least 14.0pt, for example:
(fancyhdr)                \setlength{\headheight}{14.0pt}.
(fancyhdr)                You might also make \topmargin smaller:
(fancyhdr)                \addtolength{\topmargin}{-2.0pt}.

[316]

Package fancyhdr Warning: \headheight is too small (12.0pt): 
(fancyhdr)                Make it at least 14.0pt, for example:
(fancyhdr)                \setlength{\headheight}{14.0pt}.
(fancyhdr)                You might also make \topmargin smaller:
(fancyhdr)                \addtolength{\topmargin}{-2.0pt}.

[317 <./Book10/fig047g-eps-converted-to.pdf> <./Book10/fig047e-eps-converted-to
.pdf>]
Underfull \hbox (badness 10000) in paragraph at lines 4729--4730


Underfull \hbox (badness 10000) in paragraph at lines 4729--4730


Underfull \hbox (badness 10000) in paragraph at lines 4729--4730


Underfull \hbox (badness 10000) in paragraph at lines 4729--4730


Underfull \hbox (badness 10000) in paragraph at lines 4729--4730


Overfull \vbox (68.66995pt too high) detected at line 4795

Overfull \vbox (68.66995pt too high) detected at line 4795


Package fancyhdr Warning: \headheight is too small (12.0pt): 
(fancyhdr)                Make it at least 14.0pt, for example:
(fancyhdr)                \setlength{\headheight}{14.0pt}.
(fancyhdr)                You might also make \topmargin smaller:
(fancyhdr)                \addtolength{\topmargin}{-2.0pt}.

[318]
Underfull \hbox (badness 10000) in paragraph at lines 4829--4830


Underfull \hbox (badness 10000) in paragraph at lines 4829--4830


Underfull \hbox (badness 10000) in paragraph at lines 4829--4830


Underfull \hbox (badness 10000) in paragraph at lines 4829--4830


Underfull \hbox (badness 10000) in paragraph at lines 4829--4830


Overfull \vbox (68.66995pt too high) detected at line 4896

Overfull \vbox (68.66995pt too high) detected at line 4896


Package fancyhdr Warning: \headheight is too small (12.0pt): 
(fancyhdr)                Make it at least 14.0pt, for example:
(fancyhdr)                \setlength{\headheight}{14.0pt}.
(fancyhdr)                You might also make \topmargin smaller:
(fancyhdr)                \addtolength{\topmargin}{-2.0pt}.

[319 <./Book10/fig048g-eps-converted-to.pdf> <./Book10/fig048e-eps-converted-to
.pdf>]
Underfull \hbox (badness 10000) in paragraph at lines 4937--4938


Underfull \hbox (badness 10000) in paragraph at lines 4937--4938


Underfull \hbox (badness 10000) in paragraph at lines 4937--4938


Underfull \hbox (badness 10000) in paragraph at lines 4937--4938


Underfull \hbox (badness 10000) in paragraph at lines 4937--4938


Underfull \hbox (badness 10000) in paragraph at lines 4937--4938


Underfull \hbox (badness 10000) in paragraph at lines 4937--4938


Overfull \vbox (75.8974pt too high) detected at line 5027

Overfull \vbox (75.8974pt too high) detected at line 5027


Package fancyhdr Warning: \headheight is too small (12.0pt): 
(fancyhdr)                Make it at least 14.0pt, for example:
(fancyhdr)                \setlength{\headheight}{14.0pt}.
(fancyhdr)                You might also make \topmargin smaller:
(fancyhdr)                \addtolength{\topmargin}{-2.0pt}.

[320 <./Book10/fig049g-eps-converted-to.pdf> <./Book10/fig049e-eps-converted-to
.pdf>]

Package fancyhdr Warning: \headheight is too small (12.0pt): 
(fancyhdr)                Make it at least 14.0pt, for example:
(fancyhdr)                \setlength{\headheight}{14.0pt}.
(fancyhdr)                You might also make \topmargin smaller:
(fancyhdr)                \addtolength{\topmargin}{-2.0pt}.

[321 <./Book10/fig050g-eps-converted-to.pdf> <./Book10/fig050e-eps-converted-to
.pdf>]
Overfull \vbox (83.12373pt too high) detected at line 5118

Overfull \vbox (83.12373pt too high) detected at line 5118


Package fancyhdr Warning: \headheight is too small (12.0pt): 
(fancyhdr)                Make it at least 14.0pt, for example:
(fancyhdr)                \setlength{\headheight}{14.0pt}.
(fancyhdr)                You might also make \topmargin smaller:
(fancyhdr)                \addtolength{\topmargin}{-2.0pt}.

[322 <./Book10/fig051g-eps-converted-to.pdf> <./Book10/fig051e-eps-converted-to
.pdf>]
Overfull \vbox (90.35118pt too high) detected at line 5212

Overfull \vbox (90.35118pt too high) detected at line 5212


Package fancyhdr Warning: \headheight is too small (12.0pt): 
(fancyhdr)                Make it at least 14.0pt, for example:
(fancyhdr)                \setlength{\headheight}{14.0pt}.
(fancyhdr)                You might also make \topmargin smaller:
(fancyhdr)                \addtolength{\topmargin}{-2.0pt}.

[323 <./Book10/fig052g-eps-converted-to.pdf> <./Book10/fig052e-eps-converted-to
.pdf>]
Overfull \vbox (68.66995pt too high) detected at line 5330

Overfull \vbox (68.66995pt too high) detected at line 5330


Package fancyhdr Warning: \headheight is too small (12.0pt): 
(fancyhdr)                Make it at least 14.0pt, for example:
(fancyhdr)                \setlength{\headheight}{14.0pt}.
(fancyhdr)                You might also make \topmargin smaller:
(fancyhdr)                \addtolength{\topmargin}{-2.0pt}.

[324 <./Book10/fig053g-eps-converted-to.pdf> <./Book10/fig053e-eps-converted-to
.pdf>]
Overfull \vbox (119.25873pt too high) detected at line 5410

Overfull \vbox (119.25873pt too high) detected at line 5410


Package fancyhdr Warning: \headheight is too small (12.0pt): 
(fancyhdr)                Make it at least 14.0pt, for example:
(fancyhdr)                \setlength{\headheight}{14.0pt}.
(fancyhdr)                You might also make \topmargin smaller:
(fancyhdr)                \addtolength{\topmargin}{-2.0pt}.

[325]
Overfull \vbox (90.35118pt too high) detected at line 5558

Overfull \vbox (90.35118pt too high) detected at line 5558


Package fancyhdr Warning: \headheight is too small (12.0pt): 
(fancyhdr)                Make it at least 14.0pt, for example:
(fancyhdr)                \setlength{\headheight}{14.0pt}.
(fancyhdr)                You might also make \topmargin smaller:
(fancyhdr)                \addtolength{\topmargin}{-2.0pt}.

[326 <./Book10/fig053ag-eps-converted-to.pdf> <./Book10/fig053ae-eps-converted-
to.pdf> <./Book10/fig054g-eps-converted-to.pdf> <./Book10/fig054e-eps-converted
-to.pdf>]
Overfull \vbox (90.35118pt too high) detected at line 5698

Overfull \vbox (90.35118pt too high) detected at line 5698


Package fancyhdr Warning: \headheight is too small (12.0pt): 
(fancyhdr)                Make it at least 14.0pt, for example:
(fancyhdr)                \setlength{\headheight}{14.0pt}.
(fancyhdr)                You might also make \topmargin smaller:
(fancyhdr)                \addtolength{\topmargin}{-2.0pt}.

[327]

Package fancyhdr Warning: \headheight is too small (12.0pt): 
(fancyhdr)                Make it at least 14.0pt, for example:
(fancyhdr)                \setlength{\headheight}{14.0pt}.
(fancyhdr)                You might also make \topmargin smaller:
(fancyhdr)                \addtolength{\topmargin}{-2.0pt}.

[328]
Overfull \vbox (90.35118pt too high) detected at line 5784

Overfull \vbox (90.35118pt too high) detected at line 5784


Package fancyhdr Warning: \headheight is too small (12.0pt): 
(fancyhdr)                Make it at least 14.0pt, for example:
(fancyhdr)                \setlength{\headheight}{14.0pt}.
(fancyhdr)                You might also make \topmargin smaller:
(fancyhdr)                \addtolength{\topmargin}{-2.0pt}.

[329]
Overfull \vbox (90.35118pt too high) detected at line 5893

Overfull \vbox (90.35118pt too high) detected at line 5893


Package fancyhdr Warning: \headheight is too small (12.0pt): 
(fancyhdr)                Make it at least 14.0pt, for example:
(fancyhdr)                \setlength{\headheight}{14.0pt}.
(fancyhdr)                You might also make \topmargin smaller:
(fancyhdr)                \addtolength{\topmargin}{-2.0pt}.

[330]
Underfull \hbox (badness 10000) in paragraph at lines 5921--5922


Underfull \hbox (badness 10000) in paragraph at lines 5921--5922


Underfull \hbox (badness 10000) in paragraph at lines 5921--5922


Overfull \vbox (93.96489pt too high) detected at line 5989

Overfull \vbox (93.96489pt too high) detected at line 5989


Package fancyhdr Warning: \headheight is too small (12.0pt): 
(fancyhdr)                Make it at least 14.0pt, for example:
(fancyhdr)                \setlength{\headheight}{14.0pt}.
(fancyhdr)                You might also make \topmargin smaller:
(fancyhdr)                \addtolength{\topmargin}{-2.0pt}.

[331]
Underfull \hbox (badness 10000) in paragraph at lines 6008--6009


Overfull \vbox (93.96489pt too high) detected at line 6076

Overfull \vbox (93.96489pt too high) detected at line 6076


Package fancyhdr Warning: \headheight is too small (12.0pt): 
(fancyhdr)                Make it at least 14.0pt, for example:
(fancyhdr)                \setlength{\headheight}{14.0pt}.
(fancyhdr)                You might also make \topmargin smaller:
(fancyhdr)                \addtolength{\topmargin}{-2.0pt}.

[332]
Overfull \vbox (18.08118pt too high) detected at line 6139

Overfull \vbox (18.08118pt too high) detected at line 6139


Package fancyhdr Warning: \headheight is too small (12.0pt): 
(fancyhdr)                Make it at least 14.0pt, for example:
(fancyhdr)                \setlength{\headheight}{14.0pt}.
(fancyhdr)                You might also make \topmargin smaller:
(fancyhdr)                \addtolength{\topmargin}{-2.0pt}.

[333 <./Book10/fig059ag-eps-converted-to.pdf> <./Book10/fig059ae-eps-converted-
to.pdf>]
Underfull \hbox (badness 10000) in paragraph at lines 6152--6153


Overfull \vbox (104.80496pt too high) detected at line 6269

Overfull \vbox (104.80496pt too high) detected at line 6269


Package fancyhdr Warning: \headheight is too small (12.0pt): 
(fancyhdr)                Make it at least 14.0pt, for example:
(fancyhdr)                \setlength{\headheight}{14.0pt}.
(fancyhdr)                You might also make \topmargin smaller:
(fancyhdr)                \addtolength{\topmargin}{-2.0pt}.

[334 <./Book10/fig060g-eps-converted-to.pdf> <./Book10/fig060e-eps-converted-to
.pdf>]
Underfull \hbox (badness 10000) in paragraph at lines 6300--6301


Underfull \hbox (badness 10000) in paragraph at lines 6300--6301


Underfull \hbox (badness 10000) in paragraph at lines 6300--6301


Underfull \hbox (badness 10000) in paragraph at lines 6300--6301


Underfull \hbox (badness 10000) in paragraph at lines 6300--6301


Underfull \hbox (badness 10000) in paragraph at lines 6300--6301


Underfull \hbox (badness 10000) in paragraph at lines 6300--6301


Underfull \hbox (badness 10000) in paragraph at lines 6300--6301


Overfull \vbox (108.41867pt too high) detected at line 6359

Overfull \vbox (108.41867pt too high) detected at line 6359


Package fancyhdr Warning: \headheight is too small (12.0pt): 
(fancyhdr)                Make it at least 14.0pt, for example:
(fancyhdr)                \setlength{\headheight}{14.0pt}.
(fancyhdr)                You might also make \topmargin smaller:
(fancyhdr)                \addtolength{\topmargin}{-2.0pt}.

[335]
Underfull \hbox (badness 10000) in paragraph at lines 6397--6398


Underfull \hbox (badness 10000) in paragraph at lines 6397--6398


Underfull \hbox (badness 10000) in paragraph at lines 6397--6398


Underfull \hbox (badness 10000) in paragraph at lines 6397--6398


Underfull \hbox (badness 10000) in paragraph at lines 6397--6398


Underfull \hbox (badness 10000) in paragraph at lines 6397--6398


Underfull \hbox (badness 10000) in paragraph at lines 6397--6398


Underfull \hbox (badness 10000) in paragraph at lines 6397--6398


Underfull \hbox (badness 10000) in paragraph at lines 6397--6398


Overfull \vbox (104.80496pt too high) detected at line 6458

Overfull \vbox (104.80496pt too high) detected at line 6458


Package fancyhdr Warning: \headheight is too small (12.0pt): 
(fancyhdr)                Make it at least 14.0pt, for example:
(fancyhdr)                \setlength{\headheight}{14.0pt}.
(fancyhdr)                You might also make \topmargin smaller:
(fancyhdr)                \addtolength{\topmargin}{-2.0pt}.

[336]
Underfull \hbox (badness 10000) in paragraph at lines 6478--6479


Overfull \vbox (112.0324pt too high) detected at line 6561

Overfull \vbox (112.0324pt too high) detected at line 6561


Package fancyhdr Warning: \headheight is too small (12.0pt): 
(fancyhdr)                Make it at least 14.0pt, for example:
(fancyhdr)                \setlength{\headheight}{14.0pt}.
(fancyhdr)                You might also make \topmargin smaller:
(fancyhdr)                \addtolength{\topmargin}{-2.0pt}.

[337]
Underfull \hbox (badness 10000) in paragraph at lines 6562--6564


Underfull \hbox (badness 10000) in paragraph at lines 6583--6584


Underfull \hbox (badness 10000) in paragraph at lines 6583--6584


Overfull \vbox (104.80496pt too high) detected at line 6657

Overfull \vbox (104.80496pt too high) detected at line 6657


Package fancyhdr Warning: \headheight is too small (12.0pt): 
(fancyhdr)                Make it at least 14.0pt, for example:
(fancyhdr)                \setlength{\headheight}{14.0pt}.
(fancyhdr)                You might also make \topmargin smaller:
(fancyhdr)                \addtolength{\topmargin}{-2.0pt}.

[338]
Underfull \hbox (badness 10000) in paragraph at lines 6676--6677


Underfull \hbox (badness 10000) in paragraph at lines 6676--6677


Overfull \vbox (112.0324pt too high) detected at line 6743

Overfull \vbox (112.0324pt too high) detected at line 6743


Package fancyhdr Warning: \headheight is too small (12.0pt): 
(fancyhdr)                Make it at least 14.0pt, for example:
(fancyhdr)                \setlength{\headheight}{14.0pt}.
(fancyhdr)                You might also make \topmargin smaller:
(fancyhdr)                \addtolength{\topmargin}{-2.0pt}.

[339]
Underfull \hbox (badness 10000) in paragraph at lines 6744--6746


Overfull \vbox (46.98874pt too high) detected at line 6866

Overfull \vbox (46.98874pt too high) detected at line 6866


Package fancyhdr Warning: \headheight is too small (12.0pt): 
(fancyhdr)                Make it at least 14.0pt, for example:
(fancyhdr)                \setlength{\headheight}{14.0pt}.
(fancyhdr)                You might also make \topmargin smaller:
(fancyhdr)                \addtolength{\topmargin}{-2.0pt}.

[340]

Package fancyhdr Warning: \headheight is too small (12.0pt): 
(fancyhdr)                Make it at least 14.0pt, for example:
(fancyhdr)                \setlength{\headheight}{14.0pt}.
(fancyhdr)                You might also make \topmargin smaller:
(fancyhdr)                \addtolength{\topmargin}{-2.0pt}.

[341 <./Book10/fig066g-eps-converted-to.pdf> <./Book10/fig066e-eps-converted-to
.pdf>]
Overfull \vbox (46.98874pt too high) detected at line 6959

Overfull \vbox (46.98874pt too high) detected at line 6959


Package fancyhdr Warning: \headheight is too small (12.0pt): 
(fancyhdr)                Make it at least 14.0pt, for example:
(fancyhdr)                \setlength{\headheight}{14.0pt}.
(fancyhdr)                You might also make \topmargin smaller:
(fancyhdr)                \addtolength{\topmargin}{-2.0pt}.

[342]
Underfull \hbox (badness 10000) in paragraph at lines 6971--6972


Overfull \vbox (46.98874pt too high) detected at line 7060

Overfull \vbox (46.98874pt too high) detected at line 7060


Package fancyhdr Warning: \headheight is too small (12.0pt): 
(fancyhdr)                Make it at least 14.0pt, for example:
(fancyhdr)                \setlength{\headheight}{14.0pt}.
(fancyhdr)                You might also make \topmargin smaller:
(fancyhdr)                \addtolength{\topmargin}{-2.0pt}.

[343]
Underfull \hbox (badness 10000) in paragraph at lines 7073--7074


Overfull \vbox (46.98874pt too high) detected at line 7127

Overfull \vbox (46.98874pt too high) detected at line 7127

Underfull \hbox (badness 10000) in paragraph at lines 7143--7144


Underfull \hbox (badness 10000) in paragraph at lines 7143--7144


Underfull \hbox (badness 10000) in paragraph at lines 7143--7144


Overfull \vbox (46.98874pt too high) detected at line 7199

Overfull \vbox (46.98874pt too high) detected at line 7199


Package fancyhdr Warning: \headheight is too small (12.0pt): 
(fancyhdr)                Make it at least 14.0pt, for example:
(fancyhdr)                \setlength{\headheight}{14.0pt}.
(fancyhdr)                You might also make \topmargin smaller:
(fancyhdr)                \addtolength{\topmargin}{-2.0pt}.

[344]
Underfull \hbox (badness 10000) in paragraph at lines 7274--7275


Underfull \hbox (badness 10000) in paragraph at lines 7274--7275


Underfull \hbox (badness 10000) in paragraph at lines 7274--7275


Underfull \hbox (badness 10000) in paragraph at lines 7274--7275


Underfull \hbox (badness 10000) in paragraph at lines 7274--7275


Underfull \hbox (badness 10000) in paragraph at lines 7274--7275


Underfull \hbox (badness 10000) in paragraph at lines 7274--7275


Underfull \hbox (badness 10000) in paragraph at lines 7274--7275


Underfull \hbox (badness 10000) in paragraph at lines 7274--7275


Underfull \hbox (badness 10000) in paragraph at lines 7274--7275


Underfull \hbox (badness 10000) in paragraph at lines 7274--7275


Underfull \hbox (badness 10000) in paragraph at lines 7274--7275


Underfull \hbox (badness 10000) in paragraph at lines 7274--7275


Underfull \hbox (badness 10000) in paragraph at lines 7274--7275


Underfull \hbox (badness 10000) in paragraph at lines 7274--7275


Underfull \hbox (badness 10000) in paragraph at lines 7274--7275


Underfull \hbox (badness 10000) in paragraph at lines 7274--7275


Underfull \hbox (badness 10000) in paragraph at lines 7274--7275


Underfull \hbox (badness 10000) in paragraph at lines 7274--7275


Underfull \hbox (badness 10000) in paragraph at lines 7274--7275


Underfull \hbox (badness 10000) in paragraph at lines 7274--7275


Underfull \hbox (badness 10000) in paragraph at lines 7274--7275


Underfull \hbox (badness 10000) in paragraph at lines 7274--7275


Underfull \hbox (badness 10000) in paragraph at lines 7274--7275


Underfull \hbox (badness 10000) in paragraph at lines 7274--7275


Underfull \hbox (badness 10000) in paragraph at lines 7274--7275


Overfull \vbox (140.93996pt too high) detected at line 7378

Overfull \vbox (140.93996pt too high) detected at line 7378


Package fancyhdr Warning: \headheight is too small (12.0pt): 
(fancyhdr)                Make it at least 14.0pt, for example:
(fancyhdr)                \setlength{\headheight}{14.0pt}.
(fancyhdr)                You might also make \topmargin smaller:
(fancyhdr)                \addtolength{\topmargin}{-2.0pt}.

[345]

Package fancyhdr Warning: \headheight is too small (12.0pt): 
(fancyhdr)                Make it at least 14.0pt, for example:
(fancyhdr)                \setlength{\headheight}{14.0pt}.
(fancyhdr)                You might also make \topmargin smaller:
(fancyhdr)                \addtolength{\topmargin}{-2.0pt}.

[346]
Underfull \hbox (badness 10000) in paragraph at lines 7425--7426


Underfull \hbox (badness 10000) in paragraph at lines 7425--7426


Underfull \hbox (badness 10000) in paragraph at lines 7425--7426


Underfull \hbox (badness 10000) in paragraph at lines 7425--7426


Underfull \hbox (badness 10000) in paragraph at lines 7425--7426


Underfull \hbox (badness 10000) in paragraph at lines 7425--7426


Underfull \hbox (badness 10000) in paragraph at lines 7425--7426


Underfull \hbox (badness 10000) in paragraph at lines 7425--7426


Underfull \hbox (badness 10000) in paragraph at lines 7425--7426


Underfull \hbox (badness 10000) in paragraph at lines 7425--7426


Underfull \hbox (badness 10000) in paragraph at lines 7425--7426


Underfull \hbox (badness 10000) in paragraph at lines 7425--7426


Underfull \hbox (badness 10000) in paragraph at lines 7425--7426


Underfull \hbox (badness 10000) in paragraph at lines 7425--7426


Underfull \hbox (badness 10000) in paragraph at lines 7436--7437


Underfull \hbox (badness 10000) in paragraph at lines 7516--7519


Overfull \hbox (7.93451pt too wide) in paragraph at lines 7520--7539
[]\OT1/txr/m/n/10 A bi-no-mial (straight-line), and the (other) ir-ra-tional (s
traight-

Overfull \vbox (140.93996pt too high) detected at line 7540

Overfull \vbox (140.93996pt too high) detected at line 7540


Package fancyhdr Warning: \headheight is too small (12.0pt): 
(fancyhdr)                Make it at least 14.0pt, for example:
(fancyhdr)                \setlength{\headheight}{14.0pt}.
(fancyhdr)                You might also make \topmargin smaller:
(fancyhdr)                \addtolength{\topmargin}{-2.0pt}.

[347 <./Book10/fig071g-eps-converted-to.pdf> <./Book10/fig071e-eps-converted-to
.pdf>]

Package fancyhdr Warning: \headheight is too small (12.0pt): 
(fancyhdr)                Make it at least 14.0pt, for example:
(fancyhdr)                \setlength{\headheight}{14.0pt}.
(fancyhdr)                You might also make \topmargin smaller:
(fancyhdr)                \addtolength{\topmargin}{-2.0pt}.

[348]
Underfull \hbox (badness 10000) in paragraph at lines 7553--7554


Underfull \hbox (badness 10000) in paragraph at lines 7553--7554


Overfull \vbox (18.08118pt too high) detected at line 7602

Overfull \vbox (18.08118pt too high) detected at line 7602


Package fancyhdr Warning: \headheight is too small (12.0pt): 
(fancyhdr)                Make it at least 14.0pt, for example:
(fancyhdr)                \setlength{\headheight}{14.0pt}.
(fancyhdr)                You might also make \topmargin smaller:
(fancyhdr)                \addtolength{\topmargin}{-2.0pt}.

[349 <./Book10/fig073g-eps-converted-to.pdf> <./Book10/fig073e-eps-converted-to
.pdf>]
Underfull \hbox (badness 10000) in paragraph at lines 7617--7618


Underfull \hbox (badness 10000) in paragraph at lines 7617--7618


Underfull \hbox (badness 10000) in paragraph at lines 7617--7618


Overfull \vbox (18.08118pt too high) detected at line 7668

Overfull \vbox (18.08118pt too high) detected at line 7668

Underfull \hbox (badness 10000) in paragraph at lines 7689--7690


Underfull \hbox (badness 10000) in paragraph at lines 7689--7690


Underfull \hbox (badness 10000) in paragraph at lines 7689--7690


Underfull \hbox (badness 10000) in paragraph at lines 7689--7690


Underfull \hbox (badness 10000) in paragraph at lines 7689--7690


Overfull \vbox (119.25873pt too high) detected at line 7779

Overfull \vbox (119.25873pt too high) detected at line 7779


Package fancyhdr Warning: \headheight is too small (12.0pt): 
(fancyhdr)                Make it at least 14.0pt, for example:
(fancyhdr)                \setlength{\headheight}{14.0pt}.
(fancyhdr)                You might also make \topmargin smaller:
(fancyhdr)                \addtolength{\topmargin}{-2.0pt}.

[350]

Package fancyhdr Warning: \headheight is too small (12.0pt): 
(fancyhdr)                Make it at least 14.0pt, for example:
(fancyhdr)                \setlength{\headheight}{14.0pt}.
(fancyhdr)                You might also make \topmargin smaller:
(fancyhdr)                \addtolength{\topmargin}{-2.0pt}.

[351 <./Book10/fig075g-eps-converted-to.pdf> <./Book10/fig075e-eps-converted-to
.pdf>]
Underfull \hbox (badness 10000) in paragraph at lines 7795--7796


Underfull \hbox (badness 10000) in paragraph at lines 7795--7796


Overfull \vbox (15.91316pt too high) detected at line 7841

Overfull \vbox (15.91316pt too high) detected at line 7841

Underfull \hbox (badness 10000) in paragraph at lines 7858--7859


Overfull \vbox (15.91316pt too high) detected at line 7908

Overfull \vbox (15.91316pt too high) detected at line 7908


Package fancyhdr Warning: \headheight is too small (12.0pt): 
(fancyhdr)                Make it at least 14.0pt, for example:
(fancyhdr)                \setlength{\headheight}{14.0pt}.
(fancyhdr)                You might also make \topmargin smaller:
(fancyhdr)                \addtolength{\topmargin}{-2.0pt}.

[352]
Underfull \hbox (badness 10000) in paragraph at lines 7926--7927


Underfull \hbox (badness 10000) in paragraph at lines 7926--7927


Overfull \vbox (119.25873pt too high) detected at line 8005

Overfull \vbox (119.25873pt too high) detected at line 8005


Package fancyhdr Warning: \headheight is too small (12.0pt): 
(fancyhdr)                Make it at least 14.0pt, for example:
(fancyhdr)                \setlength{\headheight}{14.0pt}.
(fancyhdr)                You might also make \topmargin smaller:
(fancyhdr)                \addtolength{\topmargin}{-2.0pt}.

[353 <./Book10/fig078g-eps-converted-to.pdf> <./Book10/fig078e-eps-converted-to
.pdf>]
Underfull \hbox (badness 10000) in paragraph at lines 8019--8020


Overfull \vbox (15.18976pt too high) detected at line 8084

Overfull \vbox (15.91316pt too high) detected at line 8084


Package fancyhdr Warning: \headheight is too small (12.0pt): 
(fancyhdr)                Make it at least 14.0pt, for example:
(fancyhdr)                \setlength{\headheight}{14.0pt}.
(fancyhdr)                You might also make \topmargin smaller:
(fancyhdr)                \addtolength{\topmargin}{-2.0pt}.

[354 <./Book10/fig079e-eps-converted-to.pdf> <./Book10/fig079g-eps-converted-to
.pdf>]
Underfull \hbox (badness 10000) in paragraph at lines 8101--8102


Overfull \vbox (15.18976pt too high) detected at line 8177

Overfull \vbox (15.18976pt too high) detected at line 8177

Underfull \hbox (badness 10000) in paragraph at lines 8194--8195


Overfull \vbox (112.0324pt too high) detected at line 8323

Overfull \vbox (112.0324pt too high) detected at line 8323


Package fancyhdr Warning: \headheight is too small (12.0pt): 
(fancyhdr)                Make it at least 14.0pt, for example:
(fancyhdr)                \setlength{\headheight}{14.0pt}.
(fancyhdr)                You might also make \topmargin smaller:
(fancyhdr)                \addtolength{\topmargin}{-2.0pt}.

[355]

Package fancyhdr Warning: \headheight is too small (12.0pt): 
(fancyhdr)                Make it at least 14.0pt, for example:
(fancyhdr)                \setlength{\headheight}{14.0pt}.
(fancyhdr)                You might also make \topmargin smaller:
(fancyhdr)                \addtolength{\topmargin}{-2.0pt}.

[356 <./Book10/fig081g-eps-converted-to.pdf> <./Book10/fig081e-eps-converted-to
.pdf>]
Underfull \hbox (badness 10000) in paragraph at lines 8341--8342


Overfull \vbox (14.46745pt too high) detected at line 8406

Overfull \vbox (14.46745pt too high) detected at line 8406


Package fancyhdr Warning: \headheight is too small (12.0pt): 
(fancyhdr)                Make it at least 14.0pt, for example:
(fancyhdr)                \setlength{\headheight}{14.0pt}.
(fancyhdr)                You might also make \topmargin smaller:
(fancyhdr)                \addtolength{\topmargin}{-2.0pt}.

[357]
Underfull \hbox (badness 10000) in paragraph at lines 8423--8424


Underfull \hbox (badness 10000) in paragraph at lines 8423--8424


Overfull \vbox (14.46745pt too high) detected at line 8488

Overfull \vbox (14.46745pt too high) detected at line 8488

Underfull \hbox (badness 10000) in paragraph at lines 8510--8511


Underfull \hbox (badness 10000) in paragraph at lines 8510--8511


Underfull \hbox (badness 10000) in paragraph at lines 8510--8511


Underfull \hbox (badness 10000) in paragraph at lines 8510--8511


Overfull \vbox (112.0324pt too high) detected at line 8608

Overfull \vbox (112.0324pt too high) detected at line 8608


Package fancyhdr Warning: \headheight is too small (12.0pt): 
(fancyhdr)                Make it at least 14.0pt, for example:
(fancyhdr)                \setlength{\headheight}{14.0pt}.
(fancyhdr)                You might also make \topmargin smaller:
(fancyhdr)                \addtolength{\topmargin}{-2.0pt}.

[358]

Package fancyhdr Warning: \headheight is too small (12.0pt): 
(fancyhdr)                Make it at least 14.0pt, for example:
(fancyhdr)                \setlength{\headheight}{14.0pt}.
(fancyhdr)                You might also make \topmargin smaller:
(fancyhdr)                \addtolength{\topmargin}{-2.0pt}.

[359]

Package fancyhdr Warning: \headheight is too small (12.0pt): 
(fancyhdr)                Make it at least 14.0pt, for example:
(fancyhdr)                \setlength{\headheight}{14.0pt}.
(fancyhdr)                You might also make \topmargin smaller:
(fancyhdr)                \addtolength{\topmargin}{-2.0pt}.

[360]
Overfull \vbox (43.37502pt too high) detected at line 8784

Overfull \vbox (43.37502pt too high) detected at line 8784

Underfull \hbox (badness 10000) in paragraph at lines 8811--8812


Underfull \hbox (badness 10000) in paragraph at lines 8811--8812


Underfull \hbox (badness 10000) in paragraph at lines 8811--8812


Underfull \hbox (badness 10000) in paragraph at lines 8811--8812


Overfull \vbox (43.37502pt too high) detected at line 8876

Overfull \vbox (43.37502pt too high) detected at line 8876


Package fancyhdr Warning: \headheight is too small (12.0pt): 
(fancyhdr)                Make it at least 14.0pt, for example:
(fancyhdr)                \setlength{\headheight}{14.0pt}.
(fancyhdr)                You might also make \topmargin smaller:
(fancyhdr)                \addtolength{\topmargin}{-2.0pt}.

[361 <./Book10/fig085g-eps-converted-to.pdf> <./Book10/fig085e-eps-converted-to
.pdf>]
Overfull \vbox (68.66995pt too high) detected at line 9014

Overfull \vbox (68.66995pt too high) detected at line 9014


Package fancyhdr Warning: \headheight is too small (12.0pt): 
(fancyhdr)                Make it at least 14.0pt, for example:
(fancyhdr)                \setlength{\headheight}{14.0pt}.
(fancyhdr)                You might also make \topmargin smaller:
(fancyhdr)                \addtolength{\topmargin}{-2.0pt}.

[362 <./Book10/fig086g-eps-converted-to.pdf> <./Book10/fig086e-eps-converted-to
.pdf>]

Package fancyhdr Warning: \headheight is too small (12.0pt): 
(fancyhdr)                Make it at least 14.0pt, for example:
(fancyhdr)                \setlength{\headheight}{14.0pt}.
(fancyhdr)                You might also make \topmargin smaller:
(fancyhdr)                \addtolength{\topmargin}{-2.0pt}.

[363 <./Book10/fig087g-eps-converted-to.pdf> <./Book10/fig087e-eps-converted-to
.pdf>]
Overfull \vbox (43.37502pt too high) detected at line 9114

Overfull \vbox (43.37502pt too high) detected at line 9114


Package fancyhdr Warning: \headheight is too small (12.0pt): 
(fancyhdr)                Make it at least 14.0pt, for example:
(fancyhdr)                \setlength{\headheight}{14.0pt}.
(fancyhdr)                You might also make \topmargin smaller:
(fancyhdr)                \addtolength{\topmargin}{-2.0pt}.

[364 <./Book10/fig088g-eps-converted-to.pdf> <./Book10/fig088e-eps-converted-to
.pdf>]
Overfull \vbox (39.76239pt too high) detected at line 9214

Overfull \vbox (39.76239pt too high) detected at line 9214


Package fancyhdr Warning: \headheight is too small (12.0pt): 
(fancyhdr)                Make it at least 14.0pt, for example:
(fancyhdr)                \setlength{\headheight}{14.0pt}.
(fancyhdr)                You might also make \topmargin smaller:
(fancyhdr)                \addtolength{\topmargin}{-2.0pt}.

[365 <./Book10/fig089g-eps-converted-to.pdf> <./Book10/fig089e-eps-converted-to
.pdf>]
Underfull \hbox (badness 10000) in paragraph at lines 9235--9236


Overfull \vbox (75.8974pt too high) detected at line 9355

Overfull \vbox (75.8974pt too high) detected at line 9355


Package fancyhdr Warning: \headheight is too small (12.0pt): 
(fancyhdr)                Make it at least 14.0pt, for example:
(fancyhdr)                \setlength{\headheight}{14.0pt}.
(fancyhdr)                You might also make \topmargin smaller:
(fancyhdr)                \addtolength{\topmargin}{-2.0pt}.

[366 <./Book10/fig090g-eps-converted-to.pdf> <./Book10/fig090e-eps-converted-to
.pdf>]
Underfull \hbox (badness 10000) in paragraph at lines 9385--9386


Underfull \hbox (badness 10000) in paragraph at lines 9385--9386


Underfull \hbox (badness 10000) in paragraph at lines 9385--9386


Underfull \hbox (badness 10000) in paragraph at lines 9385--9386


Underfull \hbox (badness 10000) in paragraph at lines 9385--9386


Overfull \vbox (90.35118pt too high) detected at line 9514

Overfull \vbox (90.35118pt too high) detected at line 9514


Package fancyhdr Warning: \headheight is too small (12.0pt): 
(fancyhdr)                Make it at least 14.0pt, for example:
(fancyhdr)                \setlength{\headheight}{14.0pt}.
(fancyhdr)                You might also make \topmargin smaller:
(fancyhdr)                \addtolength{\topmargin}{-2.0pt}.

[367]

Package fancyhdr Warning: \headheight is too small (12.0pt): 
(fancyhdr)                Make it at least 14.0pt, for example:
(fancyhdr)                \setlength{\headheight}{14.0pt}.
(fancyhdr)                You might also make \topmargin smaller:
(fancyhdr)                \addtolength{\topmargin}{-2.0pt}.

[368 <./Book10/fig091g-eps-converted-to.pdf> <./Book10/fig091e-eps-converted-to
.pdf>]
Underfull \hbox (badness 10000) in paragraph at lines 9527--9528


Overfull \vbox (90.35118pt too high) detected at line 9668

Overfull \vbox (90.35118pt too high) detected at line 9668


Package fancyhdr Warning: \headheight is too small (12.0pt): 
(fancyhdr)                Make it at least 14.0pt, for example:
(fancyhdr)                \setlength{\headheight}{14.0pt}.
(fancyhdr)                You might also make \topmargin smaller:
(fancyhdr)                \addtolength{\topmargin}{-2.0pt}.

[369 <./Book10/fig092g-eps-converted-to.pdf> <./Book10/fig092e-eps-converted-to
.pdf>]
Underfull \hbox (badness 10000) in paragraph at lines 9688--9689


Overfull \vbox (90.35118pt too high) detected at line 9849

Overfull \vbox (90.35118pt too high) detected at line 9849


Package fancyhdr Warning: \headheight is too small (12.0pt): 
(fancyhdr)                Make it at least 14.0pt, for example:
(fancyhdr)                \setlength{\headheight}{14.0pt}.
(fancyhdr)                You might also make \topmargin smaller:
(fancyhdr)                \addtolength{\topmargin}{-2.0pt}.

[370]

Package fancyhdr Warning: \headheight is too small (12.0pt): 
(fancyhdr)                Make it at least 14.0pt, for example:
(fancyhdr)                \setlength{\headheight}{14.0pt}.
(fancyhdr)                You might also make \topmargin smaller:
(fancyhdr)                \addtolength{\topmargin}{-2.0pt}.

[371 <./Book10/fig093g-eps-converted-to.pdf> <./Book10/fig093e-eps-converted-to
.pdf>]
Underfull \hbox (badness 10000) in paragraph at lines 9887--9888


Underfull \hbox (badness 10000) in paragraph at lines 9887--9888


Underfull \hbox (badness 10000) in paragraph at lines 9887--9888


Underfull \hbox (badness 10000) in paragraph at lines 9887--9888


Underfull \hbox (badness 10000) in paragraph at lines 9887--9888


Underfull \hbox (badness 10000) in paragraph at lines 9887--9888


Underfull \hbox (badness 10000) in paragraph at lines 9887--9888


Underfull \hbox (badness 10000) in paragraph at lines 9887--9888


Underfull \hbox (badness 10000) in paragraph at lines 9887--9888


Overfull \vbox (90.35118pt too high) detected at line 9996

Overfull \vbox (90.35118pt too high) detected at line 9996


Package fancyhdr Warning: \headheight is too small (12.0pt): 
(fancyhdr)                Make it at least 14.0pt, for example:
(fancyhdr)                \setlength{\headheight}{14.0pt}.
(fancyhdr)                You might also make \topmargin smaller:
(fancyhdr)                \addtolength{\topmargin}{-2.0pt}.

[372]

Package fancyhdr Warning: \headheight is too small (12.0pt): 
(fancyhdr)                Make it at least 14.0pt, for example:
(fancyhdr)                \setlength{\headheight}{14.0pt}.
(fancyhdr)                You might also make \topmargin smaller:
(fancyhdr)                \addtolength{\topmargin}{-2.0pt}.

[373]
Overfull \vbox (90.35118pt too high) detected at line 10107

Overfull \vbox (90.35118pt too high) detected at line 10107


Package fancyhdr Warning: \headheight is too small (12.0pt): 
(fancyhdr)                Make it at least 14.0pt, for example:
(fancyhdr)                \setlength{\headheight}{14.0pt}.
(fancyhdr)                You might also make \topmargin smaller:
(fancyhdr)                \addtolength{\topmargin}{-2.0pt}.

[374]
Underfull \hbox (badness 10000) in paragraph at lines 10120--10121


Underfull \hbox (badness 10000) in paragraph at lines 10232--10232


Overfull \vbox (90.35118pt too high) detected at line 10233

Overfull \vbox (90.35118pt too high) detected at line 10233


Package fancyhdr Warning: \headheight is too small (12.0pt): 
(fancyhdr)                Make it at least 14.0pt, for example:
(fancyhdr)                \setlength{\headheight}{14.0pt}.
(fancyhdr)                You might also make \topmargin smaller:
(fancyhdr)                \addtolength{\topmargin}{-2.0pt}.

[375]
Overfull \vbox (112.0324pt too high) detected at line 10377

Overfull \vbox (112.0324pt too high) detected at line 10377


Package fancyhdr Warning: \headheight is too small (12.0pt): 
(fancyhdr)                Make it at least 14.0pt, for example:
(fancyhdr)                \setlength{\headheight}{14.0pt}.
(fancyhdr)                You might also make \topmargin smaller:
(fancyhdr)                \addtolength{\topmargin}{-2.0pt}.

[376]

Package fancyhdr Warning: \headheight is too small (12.0pt): 
(fancyhdr)                Make it at least 14.0pt, for example:
(fancyhdr)                \setlength{\headheight}{14.0pt}.
(fancyhdr)                You might also make \topmargin smaller:
(fancyhdr)                \addtolength{\topmargin}{-2.0pt}.

[377 <./Book10/fig097g-eps-converted-to.pdf> <./Book10/fig097e-eps-converted-to
.pdf>]
Underfull \hbox (badness 10000) in paragraph at lines 10417--10418


Underfull \hbox (badness 10000) in paragraph at lines 10417--10418


Underfull \hbox (badness 10000) in paragraph at lines 10417--10418


Underfull \hbox (badness 10000) in paragraph at lines 10417--10418


Underfull \hbox (badness 10000) in paragraph at lines 10417--10418


Underfull \hbox (badness 10000) in paragraph at lines 10417--10418


Underfull \hbox (badness 10000) in paragraph at lines 10417--10418


Underfull \hbox (badness 10000) in paragraph at lines 10417--10418


Underfull \hbox (badness 10000) in paragraph at lines 10417--10418


Overfull \vbox (112.0324pt too high) detected at line 10519

Overfull \vbox (112.0324pt too high) detected at line 10519


Package fancyhdr Warning: \headheight is too small (12.0pt): 
(fancyhdr)                Make it at least 14.0pt, for example:
(fancyhdr)                \setlength{\headheight}{14.0pt}.
(fancyhdr)                You might also make \topmargin smaller:
(fancyhdr)                \addtolength{\topmargin}{-2.0pt}.

[378]
Underfull \hbox (badness 10000) in paragraph at lines 10536--10537


Underfull \hbox (badness 10000) in paragraph at lines 10536--10537


Overfull \vbox (112.0324pt too high) detected at line 10671

Overfull \vbox (112.0324pt too high) detected at line 10671


Package fancyhdr Warning: \headheight is too small (12.0pt): 
(fancyhdr)                Make it at least 14.0pt, for example:
(fancyhdr)                \setlength{\headheight}{14.0pt}.
(fancyhdr)                You might also make \topmargin smaller:
(fancyhdr)                \addtolength{\topmargin}{-2.0pt}.

[379]

Package fancyhdr Warning: \headheight is too small (12.0pt): 
(fancyhdr)                Make it at least 14.0pt, for example:
(fancyhdr)                \setlength{\headheight}{14.0pt}.
(fancyhdr)                You might also make \topmargin smaller:
(fancyhdr)                \addtolength{\topmargin}{-2.0pt}.

[380]
Overfull \vbox (112.0324pt too high) detected at line 10815

Overfull \vbox (112.0324pt too high) detected at line 10815


Package fancyhdr Warning: \headheight is too small (12.0pt): 
(fancyhdr)                Make it at least 14.0pt, for example:
(fancyhdr)                \setlength{\headheight}{14.0pt}.
(fancyhdr)                You might also make \topmargin smaller:
(fancyhdr)                \addtolength{\topmargin}{-2.0pt}.

[381]

Package fancyhdr Warning: \headheight is too small (12.0pt): 
(fancyhdr)                Make it at least 14.0pt, for example:
(fancyhdr)                \setlength{\headheight}{14.0pt}.
(fancyhdr)                You might also make \topmargin smaller:
(fancyhdr)                \addtolength{\topmargin}{-2.0pt}.

[382]
Underfull \hbox (badness 10000) in paragraph at lines 10828--10829


Overfull \vbox (112.0324pt too high) detected at line 10938

Overfull \vbox (112.0324pt too high) detected at line 10938


Package fancyhdr Warning: \headheight is too small (12.0pt): 
(fancyhdr)                Make it at least 14.0pt, for example:
(fancyhdr)                \setlength{\headheight}{14.0pt}.
(fancyhdr)                You might also make \topmargin smaller:
(fancyhdr)                \addtolength{\topmargin}{-2.0pt}.

[383]
Underfull \hbox (badness 10000) in paragraph at lines 10951--10952


Underfull \hbox (badness 10000) in paragraph at lines 11054--11074


Overfull \vbox (112.0324pt too high) detected at line 11075

Overfull \vbox (112.0324pt too high) detected at line 11075


Package fancyhdr Warning: \headheight is too small (12.0pt): 
(fancyhdr)                Make it at least 14.0pt, for example:
(fancyhdr)                \setlength{\headheight}{14.0pt}.
(fancyhdr)                You might also make \topmargin smaller:
(fancyhdr)                \addtolength{\topmargin}{-2.0pt}.

[384]
Overfull \vbox (46.98874pt too high) detected at line 11181

Overfull \vbox (46.98874pt too high) detected at line 11181


Package fancyhdr Warning: \headheight is too small (12.0pt): 
(fancyhdr)                Make it at least 14.0pt, for example:
(fancyhdr)                \setlength{\headheight}{14.0pt}.
(fancyhdr)                You might also make \topmargin smaller:
(fancyhdr)                \addtolength{\topmargin}{-2.0pt}.

[385]
Underfull \hbox (badness 10000) in paragraph at lines 11194--11195


Overfull \vbox (46.98874pt too high) detected at line 11275

Overfull \vbox (46.98874pt too high) detected at line 11275


Package fancyhdr Warning: \headheight is too small (12.0pt): 
(fancyhdr)                Make it at least 14.0pt, for example:
(fancyhdr)                \setlength{\headheight}{14.0pt}.
(fancyhdr)                You might also make \topmargin smaller:
(fancyhdr)                \addtolength{\topmargin}{-2.0pt}.

[386 <./Book10/fig103g-eps-converted-to.pdf> <./Book10/fig103e-eps-converted-to
.pdf>]
Underfull \hbox (badness 10000) in paragraph at lines 11290--11291


Underfull \hbox (badness 10000) in paragraph at lines 11290--11291


Overfull \vbox (46.98874pt too high) detected at line 11358

Overfull \vbox (46.98874pt too high) detected at line 11358


Package fancyhdr Warning: \headheight is too small (12.0pt): 
(fancyhdr)                Make it at least 14.0pt, for example:
(fancyhdr)                \setlength{\headheight}{14.0pt}.
(fancyhdr)                You might also make \topmargin smaller:
(fancyhdr)                \addtolength{\topmargin}{-2.0pt}.

[387]
Underfull \hbox (badness 10000) in paragraph at lines 11389--11390


Underfull \hbox (badness 10000) in paragraph at lines 11389--11390


Underfull \hbox (badness 10000) in paragraph at lines 11389--11390


Underfull \hbox (badness 10000) in paragraph at lines 11389--11390


Underfull \hbox (badness 10000) in paragraph at lines 11389--11390


Underfull \hbox (badness 10000) in paragraph at lines 11389--11390


Overfull \vbox (46.98874pt too high) detected at line 11433

Overfull \vbox (46.98874pt too high) detected at line 11433


Package fancyhdr Warning: \headheight is too small (12.0pt): 
(fancyhdr)                Make it at least 14.0pt, for example:
(fancyhdr)                \setlength{\headheight}{14.0pt}.
(fancyhdr)                You might also make \topmargin smaller:
(fancyhdr)                \addtolength{\topmargin}{-2.0pt}.

[388]
Underfull \hbox (badness 10000) in paragraph at lines 11446--11447


Underfull \hbox (badness 10000) in paragraph at lines 11446--11447


Overfull \vbox (46.98874pt too high) detected at line 11507

Overfull \vbox (46.98874pt too high) detected at line 11507

Underfull \hbox (badness 10000) in paragraph at lines 11520--11521


Underfull \hbox (badness 10000) in paragraph at lines 11520--11521


Overfull \vbox (104.80496pt too high) detected at line 11610

Overfull \vbox (104.80496pt too high) detected at line 11610


Package fancyhdr Warning: \headheight is too small (12.0pt): 
(fancyhdr)                Make it at least 14.0pt, for example:
(fancyhdr)                \setlength{\headheight}{14.0pt}.
(fancyhdr)                You might also make \topmargin smaller:
(fancyhdr)                \addtolength{\topmargin}{-2.0pt}.

[389]

Package fancyhdr Warning: \headheight is too small (12.0pt): 
(fancyhdr)                Make it at least 14.0pt, for example:
(fancyhdr)                \setlength{\headheight}{14.0pt}.
(fancyhdr)                You might also make \topmargin smaller:
(fancyhdr)                \addtolength{\topmargin}{-2.0pt}.

[390 <./Book10/fig108g-eps-converted-to.pdf> <./Book10/fig108e-eps-converted-to
.pdf>]
Underfull \hbox (badness 10000) in paragraph at lines 11636--11637


Underfull \hbox (badness 10000) in paragraph at lines 11636--11637


Underfull \hbox (badness 10000) in paragraph at lines 11636--11637


Underfull \hbox (badness 10000) in paragraph at lines 11636--11637


Underfull \hbox (badness 10000) in paragraph at lines 11636--11637


Underfull \hbox (badness 10000) in paragraph at lines 11636--11637


Underfull \hbox (badness 10000) in paragraph at lines 11636--11637


Underfull \hbox (badness 10000) in paragraph at lines 11636--11637


Overfull \vbox (140.93996pt too high) detected at line 11698

Overfull \vbox (140.93996pt too high) detected at line 11698


Package fancyhdr Warning: \headheight is too small (12.0pt): 
(fancyhdr)                Make it at least 14.0pt, for example:
(fancyhdr)                \setlength{\headheight}{14.0pt}.
(fancyhdr)                You might also make \topmargin smaller:
(fancyhdr)                \addtolength{\topmargin}{-2.0pt}.

[391 <./Book10/fig109g-eps-converted-to.pdf> <./Book10/fig109e-eps-converted-to
.pdf>]
Underfull \hbox (badness 10000) in paragraph at lines 11718--11719


Underfull \hbox (badness 10000) in paragraph at lines 11718--11719


Underfull \hbox (badness 10000) in paragraph at lines 11718--11719


Underfull \hbox (badness 10000) in paragraph at lines 11718--11719


Overfull \vbox (155.39374pt too high) detected at line 11795

Overfull \vbox (155.39374pt too high) detected at line 11795


Package fancyhdr Warning: \headheight is too small (12.0pt): 
(fancyhdr)                Make it at least 14.0pt, for example:
(fancyhdr)                \setlength{\headheight}{14.0pt}.
(fancyhdr)                You might also make \topmargin smaller:
(fancyhdr)                \addtolength{\topmargin}{-2.0pt}.

[392]
Overfull \vbox (169.84752pt too high) detected at line 11884

Overfull \vbox (169.84752pt too high) detected at line 11884


Package fancyhdr Warning: \headheight is too small (12.0pt): 
(fancyhdr)                Make it at least 14.0pt, for example:
(fancyhdr)                \setlength{\headheight}{14.0pt}.
(fancyhdr)                You might also make \topmargin smaller:
(fancyhdr)                \addtolength{\topmargin}{-2.0pt}.

[393 <./Book10/fig111g-eps-converted-to.pdf> <./Book10/fig111e-eps-converted-to
.pdf>]

Package fancyhdr Warning: \headheight is too small (12.0pt): 
(fancyhdr)                Make it at least 14.0pt, for example:
(fancyhdr)                \setlength{\headheight}{14.0pt}.
(fancyhdr)                You might also make \topmargin smaller:
(fancyhdr)                \addtolength{\topmargin}{-2.0pt}.

[394]
Overfull \vbox (171.34271pt too high) detected at line 12011

Overfull \vbox (171.22496pt too high) detected at line 12011

Underfull \hbox (badness 10000) in paragraph at lines 12027--12028


Overfull \vbox (61.44252pt too high) detected at line 12167

Overfull \vbox (61.44252pt too high) detected at line 12167


Package fancyhdr Warning: \headheight is too small (12.0pt): 
(fancyhdr)                Make it at least 14.0pt, for example:
(fancyhdr)                \setlength{\headheight}{14.0pt}.
(fancyhdr)                You might also make \topmargin smaller:
(fancyhdr)                \addtolength{\topmargin}{-2.0pt}.

[395 <./Book10/fig112g-eps-converted-to.pdf> <./Book10/fig112e-eps-converted-to
.pdf>]
Underfull \hbox (badness 10000) in paragraph at lines 12186--12187


Overfull \vbox (61.44252pt too high) detected at line 12333

Overfull \vbox (61.44252pt too high) detected at line 12333


Package fancyhdr Warning: \headheight is too small (12.0pt): 
(fancyhdr)                Make it at least 14.0pt, for example:
(fancyhdr)                \setlength{\headheight}{14.0pt}.
(fancyhdr)                You might also make \topmargin smaller:
(fancyhdr)                \addtolength{\topmargin}{-2.0pt}.

[396]

Package fancyhdr Warning: \headheight is too small (12.0pt): 
(fancyhdr)                Make it at least 14.0pt, for example:
(fancyhdr)                \setlength{\headheight}{14.0pt}.
(fancyhdr)                You might also make \topmargin smaller:
(fancyhdr)                \addtolength{\topmargin}{-2.0pt}.

[397 <./Book10/fig113g-eps-converted-to.pdf> <./Book10/fig113e-eps-converted-to
.pdf>]
Underfull \hbox (badness 10000) in paragraph at lines 12377--12378


Underfull \hbox (badness 10000) in paragraph at lines 12377--12378


Underfull \hbox (badness 10000) in paragraph at lines 12377--12378


Underfull \hbox (badness 10000) in paragraph at lines 12377--12378


Underfull \hbox (badness 10000) in paragraph at lines 12377--12378


Underfull \hbox (badness 10000) in paragraph at lines 12377--12378


Underfull \hbox (badness 10000) in paragraph at lines 12377--12378


Underfull \hbox (badness 10000) in paragraph at lines 12385--12386


Underfull \hbox (badness 10000) in paragraph at lines 12434--12437


Overfull \vbox (126.48618pt too high) detected at line 12445

Overfull \vbox (126.48618pt too high) detected at line 12445


Package fancyhdr Warning: \headheight is too small (12.0pt): 
(fancyhdr)                Make it at least 14.0pt, for example:
(fancyhdr)                \setlength{\headheight}{14.0pt}.
(fancyhdr)                You might also make \topmargin smaller:
(fancyhdr)                \addtolength{\topmargin}{-2.0pt}.

[398]
Underfull \hbox (badness 10000) in paragraph at lines 12462--12463


Underfull \hbox (badness 10000) in paragraph at lines 12462--12463


Underfull \hbox (badness 10000) in paragraph at lines 12462--12463


Overfull \vbox (68.66995pt too high) detected at line 12512

Overfull \vbox (68.66995pt too high) detected at line 12512


Package fancyhdr Warning: \headheight is too small (12.0pt): 
(fancyhdr)                Make it at least 14.0pt, for example:
(fancyhdr)                \setlength{\headheight}{14.0pt}.
(fancyhdr)                You might also make \topmargin smaller:
(fancyhdr)                \addtolength{\topmargin}{-2.0pt}.

[399 <./Book10/fig114g-eps-converted-to.pdf> <./Book10/fig114e-eps-converted-to
.pdf>]

Package fancyhdr Warning: \headheight is too small (12.0pt): 
(fancyhdr)                Make it at least 14.0pt, for example:
(fancyhdr)                \setlength{\headheight}{14.0pt}.
(fancyhdr)                You might also make \topmargin smaller:
(fancyhdr)                \addtolength{\topmargin}{-2.0pt}.

[400 <./Book10/fig115g-eps-converted-to.pdf> <./Book10/fig115e-eps-converted-to
.pdf>])
Underfull \hbox (badness 10000) in paragraph at lines 12516--89


[401] (./Book11/Book11.tex
[402 <./Book11/front-eps-converted-to.pdf>]
Overfull \hbox (257.945pt too wide) in paragraph at lines 186--186
[]

Overfull \hbox (257.945pt too wide) in paragraph at lines 186--186
[]

Overfull \hbox (257.945pt too wide) in paragraph at lines 186--186
[]

Overfull \hbox (257.945pt too wide) in paragraph at lines 186--186
[]

Overfull \hbox (257.945pt too wide) in paragraph at lines 186--186
[]

Overfull \hbox (257.945pt too wide) in paragraph at lines 186--186
[]

Overfull \hbox (257.945pt too wide) in paragraph at lines 186--186
[]

Overfull \hbox (257.945pt too wide) in paragraph at lines 186--186
[]

Overfull \hbox (257.945pt too wide) in paragraph at lines 186--186
[]

Overfull \hbox (257.945pt too wide) in paragraph at lines 186--186
[]

Overfull \hbox (257.945pt too wide) in paragraph at lines 186--186
[]

Overfull \hbox (257.945pt too wide) in paragraph at lines 186--186
[]

Overfull \hbox (257.945pt too wide) in paragraph at lines 186--186
[]

Overfull \hbox (257.945pt too wide) in paragraph at lines 186--186
[]

Overfull \hbox (257.945pt too wide) in paragraph at lines 186--186
[]

Overfull \hbox (257.945pt too wide) in paragraph at lines 186--186
[]

Overfull \hbox (257.945pt too wide) in paragraph at lines 186--186
[]

Overfull \hbox (257.945pt too wide) in paragraph at lines 186--186
[]

Overfull \hbox (257.945pt too wide) in paragraph at lines 186--186
[]

Overfull \hbox (257.945pt too wide) in paragraph at lines 186--186
[]

Overfull \hbox (257.945pt too wide) in paragraph at lines 186--186
[]

Overfull \hbox (257.945pt too wide) in paragraph at lines 186--186
[]

Overfull \hbox (257.945pt too wide) in paragraph at lines 186--186
[]

Overfull \hbox (257.945pt too wide) in paragraph at lines 186--186
[]

Overfull \hbox (257.945pt too wide) in paragraph at lines 186--186
[]

Overfull \hbox (257.945pt too wide) in paragraph at lines 186--186
[]

Overfull \hbox (257.945pt too wide) in paragraph at lines 186--186
[]

Overfull \hbox (257.945pt too wide) in paragraph at lines 186--186
[]

Overfull \hbox (257.945pt too wide) in paragraph at lines 186--186
[]

Overfull \hbox (257.945pt too wide) in paragraph at lines 186--186
[]

Overfull \hbox (257.945pt too wide) in paragraph at lines 186--186
[]

Overfull \hbox (257.945pt too wide) in paragraph at lines 186--186
[]

Overfull \hbox (257.945pt too wide) in paragraph at lines 186--186
[]

Overfull \hbox (257.945pt too wide) in paragraph at lines 186--186
[]

Overfull \hbox (257.945pt too wide) in paragraph at lines 186--186
[]

Overfull \hbox (257.945pt too wide) in paragraph at lines 186--186
[]

Overfull \hbox (257.945pt too wide) in paragraph at lines 186--186
[]

Overfull \hbox (257.945pt too wide) in paragraph at lines 186--186
[]

Overfull \hbox (257.945pt too wide) in paragraph at lines 186--186
[]

Overfull \hbox (257.945pt too wide) in paragraph at lines 186--186
[]

Overfull \hbox (257.945pt too wide) in paragraph at lines 186--186
[]

Overfull \hbox (257.945pt too wide) in paragraph at lines 186--186
[]

Overfull \hbox (257.945pt too wide) in paragraph at lines 186--186
[]

Overfull \hbox (257.945pt too wide) in paragraph at lines 186--186
[]

Overfull \hbox (257.945pt too wide) in paragraph at lines 186--186
[]

Overfull \hbox (257.945pt too wide) in paragraph at lines 186--186
[]

Overfull \hbox (257.945pt too wide) in paragraph at lines 186--186
[]

Overfull \hbox (257.945pt too wide) in paragraph at lines 186--186
[]

Overfull \hbox (257.945pt too wide) in paragraph at lines 186--186
[]

Overfull \hbox (257.945pt too wide) in paragraph at lines 186--186
[]

Overfull \hbox (257.945pt too wide) in paragraph at lines 186--186
[]

Overfull \hbox (257.945pt too wide) in paragraph at lines 186--186
[]

Overfull \hbox (257.945pt too wide) in paragraph at lines 186--186
[]

Overfull \hbox (257.945pt too wide) in paragraph at lines 186--186
[]

Overfull \hbox (257.945pt too wide) in paragraph at lines 186--186
[]

Overfull \hbox (257.945pt too wide) in paragraph at lines 186--186
[]

Overfull \hbox (257.945pt too wide) in paragraph at lines 186--186
[]

Overfull \hbox (257.945pt too wide) in paragraph at lines 186--186
[]

Overfull \hbox (257.945pt too wide) in paragraph at lines 186--186
[]

Overfull \hbox (257.945pt too wide) in paragraph at lines 186--186
[]

Overfull \hbox (257.945pt too wide) in paragraph at lines 186--186
[]

Overfull \hbox (257.945pt too wide) in paragraph at lines 186--186
[]

Overfull \hbox (257.945pt too wide) in paragraph at lines 186--186
[]

Overfull \hbox (257.945pt too wide) in paragraph at lines 186--186
[]

Overfull \hbox (257.945pt too wide) in paragraph at lines 186--186
[]

Overfull \hbox (257.945pt too wide) in paragraph at lines 186--186
[]

Overfull \hbox (257.945pt too wide) in paragraph at lines 186--186
[]

Overfull \hbox (257.945pt too wide) in paragraph at lines 186--186
[]

Overfull \hbox (257.945pt too wide) in paragraph at lines 186--186
[]

Overfull \hbox (257.945pt too wide) in paragraph at lines 186--186
[]

Overfull \hbox (257.945pt too wide) in paragraph at lines 186--186
[]

Overfull \hbox (257.945pt too wide) in paragraph at lines 186--186
[]

Overfull \hbox (257.945pt too wide) in paragraph at lines 186--186
[]

Overfull \hbox (257.945pt too wide) in paragraph at lines 186--186
[] 


Package fancyhdr Warning: \headheight is too small (12.0pt): 
(fancyhdr)                Make it at least 14.0pt, for example:
(fancyhdr)                \setlength{\headheight}{14.0pt}.
(fancyhdr)                You might also make \topmargin smaller:
(fancyhdr)                \addtolength{\topmargin}{-2.0pt}.

[403]

Package fancyhdr Warning: \headheight is too small (12.0pt): 
(fancyhdr)                Make it at least 14.0pt, for example:
(fancyhdr)                \setlength{\headheight}{14.0pt}.
(fancyhdr)                You might also make \topmargin smaller:
(fancyhdr)                \addtolength{\topmargin}{-2.0pt}.

[404]

Package fancyhdr Warning: \headheight is too small (12.0pt): 
(fancyhdr)                Make it at least 14.0pt, for example:
(fancyhdr)                \setlength{\headheight}{14.0pt}.
(fancyhdr)                You might also make \topmargin smaller:
(fancyhdr)                \addtolength{\topmargin}{-2.0pt}.

[405]
Underfull \hbox (badness 10000) in paragraph at lines 307--308


Overfull \vbox (177.07495pt too high) detected at line 338

Overfull \vbox (177.07495pt too high) detected at line 338

Underfull \hbox (badness 10000) in paragraph at lines 353--354


Overfull \vbox (140.93996pt too high) detected at line 414

Overfull \vbox (140.93996pt too high) detected at line 414


Package fancyhdr Warning: \headheight is too small (12.0pt): 
(fancyhdr)                Make it at least 14.0pt, for example:
(fancyhdr)                \setlength{\headheight}{14.0pt}.
(fancyhdr)                You might also make \topmargin smaller:
(fancyhdr)                \addtolength{\topmargin}{-2.0pt}.

[406 <./Book11/fig01g-eps-converted-to.pdf> <./Book11/fig01e-eps-converted-to.p
df>]
Overfull \vbox (126.48618pt too high) detected at line 471

Overfull \vbox (126.48618pt too high) detected at line 471


Package fancyhdr Warning: \headheight is too small (12.0pt): 
(fancyhdr)                Make it at least 14.0pt, for example:
(fancyhdr)                \setlength{\headheight}{14.0pt}.
(fancyhdr)                You might also make \topmargin smaller:
(fancyhdr)                \addtolength{\topmargin}{-2.0pt}.

[407 <./Book11/fig02g-eps-converted-to.pdf> <./Book11/fig02e-eps-converted-to.p
df> <./Book11/fig03g-eps-converted-to.pdf> <./Book11/fig03e-eps-converted-to.pd
f>]
Underfull \hbox (badness 10000) in paragraph at lines 495--496


Underfull \hbox (badness 10000) in paragraph at lines 495--496


Underfull \hbox (badness 10000) in paragraph at lines 495--496


Overfull \vbox (140.93996pt too high) detected at line 600

Overfull \vbox (140.93996pt too high) detected at line 600


Package fancyhdr Warning: \headheight is too small (12.0pt): 
(fancyhdr)                Make it at least 14.0pt, for example:
(fancyhdr)                \setlength{\headheight}{14.0pt}.
(fancyhdr)                You might also make \topmargin smaller:
(fancyhdr)                \addtolength{\topmargin}{-2.0pt}.

[408 <./Book11/fig04g-eps-converted-to.pdf> <./Book11/fig04e-eps-converted-to.p
df>]
Overfull \vbox (140.93996pt too high) detected at line 680

Overfull \vbox (140.93996pt too high) detected at line 680


Package fancyhdr Warning: \headheight is too small (12.0pt): 
(fancyhdr)                Make it at least 14.0pt, for example:
(fancyhdr)                \setlength{\headheight}{14.0pt}.
(fancyhdr)                You might also make \topmargin smaller:
(fancyhdr)                \addtolength{\topmargin}{-2.0pt}.

[409]
Overfull \vbox (140.93996pt too high) detected at line 778

Overfull \vbox (140.93996pt too high) detected at line 778


Package fancyhdr Warning: \headheight is too small (12.0pt): 
(fancyhdr)                Make it at least 14.0pt, for example:
(fancyhdr)                \setlength{\headheight}{14.0pt}.
(fancyhdr)                You might also make \topmargin smaller:
(fancyhdr)                \addtolength{\topmargin}{-2.0pt}.

[410 <./Book11/fig05g-eps-converted-to.pdf> <./Book11/fig05e-eps-converted-to.p
df>]
Overfull \vbox (104.80496pt too high) detected at line 845

Overfull \vbox (104.80496pt too high) detected at line 845


Package fancyhdr Warning: \headheight is too small (12.0pt): 
(fancyhdr)                Make it at least 14.0pt, for example:
(fancyhdr)                \setlength{\headheight}{14.0pt}.
(fancyhdr)                You might also make \topmargin smaller:
(fancyhdr)                \addtolength{\topmargin}{-2.0pt}.

[411 <./Book11/fig06g-eps-converted-to.pdf> <./Book11/fig06e-eps-converted-to.p
df>]
Underfull \hbox (badness 10000) in paragraph at lines 869--870


Overfull \vbox (177.07495pt too high) detected at line 961

Overfull \vbox (177.07495pt too high) detected at line 961


Package fancyhdr Warning: \headheight is too small (12.0pt): 
(fancyhdr)                Make it at least 14.0pt, for example:
(fancyhdr)                \setlength{\headheight}{14.0pt}.
(fancyhdr)                You might also make \topmargin smaller:
(fancyhdr)                \addtolength{\topmargin}{-2.0pt}.

[412 <./Book11/fig07g-eps-converted-to.pdf> <./Book11/fig07e-eps-converted-to.p
df>]
Underfull \hbox (badness 10000) in paragraph at lines 974--975


Overfull \vbox (112.0324pt too high) detected at line 1029

Overfull \vbox (112.0324pt too high) detected at line 1029


Package fancyhdr Warning: \headheight is too small (12.0pt): 
(fancyhdr)                Make it at least 14.0pt, for example:
(fancyhdr)                \setlength{\headheight}{14.0pt}.
(fancyhdr)                You might also make \topmargin smaller:
(fancyhdr)                \addtolength{\topmargin}{-2.0pt}.

[413 <./Book11/fig08g-eps-converted-to.pdf> <./Book11/fig08e-eps-converted-to.p
df>]
Underfull \hbox (badness 10000) in paragraph at lines 1064--1065


Underfull \hbox (badness 10000) in paragraph at lines 1064--1065


LaTeX Warning: File `Book11/fig10g.eps' not found on input line 1067.


! Package pdftex.def Error: File `Book11/fig10g-eps-converted-to.pdf' not found
: using draft setting.

See the pdftex.def package documentation for explanation.
Type  H <return>  for immediate help.
 ...                                              
                                                  
l.1067 \centerline{\epsffile{Book11/fig10g.eps}}
                                                
(/usr/local/texlive/2025/texmf-dist/tex/latex/txfonts/ot1txtt.fd)
Overfull \vbox (140.93996pt too high) detected at line 1108

Overfull \vbox (140.93996pt too high) detected at line 1108


Package fancyhdr Warning: \headheight is too small (12.0pt): 
(fancyhdr)                Make it at least 14.0pt, for example:
(fancyhdr)                \setlength{\headheight}{14.0pt}.
(fancyhdr)                You might also make \topmargin smaller:
(fancyhdr)                \addtolength{\topmargin}{-2.0pt}.

[414 <./Book11/fig09g-eps-converted-to.pdf> <./Book11/fig09e-eps-converted-to.p
df>]
Overfull \vbox (177.07495pt too high) detected at line 1205

Overfull \vbox (177.07495pt too high) detected at line 1205


Package fancyhdr Warning: \headheight is too small (12.0pt): 
(fancyhdr)                Make it at least 14.0pt, for example:
(fancyhdr)                \setlength{\headheight}{14.0pt}.
(fancyhdr)                You might also make \topmargin smaller:
(fancyhdr)                \addtolength{\topmargin}{-2.0pt}.

[415 <./Book11/fig10e-eps-converted-to.pdf> <./Book11/fig11g-eps-converted-to.p
df> <./Book11/fig11e-eps-converted-to.pdf>]
Overfull \vbox (195.14246pt too high) detected at line 1264

Overfull \vbox (195.14246pt too high) detected at line 1264


Package fancyhdr Warning: \headheight is too small (12.0pt): 
(fancyhdr)                Make it at least 14.0pt, for example:
(fancyhdr)                \setlength{\headheight}{14.0pt}.
(fancyhdr)                You might also make \topmargin smaller:
(fancyhdr)                \addtolength{\topmargin}{-2.0pt}.

[416 <./Book11/fig12g-eps-converted-to.pdf> <./Book11/fig12e-eps-converted-to.p
df>]
Underfull \hbox (badness 10000) in paragraph at lines 1320--1320


Underfull \hbox (badness 10000) in paragraph at lines 1320--1320


Overfull \vbox (177.07495pt too high) detected at line 1321

Overfull \vbox (177.07495pt too high) detected at line 1321

Underfull \hbox (badness 10000) in paragraph at lines 1369--1371


Overfull \vbox (140.93996pt too high) detected at line 1390

Overfull \vbox (140.93996pt too high) detected at line 1390


Package fancyhdr Warning: \headheight is too small (12.0pt): 
(fancyhdr)                Make it at least 14.0pt, for example:
(fancyhdr)                \setlength{\headheight}{14.0pt}.
(fancyhdr)                You might also make \topmargin smaller:
(fancyhdr)                \addtolength{\topmargin}{-2.0pt}.

[417 <./Book11/fig13g-eps-converted-to.pdf> <./Book11/fig13e-eps-converted-to.p
df>]
Underfull \hbox (badness 10000) in paragraph at lines 1414--1415


Underfull \hbox (badness 10000) in paragraph at lines 1414--1415


Overfull \vbox (155.39374pt too high) detected at line 1488

Overfull \vbox (155.39374pt too high) detected at line 1488


Package fancyhdr Warning: \headheight is too small (12.0pt): 
(fancyhdr)                Make it at least 14.0pt, for example:
(fancyhdr)                \setlength{\headheight}{14.0pt}.
(fancyhdr)                You might also make \topmargin smaller:
(fancyhdr)                \addtolength{\topmargin}{-2.0pt}.

[418 <./Book11/fig14g-eps-converted-to.pdf> <./Book11/fig14e-eps-converted-to.p
df>]
Underfull \hbox (badness 10000) in paragraph at lines 1520--1521


Overfull \vbox (140.93996pt too high) detected at line 1558

Overfull \vbox (140.93996pt too high) detected at line 1558


Package fancyhdr Warning: \headheight is too small (12.0pt): 
(fancyhdr)                Make it at least 14.0pt, for example:
(fancyhdr)                \setlength{\headheight}{14.0pt}.
(fancyhdr)                You might also make \topmargin smaller:
(fancyhdr)                \addtolength{\topmargin}{-2.0pt}.

[419 <./Book11/fig15g-eps-converted-to.pdf> <./Book11/fig15e-eps-converted-to.p
df>]
Underfull \hbox (badness 10000) in paragraph at lines 1615--1626


Overfull \vbox (213.20996pt too high) detected at line 1633

Overfull \vbox (213.20996pt too high) detected at line 1633


Package fancyhdr Warning: \headheight is too small (12.0pt): 
(fancyhdr)                Make it at least 14.0pt, for example:
(fancyhdr)                \setlength{\headheight}{14.0pt}.
(fancyhdr)                You might also make \topmargin smaller:
(fancyhdr)                \addtolength{\topmargin}{-2.0pt}.

[420 <./Book11/fig16g-eps-converted-to.pdf> <./Book11/fig16e-eps-converted-to.p
df>]
Underfull \hbox (badness 10000) in paragraph at lines 1673--1674


Underfull \hbox (badness 10000) in paragraph at lines 1673--1674


Underfull \hbox (badness 10000) in paragraph at lines 1673--1674


Underfull \hbox (badness 10000) in paragraph at lines 1673--1674


Overfull \vbox (140.93996pt too high) detected at line 1722

Overfull \vbox (140.93996pt too high) detected at line 1722


Package fancyhdr Warning: \headheight is too small (12.0pt): 
(fancyhdr)                Make it at least 14.0pt, for example:
(fancyhdr)                \setlength{\headheight}{14.0pt}.
(fancyhdr)                You might also make \topmargin smaller:
(fancyhdr)                \addtolength{\topmargin}{-2.0pt}.

[421 <./Book11/fig17g-eps-converted-to.pdf> <./Book11/fig17e-eps-converted-to.p
df>]
Overfull \vbox (155.39374pt too high) detected at line 1791

Overfull \vbox (155.39374pt too high) detected at line 1791


Package fancyhdr Warning: \headheight is too small (12.0pt): 
(fancyhdr)                Make it at least 14.0pt, for example:
(fancyhdr)                \setlength{\headheight}{14.0pt}.
(fancyhdr)                You might also make \topmargin smaller:
(fancyhdr)                \addtolength{\topmargin}{-2.0pt}.

[422 <./Book11/fig18g-eps-converted-to.pdf> <./Book11/fig18e-eps-converted-to.p
df> <./Book11/fig19g-eps-converted-to.pdf> <./Book11/fig19e-eps-converted-to.pd
f>]
Overfull \vbox (104.80496pt too high) detected at line 1880

Overfull \vbox (104.80496pt too high) detected at line 1880


Package fancyhdr Warning: \headheight is too small (12.0pt): 
(fancyhdr)                Make it at least 14.0pt, for example:
(fancyhdr)                \setlength{\headheight}{14.0pt}.
(fancyhdr)                You might also make \topmargin smaller:
(fancyhdr)                \addtolength{\topmargin}{-2.0pt}.

[423 <./Book11/fig20g-eps-converted-to.pdf> <./Book11/fig20e-eps-converted-to.p
df>]
Overfull \vbox (104.80496pt too high) detected at line 1964

Overfull \vbox (104.80496pt too high) detected at line 1964


Package fancyhdr Warning: \headheight is too small (12.0pt): 
(fancyhdr)                Make it at least 14.0pt, for example:
(fancyhdr)                \setlength{\headheight}{14.0pt}.
(fancyhdr)                You might also make \topmargin smaller:
(fancyhdr)                \addtolength{\topmargin}{-2.0pt}.

[424 <./Book11/fig21g-eps-converted-to.pdf> <./Book11/fig21e-eps-converted-to.p
df>]
Underfull \hbox (badness 10000) in paragraph at lines 1980--1981


Underfull \hbox (badness 10000) in paragraph at lines 1980--1981


Overfull \vbox (61.44252pt too high) detected at line 2065

Overfull \vbox (61.44252pt too high) detected at line 2065


Package fancyhdr Warning: \headheight is too small (12.0pt): 
(fancyhdr)                Make it at least 14.0pt, for example:
(fancyhdr)                \setlength{\headheight}{14.0pt}.
(fancyhdr)                You might also make \topmargin smaller:
(fancyhdr)                \addtolength{\topmargin}{-2.0pt}.

[425 <./Book11/fig22g-eps-converted-to.pdf> <./Book11/fig22e-eps-converted-to.p
df>]
Underfull \hbox (badness 10000) in paragraph at lines 2079--2080


Underfull \hbox (badness 10000) in paragraph at lines 2079--2080


Underfull \hbox (badness 10000) in paragraph at lines 2096--2097


Underfull \hbox (badness 10000) in paragraph at lines 2096--2097


Underfull \hbox (badness 10000) in paragraph at lines 2096--2097


Overfull \vbox (75.8974pt too high) detected at line 2265

Overfull \vbox (75.8974pt too high) detected at line 2265

Overfull \vbox (140.93996pt too high) detected at line 2265

Overfull \vbox (140.93996pt too high) detected at line 2265


Package fancyhdr Warning: \headheight is too small (12.0pt): 
(fancyhdr)                Make it at least 14.0pt, for example:
(fancyhdr)                \setlength{\headheight}{14.0pt}.
(fancyhdr)                You might also make \topmargin smaller:
(fancyhdr)                \addtolength{\topmargin}{-2.0pt}.

[426 <./Book11/fig23g-eps-converted-to.pdf> <./Book11/fig23e-eps-converted-to.p
df> <./Book11/fig23ag-eps-converted-to.pdf> <./Book11/fig23ae-eps-converted-to.
pdf>]

Package fancyhdr Warning: \headheight is too small (12.0pt): 
(fancyhdr)                Make it at least 14.0pt, for example:
(fancyhdr)                \setlength{\headheight}{14.0pt}.
(fancyhdr)                You might also make \topmargin smaller:
(fancyhdr)                \addtolength{\topmargin}{-2.0pt}.

[427]
Overfull \vbox (83.12373pt too high) detected at line 2313

Overfull \vbox (83.12373pt too high) detected at line 2313

Overfull \vbox (104.80496pt too high) detected at line 2401

Overfull \vbox (104.80496pt too high) detected at line 2401


Package fancyhdr Warning: \headheight is too small (12.0pt): 
(fancyhdr)                Make it at least 14.0pt, for example:
(fancyhdr)                \setlength{\headheight}{14.0pt}.
(fancyhdr)                You might also make \topmargin smaller:
(fancyhdr)                \addtolength{\topmargin}{-2.0pt}.

[428 <./Book11/fig23bg-eps-converted-to.pdf> <./Book11/fig23be-eps-converted-to
.pdf> <./Book11/fig24g-eps-converted-to.pdf> <./Book11/fig24e-eps-converted-to.
pdf>]
Underfull \hbox (badness 10000) in paragraph at lines 2415--2416


Underfull \hbox (badness 10000) in paragraph at lines 2462--2465


Overfull \vbox (112.0324pt too high) detected at line 2506

Overfull \vbox (112.0324pt too high) detected at line 2506


Package fancyhdr Warning: \headheight is too small (12.0pt): 
(fancyhdr)                Make it at least 14.0pt, for example:
(fancyhdr)                \setlength{\headheight}{14.0pt}.
(fancyhdr)                You might also make \topmargin smaller:
(fancyhdr)                \addtolength{\topmargin}{-2.0pt}.

[429 <./Book11/fig25g-eps-converted-to.pdf> <./Book11/fig25e-eps-converted-to.p
df>]
Overfull \vbox (126.48618pt too high) detected at line 2612

Overfull \vbox (126.48618pt too high) detected at line 2612


Package fancyhdr Warning: \headheight is too small (12.0pt): 
(fancyhdr)                Make it at least 14.0pt, for example:
(fancyhdr)                \setlength{\headheight}{14.0pt}.
(fancyhdr)                You might also make \topmargin smaller:
(fancyhdr)                \addtolength{\topmargin}{-2.0pt}.

[430]

Package fancyhdr Warning: \headheight is too small (12.0pt): 
(fancyhdr)                Make it at least 14.0pt, for example:
(fancyhdr)                \setlength{\headheight}{14.0pt}.
(fancyhdr)                You might also make \topmargin smaller:
(fancyhdr)                \addtolength{\topmargin}{-2.0pt}.

[431 <./Book11/fig26g-eps-converted-to.pdf> <./Book11/fig26e-eps-converted-to.p
df>]
Overfull \vbox (104.80496pt too high) detected at line 2698

Overfull \vbox (104.80496pt too high) detected at line 2698

Overfull \vbox (126.48618pt too high) detected at line 2753

Overfull \vbox (126.48618pt too high) detected at line 2753


Package fancyhdr Warning: \headheight is too small (12.0pt): 
(fancyhdr)                Make it at least 14.0pt, for example:
(fancyhdr)                \setlength{\headheight}{14.0pt}.
(fancyhdr)                You might also make \topmargin smaller:
(fancyhdr)                \addtolength{\topmargin}{-2.0pt}.

[432 <./Book11/fig27g-eps-converted-to.pdf> <./Book11/fig27e-eps-converted-to.p
df>]
Underfull \hbox (badness 10000) in paragraph at lines 2769--2770


Overfull \vbox (119.25873pt too high) detected at line 2838

Overfull \vbox (119.25873pt too high) detected at line 2838


Package fancyhdr Warning: \headheight is too small (12.0pt): 
(fancyhdr)                Make it at least 14.0pt, for example:
(fancyhdr)                \setlength{\headheight}{14.0pt}.
(fancyhdr)                You might also make \topmargin smaller:
(fancyhdr)                \addtolength{\topmargin}{-2.0pt}.

[433 <./Book11/fig28g-eps-converted-to.pdf> <./Book11/fig28e-eps-converted-to.p
df> <./Book11/fig29g-eps-converted-to.pdf> <./Book11/fig29e-eps-converted-to.pd
f>]
Underfull \hbox (badness 10000) in paragraph at lines 2852--2853


Overfull \vbox (155.39374pt too high) detected at line 2925

Overfull \vbox (155.39374pt too high) detected at line 2925


Package fancyhdr Warning: \headheight is too small (12.0pt): 
(fancyhdr)                Make it at least 14.0pt, for example:
(fancyhdr)                \setlength{\headheight}{14.0pt}.
(fancyhdr)                You might also make \topmargin smaller:
(fancyhdr)                \addtolength{\topmargin}{-2.0pt}.

[434 <./Book11/fig30g-eps-converted-to.pdf> <./Book11/fig30e-eps-converted-to.p
df>]
Underfull \hbox (badness 10000) in paragraph at lines 2996--2997


Overfull \vbox (285.47995pt too high) detected at line 3106

Overfull \vbox (285.47995pt too high) detected at line 3106

Overfull \vbox (126.48618pt too high) detected at line 3106

Overfull \vbox (126.48618pt too high) detected at line 3106


Package fancyhdr Warning: \headheight is too small (12.0pt): 
(fancyhdr)                Make it at least 14.0pt, for example:
(fancyhdr)                \setlength{\headheight}{14.0pt}.
(fancyhdr)                You might also make \topmargin smaller:
(fancyhdr)                \addtolength{\topmargin}{-2.0pt}.

[435]

Package fancyhdr Warning: \headheight is too small (12.0pt): 
(fancyhdr)                Make it at least 14.0pt, for example:
(fancyhdr)                \setlength{\headheight}{14.0pt}.
(fancyhdr)                You might also make \topmargin smaller:
(fancyhdr)                \addtolength{\topmargin}{-2.0pt}.

[436 <./Book11/fig31g-eps-converted-to.pdf> <./Book11/fig31e-eps-converted-to.p
df>]
Overfull \vbox (68.66995pt too high) detected at line 3173

Overfull \vbox (68.66995pt too high) detected at line 3173


Package fancyhdr Warning: \headheight is too small (12.0pt): 
(fancyhdr)                Make it at least 14.0pt, for example:
(fancyhdr)                \setlength{\headheight}{14.0pt}.
(fancyhdr)                You might also make \topmargin smaller:
(fancyhdr)                \addtolength{\topmargin}{-2.0pt}.

[437 <./Book11/fig31ag-eps-converted-to.pdf> <./Book11/fig31ae-eps-converted-to
.pdf>]
Underfull \hbox (badness 10000) in paragraph at lines 3195--3196


Underfull \hbox (badness 10000) in paragraph at lines 3259--3264


Underfull \hbox (badness 10000) in paragraph at lines 3268--3306


Underfull \hbox (badness 10000) in paragraph at lines 3268--3306


Overfull \vbox (133.71251pt too high) detected at line 3313

Overfull \vbox (133.71251pt too high) detected at line 3313

Overfull \vbox (177.07495pt too high) detected at line 3313

Overfull \vbox (177.07495pt too high) detected at line 3313


Package fancyhdr Warning: \headheight is too small (12.0pt): 
(fancyhdr)                Make it at least 14.0pt, for example:
(fancyhdr)                \setlength{\headheight}{14.0pt}.
(fancyhdr)                You might also make \topmargin smaller:
(fancyhdr)                \addtolength{\topmargin}{-2.0pt}.

[438 <./Book11/fig32g-eps-converted-to.pdf> <./Book11/fig32e-eps-converted-to.p
df> <./Book11/fig33g-eps-converted-to.pdf> <./Book11/fig33e-eps-converted-to.pd
f>]

Package fancyhdr Warning: \headheight is too small (12.0pt): 
(fancyhdr)                Make it at least 14.0pt, for example:
(fancyhdr)                \setlength{\headheight}{14.0pt}.
(fancyhdr)                You might also make \topmargin smaller:
(fancyhdr)                \addtolength{\topmargin}{-2.0pt}.

[439]
Underfull \hbox (badness 10000) in paragraph at lines 3526--3538


Underfull \hbox (badness 10000) in paragraph at lines 3526--3538


Underfull \hbox (badness 10000) in paragraph at lines 3526--3538


Underfull \hbox (badness 10000) in paragraph at lines 3526--3538


Underfull \hbox (badness 10000) in paragraph at lines 3526--3538


Overfull \vbox (133.71251pt too high) detected at line 3583

Overfull \vbox (133.71251pt too high) detected at line 3583

Overfull \vbox (213.20996pt too high) detected at line 3583

Overfull \vbox (213.20996pt too high) detected at line 3583


Package fancyhdr Warning: \headheight is too small (12.0pt): 
(fancyhdr)                Make it at least 14.0pt, for example:
(fancyhdr)                \setlength{\headheight}{14.0pt}.
(fancyhdr)                You might also make \topmargin smaller:
(fancyhdr)                \addtolength{\topmargin}{-2.0pt}.

[440 <./Book11/fig33ag-eps-converted-to.pdf> <./Book11/fig33ae-eps-converted-to
.pdf>]

Package fancyhdr Warning: \headheight is too small (12.0pt): 
(fancyhdr)                Make it at least 14.0pt, for example:
(fancyhdr)                \setlength{\headheight}{14.0pt}.
(fancyhdr)                You might also make \topmargin smaller:
(fancyhdr)                \addtolength{\topmargin}{-2.0pt}.

[441 <./Book11/fig34g-eps-converted-to.pdf> <./Book11/fig34e-eps-converted-to.p
df>]

Package fancyhdr Warning: \headheight is too small (12.0pt): 
(fancyhdr)                Make it at least 14.0pt, for example:
(fancyhdr)                \setlength{\headheight}{14.0pt}.
(fancyhdr)                You might also make \topmargin smaller:
(fancyhdr)                \addtolength{\topmargin}{-2.0pt}.

[442 <./Book11/fig34ag-eps-converted-to.pdf> <./Book11/fig34ae-eps-converted-to
.pdf>]
Underfull \hbox (badness 10000) in paragraph at lines 3607--3608


Overfull \vbox (169.84752pt too high) detected at line 3761

Overfull \vbox (169.84752pt too high) detected at line 3761


Package fancyhdr Warning: \headheight is too small (12.0pt): 
(fancyhdr)                Make it at least 14.0pt, for example:
(fancyhdr)                \setlength{\headheight}{14.0pt}.
(fancyhdr)                You might also make \topmargin smaller:
(fancyhdr)                \addtolength{\topmargin}{-2.0pt}.

[443]

Package fancyhdr Warning: \headheight is too small (12.0pt): 
(fancyhdr)                Make it at least 14.0pt, for example:
(fancyhdr)                \setlength{\headheight}{14.0pt}.
(fancyhdr)                You might also make \topmargin smaller:
(fancyhdr)                \addtolength{\topmargin}{-2.0pt}.

[444 <./Book11/fig35g-eps-converted-to.pdf> <./Book11/fig35e-eps-converted-to.p
df>]
Underfull \hbox (badness 10000) in paragraph at lines 3801--3802


Underfull \hbox (badness 10000) in paragraph at lines 3801--3802


Overfull \vbox (126.48618pt too high) detected at line 3883

Overfull \vbox (126.48618pt too high) detected at line 3883


Package fancyhdr Warning: \headheight is too small (12.0pt): 
(fancyhdr)                Make it at least 14.0pt, for example:
(fancyhdr)                \setlength{\headheight}{14.0pt}.
(fancyhdr)                You might also make \topmargin smaller:
(fancyhdr)                \addtolength{\topmargin}{-2.0pt}.

[445]
Underfull \hbox (badness 10000) in paragraph at lines 3899--3900


Underfull \hbox (badness 10000) in paragraph at lines 3935--3939


Overfull \vbox (133.71251pt too high) detected at line 3966

Overfull \vbox (133.71251pt too high) detected at line 3966


Package fancyhdr Warning: \headheight is too small (12.0pt): 
(fancyhdr)                Make it at least 14.0pt, for example:
(fancyhdr)                \setlength{\headheight}{14.0pt}.
(fancyhdr)                You might also make \topmargin smaller:
(fancyhdr)                \addtolength{\topmargin}{-2.0pt}.

[446 <./Book11/fig36g-eps-converted-to.pdf> <./Book11/fig36e-eps-converted-to.p
df>]
Overfull \vbox (162.62117pt too high) detected at line 4062

Overfull \vbox (162.62117pt too high) detected at line 4062


Package fancyhdr Warning: \headheight is too small (12.0pt): 
(fancyhdr)                Make it at least 14.0pt, for example:
(fancyhdr)                \setlength{\headheight}{14.0pt}.
(fancyhdr)                You might also make \topmargin smaller:
(fancyhdr)                \addtolength{\topmargin}{-2.0pt}.

[447 <./Book11/fig37g-eps-converted-to.pdf> <./Book11/fig37e-eps-converted-to.p
df>]
Overfull \vbox (83.12373pt too high) detected at line 4130

Overfull \vbox (83.12373pt too high) detected at line 4130


Package fancyhdr Warning: \headheight is too small (12.0pt): 
(fancyhdr)                Make it at least 14.0pt, for example:
(fancyhdr)                \setlength{\headheight}{14.0pt}.
(fancyhdr)                You might also make \topmargin smaller:
(fancyhdr)                \addtolength{\topmargin}{-2.0pt}.

[448 <./Book11/fig38g-eps-converted-to.pdf> <./Book11/fig38e-eps-converted-to.p
df>])

Package fancyhdr Warning: \headheight is too small (12.0pt): 
(fancyhdr)                Make it at least 14.0pt, for example:
(fancyhdr)                \setlength{\headheight}{14.0pt}.
(fancyhdr)                You might also make \topmargin smaller:
(fancyhdr)                \addtolength{\topmargin}{-2.0pt}.

[449 <./Book11/fig39g-eps-converted-to.pdf> <./Book11/fig39e-eps-converted-to.p
df>] (./Book12/Book12.tex
[450 <./Book12/front-eps-converted-to.pdf>]
Overfull \vbox (104.80496pt too high) detected at line 109

Overfull \vbox (104.80496pt too high) detected at line 109

Underfull \hbox (badness 10000) in paragraph at lines 197--200


Overfull \vbox (213.20996pt too high) detected at line 258

Overfull \vbox (213.20996pt too high) detected at line 258


Package fancyhdr Warning: \headheight is too small (12.0pt): 
(fancyhdr)                Make it at least 14.0pt, for example:
(fancyhdr)                \setlength{\headheight}{14.0pt}.
(fancyhdr)                You might also make \topmargin smaller:
(fancyhdr)                \addtolength{\topmargin}{-2.0pt}.

[451 <./Book12/fig01g-eps-converted-to.pdf> <./Book12/fig01e-eps-converted-to.p
df>]

Package fancyhdr Warning: \headheight is too small (12.0pt): 
(fancyhdr)                Make it at least 14.0pt, for example:
(fancyhdr)                \setlength{\headheight}{14.0pt}.
(fancyhdr)                You might also make \topmargin smaller:
(fancyhdr)                \addtolength{\topmargin}{-2.0pt}.

[452 <./Book12/fig02g-eps-converted-to.pdf> <./Book12/fig02e-eps-converted-to.p
df>]

Package fancyhdr Warning: \headheight is too small (12.0pt): 
(fancyhdr)                Make it at least 14.0pt, for example:
(fancyhdr)                \setlength{\headheight}{14.0pt}.
(fancyhdr)                You might also make \topmargin smaller:
(fancyhdr)                \addtolength{\topmargin}{-2.0pt}.

[453]
Underfull \hbox (badness 10000) in paragraph at lines 313--314


Overfull \vbox (155.39374pt too high) detected at line 475

Overfull \vbox (155.39374pt too high) detected at line 475


Package fancyhdr Warning: \headheight is too small (12.0pt): 
(fancyhdr)                Make it at least 14.0pt, for example:
(fancyhdr)                \setlength{\headheight}{14.0pt}.
(fancyhdr)                You might also make \topmargin smaller:
(fancyhdr)                \addtolength{\topmargin}{-2.0pt}.

[454 <./Book12/fig03g-eps-converted-to.pdf> <./Book12/fig03e-eps-converted-to.p
df>]

Package fancyhdr Warning: \headheight is too small (12.0pt): 
(fancyhdr)                Make it at least 14.0pt, for example:
(fancyhdr)                \setlength{\headheight}{14.0pt}.
(fancyhdr)                You might also make \topmargin smaller:
(fancyhdr)                \addtolength{\topmargin}{-2.0pt}.

[455]
Underfull \hbox (badness 10000) in paragraph at lines 498--499


Underfull \hbox (badness 10000) in paragraph at lines 498--499


Overfull \vbox (140.93996pt too high) detected at line 594

Overfull \vbox (140.93996pt too high) detected at line 594


Package fancyhdr Warning: \headheight is too small (12.0pt): 
(fancyhdr)                Make it at least 14.0pt, for example:
(fancyhdr)                \setlength{\headheight}{14.0pt}.
(fancyhdr)                You might also make \topmargin smaller:
(fancyhdr)                \addtolength{\topmargin}{-2.0pt}.

[456 <./Book12/fig04e-eps-converted-to.pdf>]

Package fancyhdr Warning: \headheight is too small (12.0pt): 
(fancyhdr)                Make it at least 14.0pt, for example:
(fancyhdr)                \setlength{\headheight}{14.0pt}.
(fancyhdr)                You might also make \topmargin smaller:
(fancyhdr)                \addtolength{\topmargin}{-2.0pt}.

[457 <./Book12/fig04g-eps-converted-to.pdf>]
Overfull \vbox (97.57751pt too high) detected at line 755

Overfull \vbox (97.57751pt too high) detected at line 755


Package fancyhdr Warning: \headheight is too small (12.0pt): 
(fancyhdr)                Make it at least 14.0pt, for example:
(fancyhdr)                \setlength{\headheight}{14.0pt}.
(fancyhdr)                You might also make \topmargin smaller:
(fancyhdr)                \addtolength{\topmargin}{-2.0pt}.

[458 <./Book12/fig05g-eps-converted-to.pdf> <./Book12/fig05e-eps-converted-to.p
df>]
Underfull \hbox (badness 10000) in paragraph at lines 768--769


Underfull \hbox (badness 10000) in paragraph at lines 808--810


Overfull \vbox (140.93996pt too high) detected at line 837

Overfull \vbox (140.93996pt too high) detected at line 837


Package fancyhdr Warning: \headheight is too small (12.0pt): 
(fancyhdr)                Make it at least 14.0pt, for example:
(fancyhdr)                \setlength{\headheight}{14.0pt}.
(fancyhdr)                You might also make \topmargin smaller:
(fancyhdr)                \addtolength{\topmargin}{-2.0pt}.

[459]
Underfull \hbox (badness 10000) in paragraph at lines 850--851


Overfull \hbox (9.57912pt too wide) in paragraph at lines 876--877
[]\LGR/cmr/b/li/10 >Epeze'uqjwsan g`ar a<i BD, EG, GD. >epe`i pa-ral-lhl'ogramm
'on

Overfull \vbox (177.07495pt too high) detected at line 925

Overfull \vbox (177.07495pt too high) detected at line 925


Package fancyhdr Warning: \headheight is too small (12.0pt): 
(fancyhdr)                Make it at least 14.0pt, for example:
(fancyhdr)                \setlength{\headheight}{14.0pt}.
(fancyhdr)                You might also make \topmargin smaller:
(fancyhdr)                \addtolength{\topmargin}{-2.0pt}.

[460 <./Book12/fig06g-eps-converted-to.pdf> <./Book12/fig06e-eps-converted-to.p
df>]

Package fancyhdr Warning: \headheight is too small (12.0pt): 
(fancyhdr)                Make it at least 14.0pt, for example:
(fancyhdr)                \setlength{\headheight}{14.0pt}.
(fancyhdr)                You might also make \topmargin smaller:
(fancyhdr)                \addtolength{\topmargin}{-2.0pt}.

[461 <./Book12/fig07g-eps-converted-to.pdf> <./Book12/fig07e-eps-converted-to.p
df>]
Overfull \vbox (140.93996pt too high) detected at line 1024

Overfull \vbox (140.93996pt too high) detected at line 1024


Package fancyhdr Warning: \headheight is too small (12.0pt): 
(fancyhdr)                Make it at least 14.0pt, for example:
(fancyhdr)                \setlength{\headheight}{14.0pt}.
(fancyhdr)                You might also make \topmargin smaller:
(fancyhdr)                \addtolength{\topmargin}{-2.0pt}.

[462 <./Book12/fig08g-eps-converted-to.pdf> <./Book12/fig08e-eps-converted-to.p
df>]
Overfull \vbox (177.07495pt too high) detected at line 1189

Overfull \vbox (177.07495pt too high) detected at line 1189


Package fancyhdr Warning: \headheight is too small (12.0pt): 
(fancyhdr)                Make it at least 14.0pt, for example:
(fancyhdr)                \setlength{\headheight}{14.0pt}.
(fancyhdr)                You might also make \topmargin smaller:
(fancyhdr)                \addtolength{\topmargin}{-2.0pt}.

[463 <./Book12/fig09g-eps-converted-to.pdf> <./Book12/fig09e-eps-converted-to.p
df>]
Overfull \vbox (177.07495pt too high) detected at line 1376

Overfull \vbox (177.07495pt too high) detected at line 1376


Package fancyhdr Warning: \headheight is too small (12.0pt): 
(fancyhdr)                Make it at least 14.0pt, for example:
(fancyhdr)                \setlength{\headheight}{14.0pt}.
(fancyhdr)                You might also make \topmargin smaller:
(fancyhdr)                \addtolength{\topmargin}{-2.0pt}.

[464]

Package fancyhdr Warning: \headheight is too small (12.0pt): 
(fancyhdr)                Make it at least 14.0pt, for example:
(fancyhdr)                \setlength{\headheight}{14.0pt}.
(fancyhdr)                You might also make \topmargin smaller:
(fancyhdr)                \addtolength{\topmargin}{-2.0pt}.

[465 <./Book12/fig10g-eps-converted-to.pdf> <./Book12/fig10e-eps-converted-to.p
df>]

Package fancyhdr Warning: \headheight is too small (12.0pt): 
(fancyhdr)                Make it at least 14.0pt, for example:
(fancyhdr)                \setlength{\headheight}{14.0pt}.
(fancyhdr)                You might also make \topmargin smaller:
(fancyhdr)                \addtolength{\topmargin}{-2.0pt}.

[466]
Overfull \vbox (90.35118pt too high) detected at line 1548

Overfull \vbox (90.35118pt too high) detected at line 1548


Package fancyhdr Warning: \headheight is too small (12.0pt): 
(fancyhdr)                Make it at least 14.0pt, for example:
(fancyhdr)                \setlength{\headheight}{14.0pt}.
(fancyhdr)                You might also make \topmargin smaller:
(fancyhdr)                \addtolength{\topmargin}{-2.0pt}.

[467 <./Book12/fig11g-eps-converted-to.pdf> <./Book12/fig11e-eps-converted-to.p
df>]

Package fancyhdr Warning: \headheight is too small (12.0pt): 
(fancyhdr)                Make it at least 14.0pt, for example:
(fancyhdr)                \setlength{\headheight}{14.0pt}.
(fancyhdr)                You might also make \topmargin smaller:
(fancyhdr)                \addtolength{\topmargin}{-2.0pt}.

[468]
Overfull \vbox (119.25873pt too high) detected at line 1790

Overfull \vbox (119.25873pt too high) detected at line 1790


Package fancyhdr Warning: \headheight is too small (12.0pt): 
(fancyhdr)                Make it at least 14.0pt, for example:
(fancyhdr)                \setlength{\headheight}{14.0pt}.
(fancyhdr)                You might also make \topmargin smaller:
(fancyhdr)                \addtolength{\topmargin}{-2.0pt}.

[469 <./Book12/fig12g-eps-converted-to.pdf> <./Book12/fig12e-eps-converted-to.p
df>]

Package fancyhdr Warning: \headheight is too small (12.0pt): 
(fancyhdr)                Make it at least 14.0pt, for example:
(fancyhdr)                \setlength{\headheight}{14.0pt}.
(fancyhdr)                You might also make \topmargin smaller:
(fancyhdr)                \addtolength{\topmargin}{-2.0pt}.

[470]

Package fancyhdr Warning: \headheight is too small (12.0pt): 
(fancyhdr)                Make it at least 14.0pt, for example:
(fancyhdr)                \setlength{\headheight}{14.0pt}.
(fancyhdr)                You might also make \topmargin smaller:
(fancyhdr)                \addtolength{\topmargin}{-2.0pt}.

[471]
Overfull \vbox (75.8974pt too high) detected at line 1875

Overfull \vbox (75.8974pt too high) detected at line 1875


Package fancyhdr Warning: \headheight is too small (12.0pt): 
(fancyhdr)                Make it at least 14.0pt, for example:
(fancyhdr)                \setlength{\headheight}{14.0pt}.
(fancyhdr)                You might also make \topmargin smaller:
(fancyhdr)                \addtolength{\topmargin}{-2.0pt}.

[472 <./Book12/fig13g-eps-converted-to.pdf> <./Book12/fig13e-eps-converted-to.p
df>]
Overfull \vbox (126.48618pt too high) detected at line 1931

Overfull \vbox (126.48618pt too high) detected at line 1931


Package fancyhdr Warning: \headheight is too small (12.0pt): 
(fancyhdr)                Make it at least 14.0pt, for example:
(fancyhdr)                \setlength{\headheight}{14.0pt}.
(fancyhdr)                You might also make \topmargin smaller:
(fancyhdr)                \addtolength{\topmargin}{-2.0pt}.

[473 <./Book12/fig14g-eps-converted-to.pdf> <./Book12/fig14e-eps-converted-to.p
df>]
Underfull \hbox (badness 10000) in paragraph at lines 1944--1945


Overfull \vbox (75.8974pt too high) detected at line 2030

Overfull \vbox (75.8974pt too high) detected at line 2030


Package fancyhdr Warning: \headheight is too small (12.0pt): 
(fancyhdr)                Make it at least 14.0pt, for example:
(fancyhdr)                \setlength{\headheight}{14.0pt}.
(fancyhdr)                You might also make \topmargin smaller:
(fancyhdr)                \addtolength{\topmargin}{-2.0pt}.

[474 <./Book12/fig15g-eps-converted-to.pdf> <./Book12/fig15e-eps-converted-to.p
df>]
Overfull \vbox (140.93996pt too high) detected at line 2088

Overfull \vbox (140.93996pt too high) detected at line 2088


Package fancyhdr Warning: \headheight is too small (12.0pt): 
(fancyhdr)                Make it at least 14.0pt, for example:
(fancyhdr)                \setlength{\headheight}{14.0pt}.
(fancyhdr)                You might also make \topmargin smaller:
(fancyhdr)                \addtolength{\topmargin}{-2.0pt}.

[475 <./Book12/fig16g-eps-converted-to.pdf> <./Book12/fig16e-eps-converted-to.p
df>]
Overfull \vbox (242.11751pt too high) detected at line 2287

Overfull \vbox (242.11751pt too high) detected at line 2287


Package fancyhdr Warning: \headheight is too small (12.0pt): 
(fancyhdr)                Make it at least 14.0pt, for example:
(fancyhdr)                \setlength{\headheight}{14.0pt}.
(fancyhdr)                You might also make \topmargin smaller:
(fancyhdr)                \addtolength{\topmargin}{-2.0pt}.

[476 <./Book12/fig17g-eps-converted-to.pdf> <./Book12/fig17e-eps-converted-to.p
df>]

Package fancyhdr Warning: \headheight is too small (12.0pt): 
(fancyhdr)                Make it at least 14.0pt, for example:
(fancyhdr)                \setlength{\headheight}{14.0pt}.
(fancyhdr)                You might also make \topmargin smaller:
(fancyhdr)                \addtolength{\topmargin}{-2.0pt}.

[477]

Package fancyhdr Warning: \headheight is too small (12.0pt): 
(fancyhdr)                Make it at least 14.0pt, for example:
(fancyhdr)                \setlength{\headheight}{14.0pt}.
(fancyhdr)                You might also make \topmargin smaller:
(fancyhdr)                \addtolength{\topmargin}{-2.0pt}.

[478]
Underfull \hbox (badness 10000) in paragraph at lines 2288--2292



Package fancyhdr Warning: \headheight is too small (12.0pt): 
(fancyhdr)                Make it at least 14.0pt, for example:
(fancyhdr)                \setlength{\headheight}{14.0pt}.
(fancyhdr)                You might also make \topmargin smaller:
(fancyhdr)                \addtolength{\topmargin}{-2.0pt}.

[479]
Overfull \vbox (191.52873pt too high) detected at line 2435

Overfull \vbox (191.52873pt too high) detected at line 2435


Package fancyhdr Warning: \headheight is too small (12.0pt): 
(fancyhdr)                Make it at least 14.0pt, for example:
(fancyhdr)                \setlength{\headheight}{14.0pt}.
(fancyhdr)                You might also make \topmargin smaller:
(fancyhdr)                \addtolength{\topmargin}{-2.0pt}.

[480 <./Book12/fig18g-eps-converted-to.pdf> <./Book12/fig18e-eps-converted-to.p
df>])

Package fancyhdr Warning: \headheight is too small (12.0pt): 
(fancyhdr)                Make it at least 14.0pt, for example:
(fancyhdr)                \setlength{\headheight}{14.0pt}.
(fancyhdr)                You might also make \topmargin smaller:
(fancyhdr)                \addtolength{\topmargin}{-2.0pt}.

[481] (./Book13/Book13.tex
[482 <./Book13/front-eps-converted-to.pdf>]
Underfull \hbox (badness 10000) in paragraph at lines 108--110


Overfull \vbox (177.07495pt too high) detected at line 111

Overfull \vbox (177.07495pt too high) detected at line 111

Overfull \vbox (177.07495pt too high) detected at line 204

Overfull \vbox (177.07495pt too high) detected at line 204


Package fancyhdr Warning: \headheight is too small (12.0pt): 
(fancyhdr)                Make it at least 14.0pt, for example:
(fancyhdr)                \setlength{\headheight}{14.0pt}.
(fancyhdr)                You might also make \topmargin smaller:
(fancyhdr)                \addtolength{\topmargin}{-2.0pt}.

[483 <./Book13/fig01g-eps-converted-to.pdf> <./Book13/fig01e-eps-converted-to.p
df>]

Package fancyhdr Warning: \headheight is too small (12.0pt): 
(fancyhdr)                Make it at least 14.0pt, for example:
(fancyhdr)                \setlength{\headheight}{14.0pt}.
(fancyhdr)                You might also make \topmargin smaller:
(fancyhdr)                \addtolength{\topmargin}{-2.0pt}.

[484 <./Book13/fig02g-eps-converted-to.pdf> <./Book13/fig02e-eps-converted-to.p
df>]
Underfull \hbox (badness 10000) in paragraph at lines 301--304


Overfull \vbox (177.07495pt too high) detected at line 332

Overfull \vbox (177.07495pt too high) detected at line 332


Package fancyhdr Warning: \headheight is too small (12.0pt): 
(fancyhdr)                Make it at least 14.0pt, for example:
(fancyhdr)                \setlength{\headheight}{14.0pt}.
(fancyhdr)                You might also make \topmargin smaller:
(fancyhdr)                \addtolength{\topmargin}{-2.0pt}.

[485 <./Book13/fig03g-eps-converted-to.pdf> <./Book13/fig03e-eps-converted-to.p
df>]
Underfull \hbox (badness 10000) in paragraph at lines 383--386


Overfull \vbox (177.07495pt too high) detected at line 412

Overfull \vbox (177.07495pt too high) detected at line 412


Package fancyhdr Warning: \headheight is too small (12.0pt): 
(fancyhdr)                Make it at least 14.0pt, for example:
(fancyhdr)                \setlength{\headheight}{14.0pt}.
(fancyhdr)                You might also make \topmargin smaller:
(fancyhdr)                \addtolength{\topmargin}{-2.0pt}.

[486 <./Book13/fig04g-eps-converted-to.pdf> <./Book13/fig04e-eps-converted-to.p
df>]
Overfull \vbox (140.93996pt too high) detected at line 491

Overfull \vbox (140.93996pt too high) detected at line 491

Underfull \hbox (badness 10000) in paragraph at lines 504--505


Overfull \vbox (18.08118pt too high) detected at line 577

Overfull \vbox (18.08118pt too high) detected at line 577


Package fancyhdr Warning: \headheight is too small (12.0pt): 
(fancyhdr)                Make it at least 14.0pt, for example:
(fancyhdr)                \setlength{\headheight}{14.0pt}.
(fancyhdr)                You might also make \topmargin smaller:
(fancyhdr)                \addtolength{\topmargin}{-2.0pt}.

[487 <./Book13/fig05g-eps-converted-to.pdf> <./Book13/fig05e-eps-converted-to.p
df>]
Underfull \hbox (badness 10000) in paragraph at lines 614--615


Underfull \hbox (badness 10000) in paragraph at lines 614--615


Overfull \vbox (140.93996pt too high) detected at line 686

Overfull \vbox (140.93996pt too high) detected at line 686


Package fancyhdr Warning: \headheight is too small (12.0pt): 
(fancyhdr)                Make it at least 14.0pt, for example:
(fancyhdr)                \setlength{\headheight}{14.0pt}.
(fancyhdr)                You might also make \topmargin smaller:
(fancyhdr)                \addtolength{\topmargin}{-2.0pt}.

[488 <./Book13/fig06g-eps-converted-to.pdf> <./Book13/fig06e-eps-converted-to.p
df>]
Overfull \vbox (140.93996pt too high) detected at line 786

Overfull \vbox (140.93996pt too high) detected at line 786


Package fancyhdr Warning: \headheight is too small (12.0pt): 
(fancyhdr)                Make it at least 14.0pt, for example:
(fancyhdr)                \setlength{\headheight}{14.0pt}.
(fancyhdr)                You might also make \topmargin smaller:
(fancyhdr)                \addtolength{\topmargin}{-2.0pt}.

[489 <./Book13/fig07g-eps-converted-to.pdf> <./Book13/fig07e-eps-converted-to.p
df>]
Underfull \hbox (badness 10000) in paragraph at lines 801--802


Underfull \hbox (badness 10000) in paragraph at lines 852--857


Overfull \vbox (159.00746pt too high) detected at line 885

Overfull \vbox (159.00746pt too high) detected at line 885


Package fancyhdr Warning: \headheight is too small (12.0pt): 
(fancyhdr)                Make it at least 14.0pt, for example:
(fancyhdr)                \setlength{\headheight}{14.0pt}.
(fancyhdr)                You might also make \topmargin smaller:
(fancyhdr)                \addtolength{\topmargin}{-2.0pt}.

[490 <./Book13/fig08g-eps-converted-to.pdf> <./Book13/fig08e-eps-converted-to.p
df>]
Underfull \hbox (badness 10000) in paragraph at lines 900--901


Overfull \vbox (177.07495pt too high) detected at line 1036

Overfull \vbox (177.07495pt too high) detected at line 1036


Package fancyhdr Warning: \headheight is too small (12.0pt): 
(fancyhdr)                Make it at least 14.0pt, for example:
(fancyhdr)                \setlength{\headheight}{14.0pt}.
(fancyhdr)                You might also make \topmargin smaller:
(fancyhdr)                \addtolength{\topmargin}{-2.0pt}.

[491 <./Book13/fig09g-eps-converted-to.pdf> <./Book13/fig09e-eps-converted-to.p
df>]

Package fancyhdr Warning: \headheight is too small (12.0pt): 
(fancyhdr)                Make it at least 14.0pt, for example:
(fancyhdr)                \setlength{\headheight}{14.0pt}.
(fancyhdr)                You might also make \topmargin smaller:
(fancyhdr)                \addtolength{\topmargin}{-2.0pt}.

[492 <./Book13/fig10g-eps-converted-to.pdf> <./Book13/fig10e-eps-converted-to.p
df>]
Overfull \vbox (177.07495pt too high) detected at line 1229

Overfull \vbox (177.07495pt too high) detected at line 1229


Package fancyhdr Warning: \headheight is too small (12.0pt): 
(fancyhdr)                Make it at least 14.0pt, for example:
(fancyhdr)                \setlength{\headheight}{14.0pt}.
(fancyhdr)                You might also make \topmargin smaller:
(fancyhdr)                \addtolength{\topmargin}{-2.0pt}.

[493 <./Book13/fig11g-eps-converted-to.pdf> <./Book13/fig11e-eps-converted-to.p
df>]

Package fancyhdr Warning: \headheight is too small (12.0pt): 
(fancyhdr)                Make it at least 14.0pt, for example:
(fancyhdr)                \setlength{\headheight}{14.0pt}.
(fancyhdr)                You might also make \topmargin smaller:
(fancyhdr)                \addtolength{\topmargin}{-2.0pt}.

[494]
Overfull \vbox (177.07495pt too high) detected at line 1309

Overfull \vbox (177.07495pt too high) detected at line 1309


Package fancyhdr Warning: \headheight is too small (12.0pt): 
(fancyhdr)                Make it at least 14.0pt, for example:
(fancyhdr)                \setlength{\headheight}{14.0pt}.
(fancyhdr)                You might also make \topmargin smaller:
(fancyhdr)                \addtolength{\topmargin}{-2.0pt}.

[495]
Underfull \hbox (badness 10000) in paragraph at lines 1359--1360


Underfull \hbox (badness 10000) in paragraph at lines 1359--1360


Underfull \hbox (badness 10000) in paragraph at lines 1359--1360


Overfull \vbox (249.34496pt too high) detected at line 1492

Overfull \vbox (249.34496pt too high) detected at line 1492


Package fancyhdr Warning: \headheight is too small (12.0pt): 
(fancyhdr)                Make it at least 14.0pt, for example:
(fancyhdr)                \setlength{\headheight}{14.0pt}.
(fancyhdr)                You might also make \topmargin smaller:
(fancyhdr)                \addtolength{\topmargin}{-2.0pt}.

[496 <./Book13/fig12g-eps-converted-to.pdf> <./Book13/fig12e-eps-converted-to.p
df>]

Package fancyhdr Warning: \headheight is too small (12.0pt): 
(fancyhdr)                Make it at least 14.0pt, for example:
(fancyhdr)                \setlength{\headheight}{14.0pt}.
(fancyhdr)                You might also make \topmargin smaller:
(fancyhdr)                \addtolength{\topmargin}{-2.0pt}.

[497 <./Book13/fig13g-eps-converted-to.pdf> <./Book13/fig13e-eps-converted-to.p
df>]
Overfull \vbox (177.07495pt too high) detected at line 1556

Overfull \vbox (177.07495pt too high) detected at line 1556


Package fancyhdr Warning: \headheight is too small (12.0pt): 
(fancyhdr)                Make it at least 14.0pt, for example:
(fancyhdr)                \setlength{\headheight}{14.0pt}.
(fancyhdr)                You might also make \topmargin smaller:
(fancyhdr)                \addtolength{\topmargin}{-2.0pt}.

[498 <./Book13/fig13ag-eps-converted-to.pdf> <./Book13/fig13ae-eps-converted-to
.pdf>]
Underfull \hbox (badness 10000) in paragraph at lines 1570--1571


Overfull \vbox (231.27745pt too high) detected at line 1701

Overfull \vbox (231.27745pt too high) detected at line 1701


Package fancyhdr Warning: \headheight is too small (12.0pt): 
(fancyhdr)                Make it at least 14.0pt, for example:
(fancyhdr)                \setlength{\headheight}{14.0pt}.
(fancyhdr)                You might also make \topmargin smaller:
(fancyhdr)                \addtolength{\topmargin}{-2.0pt}.

[499 <./Book13/fig14g-eps-converted-to.pdf> <./Book13/fig14e-eps-converted-to.p
df>]
Underfull \hbox (badness 10000) in paragraph at lines 1734--1735


Overfull \vbox (213.20996pt too high) detected at line 1830

Overfull \vbox (213.20996pt too high) detected at line 1830


Package fancyhdr Warning: \headheight is too small (12.0pt): 
(fancyhdr)                Make it at least 14.0pt, for example:
(fancyhdr)                \setlength{\headheight}{14.0pt}.
(fancyhdr)                You might also make \topmargin smaller:
(fancyhdr)                \addtolength{\topmargin}{-2.0pt}.

[500]

Package fancyhdr Warning: \headheight is too small (12.0pt): 
(fancyhdr)                Make it at least 14.0pt, for example:
(fancyhdr)                \setlength{\headheight}{14.0pt}.
(fancyhdr)                You might also make \topmargin smaller:
(fancyhdr)                \addtolength{\topmargin}{-2.0pt}.

[501 <./Book13/fig15g-eps-converted-to.pdf> <./Book13/fig15e-eps-converted-to.p
df>]
Underfull \hbox (badness 10000) in paragraph at lines 1892--1893


Underfull \hbox (badness 10000) in paragraph at lines 1892--1893


Underfull \hbox (badness 10000) in paragraph at lines 1892--1893


Underfull \hbox (badness 10000) in paragraph at lines 1892--1893


Overfull \vbox (104.80496pt too high) detected at line 2131

Overfull \vbox (104.80496pt too high) detected at line 2131

Overfull \vbox (249.34496pt too high) detected at line 2131

Overfull \vbox (249.34496pt too high) detected at line 2131


Package fancyhdr Warning: \headheight is too small (12.0pt): 
(fancyhdr)                Make it at least 14.0pt, for example:
(fancyhdr)                \setlength{\headheight}{14.0pt}.
(fancyhdr)                You might also make \topmargin smaller:
(fancyhdr)                \addtolength{\topmargin}{-2.0pt}.

[502 <./Book13/fig16ag-eps-converted-to.pdf> <./Book13/fig16ae-eps-converted-to
.pdf>]

Package fancyhdr Warning: \headheight is too small (12.0pt): 
(fancyhdr)                Make it at least 14.0pt, for example:
(fancyhdr)                \setlength{\headheight}{14.0pt}.
(fancyhdr)                You might also make \topmargin smaller:
(fancyhdr)                \addtolength{\topmargin}{-2.0pt}.

[503 <./Book13/fig16g-eps-converted-to.pdf> <./Book13/fig16e-eps-converted-to.p
df>]

Package fancyhdr Warning: \headheight is too small (12.0pt): 
(fancyhdr)                Make it at least 14.0pt, for example:
(fancyhdr)                \setlength{\headheight}{14.0pt}.
(fancyhdr)                You might also make \topmargin smaller:
(fancyhdr)                \addtolength{\topmargin}{-2.0pt}.

[504]
Underfull \hbox (badness 10000) in paragraph at lines 2184--2185


Underfull \hbox (badness 10000) in paragraph at lines 2184--2185


Underfull \hbox (badness 10000) in paragraph at lines 2184--2185


Overfull \vbox (213.20996pt too high) detected at line 2471

Overfull \vbox (213.20996pt too high) detected at line 2471


Package fancyhdr Warning: \headheight is too small (12.0pt): 
(fancyhdr)                Make it at least 14.0pt, for example:
(fancyhdr)                \setlength{\headheight}{14.0pt}.
(fancyhdr)                You might also make \topmargin smaller:
(fancyhdr)                \addtolength{\topmargin}{-2.0pt}.

[505]

Package fancyhdr Warning: \headheight is too small (12.0pt): 
(fancyhdr)                Make it at least 14.0pt, for example:
(fancyhdr)                \setlength{\headheight}{14.0pt}.
(fancyhdr)                You might also make \topmargin smaller:
(fancyhdr)                \addtolength{\topmargin}{-2.0pt}.

[506 <./Book13/fig17g-eps-converted-to.pdf> <./Book13/fig17e-eps-converted-to.p
df>]

Package fancyhdr Warning: \headheight is too small (12.0pt): 
(fancyhdr)                Make it at least 14.0pt, for example:
(fancyhdr)                \setlength{\headheight}{14.0pt}.
(fancyhdr)                You might also make \topmargin smaller:
(fancyhdr)                \addtolength{\topmargin}{-2.0pt}.

[507]

Package fancyhdr Warning: \headheight is too small (12.0pt): 
(fancyhdr)                Make it at least 14.0pt, for example:
(fancyhdr)                \setlength{\headheight}{14.0pt}.
(fancyhdr)                You might also make \topmargin smaller:
(fancyhdr)                \addtolength{\topmargin}{-2.0pt}.

[508]
Overfull \vbox (159.00746pt too high) detected at line 2759

Overfull \vbox (159.00746pt too high) detected at line 2759


Package fancyhdr Warning: \headheight is too small (12.0pt): 
(fancyhdr)                Make it at least 14.0pt, for example:
(fancyhdr)                \setlength{\headheight}{14.0pt}.
(fancyhdr)                You might also make \topmargin smaller:
(fancyhdr)                \addtolength{\topmargin}{-2.0pt}.

[509 <./Book13/fig18g-eps-converted-to.pdf> <./Book13/fig18e-eps-converted-to.p
df>]

Package fancyhdr Warning: \headheight is too small (12.0pt): 
(fancyhdr)                Make it at least 14.0pt, for example:
(fancyhdr)                \setlength{\headheight}{14.0pt}.
(fancyhdr)                You might also make \topmargin smaller:
(fancyhdr)                \addtolength{\topmargin}{-2.0pt}.

[510]
Underfull \hbox (badness 10000) in paragraph at lines 2767--2768


Underfull \hbox (badness 10000) in paragraph at lines 2800--2801



Package fancyhdr Warning: \headheight is too small (12.0pt): 
(fancyhdr)                Make it at least 14.0pt, for example:
(fancyhdr)                \setlength{\headheight}{14.0pt}.
(fancyhdr)                You might also make \topmargin smaller:
(fancyhdr)                \addtolength{\topmargin}{-2.0pt}.

[511]
Overfull \vbox (140.93996pt too high) detected at line 2880

Overfull \vbox (140.93996pt too high) detected at line 2880


Package fancyhdr Warning: \headheight is too small (12.0pt): 
(fancyhdr)                Make it at least 14.0pt, for example:
(fancyhdr)                \setlength{\headheight}{14.0pt}.
(fancyhdr)                You might also make \topmargin smaller:
(fancyhdr)                \addtolength{\topmargin}{-2.0pt}.

[512 <./Book13/fig18ag-eps-converted-to.pdf> <./Book13/fig18ae-eps-converted-to
.pdf>])

Package fancyhdr Warning: \headheight is too small (12.0pt): 
(fancyhdr)                Make it at least 14.0pt, for example:
(fancyhdr)                \setlength{\headheight}{14.0pt}.
(fancyhdr)                You might also make \topmargin smaller:
(fancyhdr)                \addtolength{\topmargin}{-2.0pt}.

[513] (./Book99/Lexicon.tex
[514]

Overfull \hbox (11.8625pt too wide) in paragraph at lines 96--98
[]\OT1/txr/m/n/9 : \OT1/txr/m/it/9 vb\OT1/txr/m/n/9 , draw

Overfull \hbox (9.54779pt too wide) in paragraph at lines 101--102
[]\OT1/txr/m/n/9 : \OT1/txr/m/it/9 vb\OT1/txr/m/n/9 , show, demon-


Package fancyhdr Warning: \headheight is too small (12.0pt): 
(fancyhdr)                Make it at least 14.0pt, for example:
(fancyhdr)                \setlength{\headheight}{14.0pt}.
(fancyhdr)                You might also make \topmargin smaller:
(fancyhdr)                \addtolength{\topmargin}{-2.0pt}.

[515]
Overfull \hbox (6.19629pt too wide) in paragraph at lines 173--174
[]\OT1/txr/m/n/9 : \OT1/txr/m/it/9 vb\OT1/txr/m/n/9 , join



Package fancyhdr Warning: \headheight is too small (12.0pt): 
(fancyhdr)                Make it at least 14.0pt, for example:
(fancyhdr)                \setlength{\headheight}{14.0pt}.
(fancyhdr)                You might also make \topmargin smaller:
(fancyhdr)                \addtolength{\topmargin}{-2.0pt}.

[516]


Package fancyhdr Warning: \headheight is too small (12.0pt): 
(fancyhdr)                Make it at least 14.0pt, for example:
(fancyhdr)                \setlength{\headheight}{14.0pt}.
(fancyhdr)                You might also make \topmargin smaller:
(fancyhdr)                \addtolength{\topmargin}{-2.0pt}.

[517]
Overfull \hbox (8.41945pt too wide) in paragraph at lines 333--334
[]\OT1/txr/m/n/9 : \OT1/txr/m/it/9 vb\OT1/txr/m/n/9 , miss, fall awry. 



Package fancyhdr Warning: \headheight is too small (12.0pt): 
(fancyhdr)                Make it at least 14.0pt, for example:
(fancyhdr)                \setlength{\headheight}{14.0pt}.
(fancyhdr)                You might also make \topmargin smaller:
(fancyhdr)                \addtolength{\topmargin}{-2.0pt}.

[518]

Overfull \hbox (7.79063pt too wide) in paragraph at lines 478--479
[]\OT1/txr/m/n/9 : \OT1/txr/m/it/9 vb\OT1/txr/m/n/9 ,
)

Package fancyhdr Warning: \headheight is too small (12.0pt): 
(fancyhdr)                Make it at least 14.0pt, for example:
(fancyhdr)                \setlength{\headheight}{14.0pt}.
(fancyhdr)                You might also make \topmargin smaller:
(fancyhdr)                \addtolength{\topmargin}{-2.0pt}.

[519] (./Elements.aux (./Book00/Introduction.aux) (./Book01/Book1.aux)
(./Book02/Book2.aux) (./Book03/Book3.aux) (./Book04/Book4.aux)
(./Book05/Book5.aux) (./Book06/Book6.aux) (./Book07/Book7.aux)
(./Book08/Book8.aux) (./Book09/Book9.aux) (./Book10/Book10.aux)
(./Book11/Book11.aux) (./Book12/Book12.aux) (./Book13/Book13.aux)
(./Book99/Lexicon.aux))

Package rerunfilecheck Warning: File `Elements.out' has changed.
(rerunfilecheck)                Rerun to get outlines right
(rerunfilecheck)                or use package `bookmark'.

 )
(see the transcript file for additional information)</usr/local/texlive/2025/te
xmf-dist/fonts/type1/bitstrea/charter/bchr8a.pfb></usr/local/texlive/2025/texmf
-dist/fonts/type1/public/cbfonts/grbl1000.pfb></usr/local/texlive/2025/texmf-di
st/fonts/type1/public/txfonts/rtxb.pfb></usr/local/texlive/2025/texmf-dist/font
s/type1/public/txfonts/rtxi.pfb></usr/local/texlive/2025/texmf-dist/fonts/type1
/public/txfonts/rtxmi.pfb></usr/local/texlive/2025/texmf-dist/fonts/type1/publi
c/txfonts/rtxr.pfb></usr/local/texlive/2025/texmf-dist/fonts/type1/public/txfon
ts/txex.pfb></usr/local/texlive/2025/texmf-dist/fonts/type1/public/txfonts/txsy
.pfb></usr/local/texlive/2025/texmf-dist/fonts/type1/public/txfonts/txsya.pfb><
/usr/local/texlive/2025/texmf-dist/fonts/type1/public/txfonts/txsyc.pfb></usr/l
ocal/texlive/2025/texmf-dist/fonts/type1/public/txfonts/txtt.pfb></usr/local/te
xlive/2025/texmf-dist/fonts/type1/urw/helvetic/uhvr8a.pfb></usr/local/texlive/2
025/texmf-dist/fonts/type1/urw/helvetic/uhvr8a.pfb></usr/local/texlive/2025/tex
mf-dist/fonts/type1/urw/times/utmb8a.pfb></usr/local/texlive/2025/texmf-dist/fo
nts/type1/urw/times/utmr8a.pfb></usr/local/texlive/2025/texmf-dist/fonts/type1/
urw/times/utmri8a.pfb>
Output written on Elements.pdf (519 pages, 4400043 bytes).
Transcript written on Elements.log.
