\BOOKMARK [0][-]{intro.0}{\376\377\000I\000n\000t\000r\000o\000d\000u\000c\000t\000i\000o\000n}{}% 1
\BOOKMARK [0][-]{book1.0}{\376\377\000B\000o\000o\000k\000\040\0001}{}% 2
\BOOKMARK [1][-]{def1.1}{\376\377\000D\000e\000f\000i\000n\000i\000t\000i\000o\000n\000s}{book1.0}% 3
\BOOKMARK [1][-]{prop1.1.1}{\376\377\000P\000r\000o\000p\000o\000s\000i\000t\000i\000o\000n\000\040\0001\000.\0001}{book1.0}% 4
\BOOKMARK [1][-]{pdf1.2.1}{\376\377\000P\000r\000o\000p\000o\000s\000i\000t\000i\000o\000n\000\040\0001\000.\0002}{book1.0}% 5
\BOOKMARK [1][-]{pdf1.3.1}{\376\377\000P\000r\000o\000p\000o\000s\000i\000t\000i\000o\000n\000\040\0001\000.\0003}{book1.0}% 6
\BOOKMARK [1][-]{pdf1.4.1}{\376\377\000P\000r\000o\000p\000o\000s\000i\000t\000i\000o\000n\000\040\0001\000.\0004}{book1.0}% 7
\BOOKMARK [1][-]{pdf1.5.1}{\376\377\000P\000r\000o\000p\000o\000s\000i\000t\000i\000o\000n\000\040\0001\000.\0005}{book1.0}% 8
\BOOKMARK [1][-]{pdf1.6.1}{\376\377\000P\000r\000o\000p\000o\000s\000i\000t\000i\000o\000n\000\040\0001\000.\0006}{book1.0}% 9
\BOOKMARK [1][-]{pdf1.7.1}{\376\377\000P\000r\000o\000p\000o\000s\000i\000t\000i\000o\000n\000\040\0001\000.\0007}{book1.0}% 10
\BOOKMARK [1][-]{pdf1.8.1}{\376\377\000P\000r\000o\000p\000o\000s\000i\000t\000i\000o\000n\000\040\0001\000.\0008}{book1.0}% 11
\BOOKMARK [1][-]{pdf1.9.1}{\376\377\000P\000r\000o\000p\000o\000s\000i\000t\000i\000o\000n\000\040\0001\000.\0009}{book1.0}% 12
\BOOKMARK [1][-]{pdf1.10.1}{\376\377\000P\000r\000o\000p\000o\000s\000i\000t\000i\000o\000n\000\040\0001\000.\0001\0000}{book1.0}% 13
\BOOKMARK [1][-]{pdf1.11.1}{\376\377\000P\000r\000o\000p\000o\000s\000i\000t\000i\000o\000n\000\040\0001\000.\0001\0001}{book1.0}% 14
\BOOKMARK [1][-]{pdf1.12.1}{\376\377\000P\000r\000o\000p\000o\000s\000i\000t\000i\000o\000n\000\040\0001\000.\0001\0002}{book1.0}% 15
\BOOKMARK [1][-]{pdf1.13.1}{\376\377\000P\000r\000o\000p\000o\000s\000i\000t\000i\000o\000n\000\040\0001\000.\0001\0003}{book1.0}% 16
\BOOKMARK [1][-]{pdf1.14.1}{\376\377\000P\000r\000o\000p\000o\000s\000i\000t\000i\000o\000n\000\040\0001\000.\0001\0004}{book1.0}% 17
\BOOKMARK [1][-]{pdf1.15.1}{\376\377\000P\000r\000o\000p\000o\000s\000i\000t\000i\000o\000n\000\040\0001\000.\0001\0005}{book1.0}% 18
\BOOKMARK [1][-]{pdf1.16.1}{\376\377\000P\000r\000o\000p\000o\000s\000i\000t\000i\000o\000n\000\040\0001\000.\0001\0006}{book1.0}% 19
\BOOKMARK [1][-]{pdf1.17.1}{\376\377\000P\000r\000o\000p\000o\000s\000i\000t\000i\000o\000n\000\040\0001\000.\0001\0007}{book1.0}% 20
\BOOKMARK [1][-]{pdf1.18.1}{\376\377\000P\000r\000o\000p\000o\000s\000i\000t\000i\000o\000n\000\040\0001\000.\0001\0008}{book1.0}% 21
\BOOKMARK [1][-]{pdf1.19.1}{\376\377\000P\000r\000o\000p\000o\000s\000i\000t\000i\000o\000n\000\040\0001\000.\0001\0009}{book1.0}% 22
\BOOKMARK [1][-]{pdf1.20.1}{\376\377\000P\000r\000o\000p\000o\000s\000i\000t\000i\000o\000n\000\040\0001\000.\0002\0000}{book1.0}% 23
\BOOKMARK [1][-]{pdf1.21.1}{\376\377\000P\000r\000o\000p\000o\000s\000i\000t\000i\000o\000n\000\040\0001\000.\0002\0001}{book1.0}% 24
\BOOKMARK [1][-]{pdf1.22.1}{\376\377\000P\000r\000o\000p\000o\000s\000i\000t\000i\000o\000n\000\040\0001\000.\0002\0002}{book1.0}% 25
\BOOKMARK [1][-]{pdf1.23.1}{\376\377\000P\000r\000o\000p\000o\000s\000i\000t\000i\000o\000n\000\040\0001\000.\0002\0003}{book1.0}% 26
\BOOKMARK [1][-]{pdf1.24.1}{\376\377\000P\000r\000o\000p\000o\000s\000i\000t\000i\000o\000n\000\040\0001\000.\0002\0004}{book1.0}% 27
\BOOKMARK [1][-]{pdf1.25.1}{\376\377\000P\000r\000o\000p\000o\000s\000i\000t\000i\000o\000n\000\040\0001\000.\0002\0005}{book1.0}% 28
\BOOKMARK [1][-]{pdf1.26.1}{\376\377\000P\000r\000o\000p\000o\000s\000i\000t\000i\000o\000n\000\040\0001\000.\0002\0006}{book1.0}% 29
\BOOKMARK [1][-]{pdf1.27.1}{\376\377\000P\000r\000o\000p\000o\000s\000i\000t\000i\000o\000n\000\040\0001\000.\0002\0007}{book1.0}% 30
\BOOKMARK [1][-]{pdf1.28.1}{\376\377\000P\000r\000o\000p\000o\000s\000i\000t\000i\000o\000n\000\040\0001\000.\0002\0008}{book1.0}% 31
\BOOKMARK [1][-]{pdf1.29.1}{\376\377\000P\000r\000o\000p\000o\000s\000i\000t\000i\000o\000n\000\040\0001\000.\0002\0009}{book1.0}% 32
\BOOKMARK [1][-]{pdf1.30.1}{\376\377\000P\000r\000o\000p\000o\000s\000i\000t\000i\000o\000n\000\040\0001\000.\0003\0000}{book1.0}% 33
\BOOKMARK [1][-]{pdf1.31.1}{\376\377\000P\000r\000o\000p\000o\000s\000i\000t\000i\000o\000n\000\040\0001\000.\0003\0001}{book1.0}% 34
\BOOKMARK [1][-]{pdf1.32.1}{\376\377\000P\000r\000o\000p\000o\000s\000i\000t\000i\000o\000n\000\040\0001\000.\0003\0002}{book1.0}% 35
\BOOKMARK [1][-]{pdf1.33.1}{\376\377\000P\000r\000o\000p\000o\000s\000i\000t\000i\000o\000n\000\040\0001\000.\0003\0003}{book1.0}% 36
\BOOKMARK [1][-]{pdf1.34.1}{\376\377\000P\000r\000o\000p\000o\000s\000i\000t\000i\000o\000n\000\040\0001\000.\0003\0004}{book1.0}% 37
\BOOKMARK [1][-]{pdf1.35.1}{\376\377\000P\000r\000o\000p\000o\000s\000i\000t\000i\000o\000n\000\040\0001\000.\0003\0005}{book1.0}% 38
\BOOKMARK [1][-]{pdf1.36.1}{\376\377\000P\000r\000o\000p\000o\000s\000i\000t\000i\000o\000n\000\040\0001\000.\0003\0006}{book1.0}% 39
\BOOKMARK [1][-]{pdf1.37.1}{\376\377\000P\000r\000o\000p\000o\000s\000i\000t\000i\000o\000n\000\040\0001\000.\0003\0007}{book1.0}% 40
\BOOKMARK [1][-]{pdf1.38.1}{\376\377\000P\000r\000o\000p\000o\000s\000i\000t\000i\000o\000n\000\040\0001\000.\0003\0008}{book1.0}% 41
\BOOKMARK [1][-]{pdf1.39.1}{\376\377\000P\000r\000o\000p\000o\000s\000i\000t\000i\000o\000n\000\040\0001\000.\0003\0009}{book1.0}% 42
\BOOKMARK [1][-]{pdf1.40.1}{\376\377\000P\000r\000o\000p\000o\000s\000i\000t\000i\000o\000n\000\040\0001\000.\0004\0000}{book1.0}% 43
\BOOKMARK [1][-]{pdf1.41.1}{\376\377\000P\000r\000o\000p\000o\000s\000i\000t\000i\000o\000n\000\040\0001\000.\0004\0001}{book1.0}% 44
\BOOKMARK [1][-]{pdf1.42.1}{\376\377\000P\000r\000o\000p\000o\000s\000i\000t\000i\000o\000n\000\040\0001\000.\0004\0002}{book1.0}% 45
\BOOKMARK [1][-]{pdf1.43.1}{\376\377\000P\000r\000o\000p\000o\000s\000i\000t\000i\000o\000n\000\040\0001\000.\0004\0003}{book1.0}% 46
\BOOKMARK [1][-]{pdf1.44.1}{\376\377\000P\000r\000o\000p\000o\000s\000i\000t\000i\000o\000n\000\040\0001\000.\0004\0004}{book1.0}% 47
\BOOKMARK [1][-]{pdf1.45.1}{\376\377\000P\000r\000o\000p\000o\000s\000i\000t\000i\000o\000n\000\040\0001\000.\0004\0005}{book1.0}% 48
\BOOKMARK [1][-]{pdf1.46.1}{\376\377\000P\000r\000o\000p\000o\000s\000i\000t\000i\000o\000n\000\040\0001\000.\0004\0006}{book1.0}% 49
\BOOKMARK [1][-]{pdf1.47.1}{\376\377\000P\000r\000o\000p\000o\000s\000i\000t\000i\000o\000n\000\040\0001\000.\0004\0007}{book1.0}% 50
\BOOKMARK [1][-]{pdf1.48.1}{\376\377\000P\000r\000o\000p\000o\000s\000i\000t\000i\000o\000n\000\040\0001\000.\0004\0008}{book1.0}% 51
\BOOKMARK [0][-]{book2.0}{\376\377\000B\000o\000o\000k\000\040\0002}{}% 52
\BOOKMARK [1][-]{def2.1}{\376\377\000D\000e\000f\000i\000n\000i\000t\000i\000o\000n\000s}{book2.0}% 53
\BOOKMARK [1][-]{pdf2.1.1}{\376\377\000P\000r\000o\000p\000o\000s\000i\000t\000i\000o\000n\000\040\0002\000.\0001}{book2.0}% 54
\BOOKMARK [1][-]{pdf2.2.1}{\376\377\000P\000r\000o\000p\000o\000s\000i\000t\000i\000o\000n\000\040\0002\000.\0002}{book2.0}% 55
\BOOKMARK [1][-]{pdf2.3.1}{\376\377\000P\000r\000o\000p\000o\000s\000i\000t\000i\000o\000n\000\040\0002\000.\0003}{book2.0}% 56
\BOOKMARK [1][-]{pdf2.4.1}{\376\377\000P\000r\000o\000p\000o\000s\000i\000t\000i\000o\000n\000\040\0002\000.\0004}{book2.0}% 57
\BOOKMARK [1][-]{pdf2.5.1}{\376\377\000P\000r\000o\000p\000o\000s\000i\000t\000i\000o\000n\000\040\0002\000.\0005}{book2.0}% 58
\BOOKMARK [1][-]{pdf2.6.1}{\376\377\000P\000r\000o\000p\000o\000s\000i\000t\000i\000o\000n\000\040\0002\000.\0006}{book2.0}% 59
\BOOKMARK [1][-]{pdf2.7.1}{\376\377\000P\000r\000o\000p\000o\000s\000i\000t\000i\000o\000n\000\040\0002\000.\0007}{book2.0}% 60
\BOOKMARK [1][-]{pdf2.8.1}{\376\377\000P\000r\000o\000p\000o\000s\000i\000t\000i\000o\000n\000\040\0002\000.\0008}{book2.0}% 61
\BOOKMARK [1][-]{pdf2.9.1}{\376\377\000P\000r\000o\000p\000o\000s\000i\000t\000i\000o\000n\000\040\0002\000.\0009}{book2.0}% 62
\BOOKMARK [1][-]{pdf2.10.1}{\376\377\000P\000r\000o\000p\000o\000s\000i\000t\000i\000o\000n\000\040\0002\000.\0001\0000}{book2.0}% 63
\BOOKMARK [1][-]{pdf2.11.1}{\376\377\000P\000r\000o\000p\000o\000s\000i\000t\000i\000o\000n\000\040\0002\000.\0001\0001}{book2.0}% 64
\BOOKMARK [1][-]{pdf2.12.1}{\376\377\000P\000r\000o\000p\000o\000s\000i\000t\000i\000o\000n\000\040\0002\000.\0001\0002}{book2.0}% 65
\BOOKMARK [1][-]{pdf2.13.1}{\376\377\000P\000r\000o\000p\000o\000s\000i\000t\000i\000o\000n\000\040\0002\000.\0001\0003}{book2.0}% 66
\BOOKMARK [1][-]{pdf2.14.1}{\376\377\000P\000r\000o\000p\000o\000s\000i\000t\000i\000o\000n\000\040\0002\000.\0001\0004}{book2.0}% 67
\BOOKMARK [0][-]{book3.0}{\376\377\000B\000o\000o\000k\000\040\0003}{}% 68
\BOOKMARK [1][-]{def3.1}{\376\377\000D\000e\000f\000i\000n\000i\000t\000i\000o\000n\000s}{book3.0}% 69
\BOOKMARK [1][-]{pdf3.1.1}{\376\377\000P\000r\000o\000p\000o\000s\000i\000t\000i\000o\000n\000\040\0003\000.\0001}{book3.0}% 70
\BOOKMARK [1][-]{pdf3.2.1}{\376\377\000P\000r\000o\000p\000o\000s\000i\000t\000i\000o\000n\000\040\0003\000.\0002}{book3.0}% 71
\BOOKMARK [1][-]{pdf3.3.1}{\376\377\000P\000r\000o\000p\000o\000s\000i\000t\000i\000o\000n\000\040\0003\000.\0003}{book3.0}% 72
\BOOKMARK [1][-]{pdf3.4.1}{\376\377\000P\000r\000o\000p\000o\000s\000i\000t\000i\000o\000n\000\040\0003\000.\0004}{book3.0}% 73
\BOOKMARK [1][-]{pdf3.5.1}{\376\377\000P\000r\000o\000p\000o\000s\000i\000t\000i\000o\000n\000\040\0003\000.\0005}{book3.0}% 74
\BOOKMARK [1][-]{pdf3.6.1}{\376\377\000P\000r\000o\000p\000o\000s\000i\000t\000i\000o\000n\000\040\0003\000.\0006}{book3.0}% 75
\BOOKMARK [1][-]{pdf3.7.1}{\376\377\000P\000r\000o\000p\000o\000s\000i\000t\000i\000o\000n\000\040\0003\000.\0007}{book3.0}% 76
\BOOKMARK [1][-]{pdf3.8.1}{\376\377\000P\000r\000o\000p\000o\000s\000i\000t\000i\000o\000n\000\040\0003\000.\0008}{book3.0}% 77
\BOOKMARK [1][-]{pdf3.9.1}{\376\377\000P\000r\000o\000p\000o\000s\000i\000t\000i\000o\000n\000\040\0003\000.\0009}{book3.0}% 78
\BOOKMARK [1][-]{pdf3.10.1}{\376\377\000P\000r\000o\000p\000o\000s\000i\000t\000i\000o\000n\000\040\0003\000.\0001\0000}{book3.0}% 79
\BOOKMARK [1][-]{pdf3.11.1}{\376\377\000P\000r\000o\000p\000o\000s\000i\000t\000i\000o\000n\000\040\0003\000.\0001\0001}{book3.0}% 80
\BOOKMARK [1][-]{pdf3.12.1}{\376\377\000P\000r\000o\000p\000o\000s\000i\000t\000i\000o\000n\000\040\0003\000.\0001\0002}{book3.0}% 81
\BOOKMARK [1][-]{pdf3.13.1}{\376\377\000P\000r\000o\000p\000o\000s\000i\000t\000i\000o\000n\000\040\0003\000.\0001\0003}{book3.0}% 82
\BOOKMARK [1][-]{pdf3.14.1}{\376\377\000P\000r\000o\000p\000o\000s\000i\000t\000i\000o\000n\000\040\0003\000.\0001\0004}{book3.0}% 83
\BOOKMARK [1][-]{pdf3.15.1}{\376\377\000P\000r\000o\000p\000o\000s\000i\000t\000i\000o\000n\000\040\0003\000.\0001\0005}{book3.0}% 84
\BOOKMARK [1][-]{pdf3.16.1}{\376\377\000P\000r\000o\000p\000o\000s\000i\000t\000i\000o\000n\000\040\0003\000.\0001\0006}{book3.0}% 85
\BOOKMARK [1][-]{pdf3.17.1}{\376\377\000P\000r\000o\000p\000o\000s\000i\000t\000i\000o\000n\000\040\0003\000.\0001\0007}{book3.0}% 86
\BOOKMARK [1][-]{pdf3.18.1}{\376\377\000P\000r\000o\000p\000o\000s\000i\000t\000i\000o\000n\000\040\0003\000.\0001\0008}{book3.0}% 87
\BOOKMARK [1][-]{pdf3.19.1}{\376\377\000P\000r\000o\000p\000o\000s\000i\000t\000i\000o\000n\000\040\0003\000.\0001\0009}{book3.0}% 88
\BOOKMARK [1][-]{pdf3.20.1}{\376\377\000P\000r\000o\000p\000o\000s\000i\000t\000i\000o\000n\000\040\0003\000.\0002\0000}{book3.0}% 89
\BOOKMARK [1][-]{pdf3.21.1}{\376\377\000P\000r\000o\000p\000o\000s\000i\000t\000i\000o\000n\000\040\0003\000.\0002\0001}{book3.0}% 90
\BOOKMARK [1][-]{pdf3.22.1}{\376\377\000P\000r\000o\000p\000o\000s\000i\000t\000i\000o\000n\000\040\0003\000.\0002\0002}{book3.0}% 91
\BOOKMARK [1][-]{pdf3.23.1}{\376\377\000P\000r\000o\000p\000o\000s\000i\000t\000i\000o\000n\000\040\0003\000.\0002\0003}{book3.0}% 92
\BOOKMARK [1][-]{pdf3.24.1}{\376\377\000P\000r\000o\000p\000o\000s\000i\000t\000i\000o\000n\000\040\0003\000.\0002\0004}{book3.0}% 93
\BOOKMARK [1][-]{pdf3.25.1}{\376\377\000P\000r\000o\000p\000o\000s\000i\000t\000i\000o\000n\000\040\0003\000.\0002\0005}{book3.0}% 94
\BOOKMARK [1][-]{pdf3.26.1}{\376\377\000P\000r\000o\000p\000o\000s\000i\000t\000i\000o\000n\000\040\0003\000.\0002\0006}{book3.0}% 95
\BOOKMARK [1][-]{pdf3.27.1}{\376\377\000P\000r\000o\000p\000o\000s\000i\000t\000i\000o\000n\000\040\0003\000.\0002\0007}{book3.0}% 96
\BOOKMARK [1][-]{pdf3.28.1}{\376\377\000P\000r\000o\000p\000o\000s\000i\000t\000i\000o\000n\000\040\0003\000.\0002\0008}{book3.0}% 97
\BOOKMARK [1][-]{pdf3.29.1}{\376\377\000P\000r\000o\000p\000o\000s\000i\000t\000i\000o\000n\000\040\0003\000.\0002\0009}{book3.0}% 98
\BOOKMARK [1][-]{pdf3.30.1}{\376\377\000P\000r\000o\000p\000o\000s\000i\000t\000i\000o\000n\000\040\0003\000.\0003\0000}{book3.0}% 99
\BOOKMARK [1][-]{pdf3.31.1}{\376\377\000P\000r\000o\000p\000o\000s\000i\000t\000i\000o\000n\000\040\0003\000.\0003\0001}{book3.0}% 100
\BOOKMARK [1][-]{pdf3.32.1}{\376\377\000P\000r\000o\000p\000o\000s\000i\000t\000i\000o\000n\000\040\0003\000.\0003\0002}{book3.0}% 101
\BOOKMARK [1][-]{pdf3.33.1}{\376\377\000P\000r\000o\000p\000o\000s\000i\000t\000i\000o\000n\000\040\0003\000.\0003\0003}{book3.0}% 102
\BOOKMARK [1][-]{pdf3.34.1}{\376\377\000P\000r\000o\000p\000o\000s\000i\000t\000i\000o\000n\000\040\0003\000.\0003\0004}{book3.0}% 103
\BOOKMARK [1][-]{pdf3.35.1}{\376\377\000P\000r\000o\000p\000o\000s\000i\000t\000i\000o\000n\000\040\0003\000.\0003\0005}{book3.0}% 104
\BOOKMARK [1][-]{pdf3.36.1}{\376\377\000P\000r\000o\000p\000o\000s\000i\000t\000i\000o\000n\000\040\0003\000.\0003\0006}{book3.0}% 105
\BOOKMARK [1][-]{pdf3.37.1}{\376\377\000P\000r\000o\000p\000o\000s\000i\000t\000i\000o\000n\000\040\0003\000.\0003\0007}{book3.0}% 106
\BOOKMARK [0][-]{book4.0}{\376\377\000B\000o\000o\000k\000\040\0004}{}% 107
\BOOKMARK [1][-]{def4.1}{\376\377\000D\000e\000f\000i\000n\000i\000t\000i\000o\000n\000s}{book4.0}% 108
\BOOKMARK [1][-]{pdf4.1.1}{\376\377\000P\000r\000o\000p\000o\000s\000i\000t\000i\000o\000n\000\040\0004\000.\0001}{book4.0}% 109
\BOOKMARK [1][-]{pdf4.2.1}{\376\377\000P\000r\000o\000p\000o\000s\000i\000t\000i\000o\000n\000\040\0004\000.\0002}{book4.0}% 110
\BOOKMARK [1][-]{pdf4.3.1}{\376\377\000P\000r\000o\000p\000o\000s\000i\000t\000i\000o\000n\000\040\0004\000.\0003}{book4.0}% 111
\BOOKMARK [1][-]{pdf4.4.1}{\376\377\000P\000r\000o\000p\000o\000s\000i\000t\000i\000o\000n\000\040\0004\000.\0004}{book4.0}% 112
\BOOKMARK [1][-]{pdf4.5.1}{\376\377\000P\000r\000o\000p\000o\000s\000i\000t\000i\000o\000n\000\040\0004\000.\0005}{book4.0}% 113
\BOOKMARK [1][-]{pdf4.6.1}{\376\377\000P\000r\000o\000p\000o\000s\000i\000t\000i\000o\000n\000\040\0004\000.\0006}{book4.0}% 114
\BOOKMARK [1][-]{pdf4.7.1}{\376\377\000P\000r\000o\000p\000o\000s\000i\000t\000i\000o\000n\000\040\0004\000.\0007}{book4.0}% 115
\BOOKMARK [1][-]{pdf4.8.1}{\376\377\000P\000r\000o\000p\000o\000s\000i\000t\000i\000o\000n\000\040\0004\000.\0008}{book4.0}% 116
\BOOKMARK [1][-]{pdf4.9.1}{\376\377\000P\000r\000o\000p\000o\000s\000i\000t\000i\000o\000n\000\040\0004\000.\0009}{book4.0}% 117
\BOOKMARK [1][-]{pdf4.10.1}{\376\377\000P\000r\000o\000p\000o\000s\000i\000t\000i\000o\000n\000\040\0004\000.\0001\0000}{book4.0}% 118
\BOOKMARK [1][-]{pdf4.11.1}{\376\377\000P\000r\000o\000p\000o\000s\000i\000t\000i\000o\000n\000\040\0004\000.\0001\0001}{book4.0}% 119
\BOOKMARK [1][-]{pdf4.12.1}{\376\377\000P\000r\000o\000p\000o\000s\000i\000t\000i\000o\000n\000\040\0004\000.\0001\0002}{book4.0}% 120
\BOOKMARK [1][-]{pdf4.13.1}{\376\377\000P\000r\000o\000p\000o\000s\000i\000t\000i\000o\000n\000\040\0004\000.\0001\0003}{book4.0}% 121
\BOOKMARK [1][-]{pdf4.14.1}{\376\377\000P\000r\000o\000p\000o\000s\000i\000t\000i\000o\000n\000\040\0004\000.\0001\0004}{book4.0}% 122
\BOOKMARK [1][-]{pdf4.15.1}{\376\377\000P\000r\000o\000p\000o\000s\000i\000t\000i\000o\000n\000\040\0004\000.\0001\0005}{book4.0}% 123
\BOOKMARK [1][-]{pdf4.16.1}{\376\377\000P\000r\000o\000p\000o\000s\000i\000t\000i\000o\000n\000\040\0004\000.\0001\0006}{book4.0}% 124
\BOOKMARK [0][-]{book5.0}{\376\377\000B\000o\000o\000k\000\040\0005}{}% 125
\BOOKMARK [1][-]{def5.1}{\376\377\000D\000e\000f\000i\000n\000i\000t\000i\000o\000n\000s}{book5.0}% 126
\BOOKMARK [1][-]{pdf5.1.1}{\376\377\000P\000r\000o\000p\000o\000s\000i\000t\000i\000o\000n\000\040\0005\000.\0001}{book5.0}% 127
\BOOKMARK [1][-]{pdf5.2.1}{\376\377\000P\000r\000o\000p\000o\000s\000i\000t\000i\000o\000n\000\040\0005\000.\0002}{book5.0}% 128
\BOOKMARK [1][-]{pdf5.3.1}{\376\377\000P\000r\000o\000p\000o\000s\000i\000t\000i\000o\000n\000\040\0005\000.\0003}{book5.0}% 129
\BOOKMARK [1][-]{pdf5.4.1}{\376\377\000P\000r\000o\000p\000o\000s\000i\000t\000i\000o\000n\000\040\0005\000.\0004}{book5.0}% 130
\BOOKMARK [1][-]{pdf5.5.1}{\376\377\000P\000r\000o\000p\000o\000s\000i\000t\000i\000o\000n\000\040\0005\000.\0005}{book5.0}% 131
\BOOKMARK [1][-]{pdf5.6.1}{\376\377\000P\000r\000o\000p\000o\000s\000i\000t\000i\000o\000n\000\040\0005\000.\0006}{book5.0}% 132
\BOOKMARK [1][-]{pdf5.7.1}{\376\377\000P\000r\000o\000p\000o\000s\000i\000t\000i\000o\000n\000\040\0005\000.\0007}{book5.0}% 133
\BOOKMARK [1][-]{pdf5.8.1}{\376\377\000P\000r\000o\000p\000o\000s\000i\000t\000i\000o\000n\000\040\0005\000.\0008}{book5.0}% 134
\BOOKMARK [1][-]{pdf5.9.1}{\376\377\000P\000r\000o\000p\000o\000s\000i\000t\000i\000o\000n\000\040\0005\000.\0009}{book5.0}% 135
\BOOKMARK [1][-]{pdf5.10.1}{\376\377\000P\000r\000o\000p\000o\000s\000i\000t\000i\000o\000n\000\040\0005\000.\0001\0000}{book5.0}% 136
\BOOKMARK [1][-]{pdf5.11.1}{\376\377\000P\000r\000o\000p\000o\000s\000i\000t\000i\000o\000n\000\040\0005\000.\0001\0001}{book5.0}% 137
\BOOKMARK [1][-]{pdf5.12.1}{\376\377\000P\000r\000o\000p\000o\000s\000i\000t\000i\000o\000n\000\040\0005\000.\0001\0002}{book5.0}% 138
\BOOKMARK [1][-]{pdf5.13.1}{\376\377\000P\000r\000o\000p\000o\000s\000i\000t\000i\000o\000n\000\040\0005\000.\0001\0003}{book5.0}% 139
\BOOKMARK [1][-]{pdf5.14.1}{\376\377\000P\000r\000o\000p\000o\000s\000i\000t\000i\000o\000n\000\040\0005\000.\0001\0004}{book5.0}% 140
\BOOKMARK [1][-]{pdf5.15.1}{\376\377\000P\000r\000o\000p\000o\000s\000i\000t\000i\000o\000n\000\040\0005\000.\0001\0005}{book5.0}% 141
\BOOKMARK [1][-]{pdf5.16.1}{\376\377\000P\000r\000o\000p\000o\000s\000i\000t\000i\000o\000n\000\040\0005\000.\0001\0006}{book5.0}% 142
\BOOKMARK [1][-]{pdf5.17.1}{\376\377\000P\000r\000o\000p\000o\000s\000i\000t\000i\000o\000n\000\040\0005\000.\0001\0007}{book5.0}% 143
\BOOKMARK [1][-]{pdf5.18.1}{\376\377\000P\000r\000o\000p\000o\000s\000i\000t\000i\000o\000n\000\040\0005\000.\0001\0008}{book5.0}% 144
\BOOKMARK [1][-]{pdf5.19.1}{\376\377\000P\000r\000o\000p\000o\000s\000i\000t\000i\000o\000n\000\040\0005\000.\0001\0009}{book5.0}% 145
\BOOKMARK [1][-]{pdf5.20.1}{\376\377\000P\000r\000o\000p\000o\000s\000i\000t\000i\000o\000n\000\040\0005\000.\0002\0000}{book5.0}% 146
\BOOKMARK [1][-]{pdf5.21.1}{\376\377\000P\000r\000o\000p\000o\000s\000i\000t\000i\000o\000n\000\040\0005\000.\0002\0001}{book5.0}% 147
\BOOKMARK [1][-]{pdf5.22.1}{\376\377\000P\000r\000o\000p\000o\000s\000i\000t\000i\000o\000n\000\040\0005\000.\0002\0002}{book5.0}% 148
\BOOKMARK [1][-]{pdf5.23.1}{\376\377\000P\000r\000o\000p\000o\000s\000i\000t\000i\000o\000n\000\040\0005\000.\0002\0003}{book5.0}% 149
\BOOKMARK [1][-]{pdf5.24.1}{\376\377\000P\000r\000o\000p\000o\000s\000i\000t\000i\000o\000n\000\040\0005\000.\0002\0004}{book5.0}% 150
\BOOKMARK [1][-]{pdf5.25.1}{\376\377\000P\000r\000o\000p\000o\000s\000i\000t\000i\000o\000n\000\040\0005\000.\0002\0005}{book5.0}% 151
\BOOKMARK [0][-]{book6.0}{\376\377\000B\000o\000o\000k\000\040\0006}{}% 152
\BOOKMARK [1][-]{def6.1}{\376\377\000D\000e\000f\000i\000n\000i\000t\000i\000o\000n\000s}{book6.0}% 153
\BOOKMARK [1][-]{pdf6.1.1}{\376\377\000P\000r\000o\000p\000o\000s\000i\000t\000i\000o\000n\000\040\0006\000.\0001}{book6.0}% 154
\BOOKMARK [1][-]{pdf6.2.1}{\376\377\000P\000r\000o\000p\000o\000s\000i\000t\000i\000o\000n\000\040\0006\000.\0002}{book6.0}% 155
\BOOKMARK [1][-]{pdf6.3.1}{\376\377\000P\000r\000o\000p\000o\000s\000i\000t\000i\000o\000n\000\040\0006\000.\0003}{book6.0}% 156
\BOOKMARK [1][-]{pdf6.4.1}{\376\377\000P\000r\000o\000p\000o\000s\000i\000t\000i\000o\000n\000\040\0006\000.\0004}{book6.0}% 157
\BOOKMARK [1][-]{pdf6.5.1}{\376\377\000P\000r\000o\000p\000o\000s\000i\000t\000i\000o\000n\000\040\0006\000.\0005}{book6.0}% 158
\BOOKMARK [1][-]{pdf6.6.1}{\376\377\000P\000r\000o\000p\000o\000s\000i\000t\000i\000o\000n\000\040\0006\000.\0006}{book6.0}% 159
\BOOKMARK [1][-]{pdf6.7.1}{\376\377\000P\000r\000o\000p\000o\000s\000i\000t\000i\000o\000n\000\040\0006\000.\0007}{book6.0}% 160
\BOOKMARK [1][-]{pdf6.8.1}{\376\377\000P\000r\000o\000p\000o\000s\000i\000t\000i\000o\000n\000\040\0006\000.\0008}{book6.0}% 161
\BOOKMARK [1][-]{pdf6.9.1}{\376\377\000P\000r\000o\000p\000o\000s\000i\000t\000i\000o\000n\000\040\0006\000.\0009}{book6.0}% 162
\BOOKMARK [1][-]{pdf6.10.1}{\376\377\000P\000r\000o\000p\000o\000s\000i\000t\000i\000o\000n\000\040\0006\000.\0001\0000}{book6.0}% 163
\BOOKMARK [1][-]{pdf6.11.1}{\376\377\000P\000r\000o\000p\000o\000s\000i\000t\000i\000o\000n\000\040\0006\000.\0001\0001}{book6.0}% 164
\BOOKMARK [1][-]{pdf6.12.1}{\376\377\000P\000r\000o\000p\000o\000s\000i\000t\000i\000o\000n\000\040\0006\000.\0001\0002}{book6.0}% 165
\BOOKMARK [1][-]{pdf6.13.1}{\376\377\000P\000r\000o\000p\000o\000s\000i\000t\000i\000o\000n\000\040\0006\000.\0001\0003}{book6.0}% 166
\BOOKMARK [1][-]{pdf6.14.1}{\376\377\000P\000r\000o\000p\000o\000s\000i\000t\000i\000o\000n\000\040\0006\000.\0001\0004}{book6.0}% 167
\BOOKMARK [1][-]{pdf6.15.1}{\376\377\000P\000r\000o\000p\000o\000s\000i\000t\000i\000o\000n\000\040\0006\000.\0001\0005}{book6.0}% 168
\BOOKMARK [1][-]{pdf6.16.1}{\376\377\000P\000r\000o\000p\000o\000s\000i\000t\000i\000o\000n\000\040\0006\000.\0001\0006}{book6.0}% 169
\BOOKMARK [1][-]{pdf6.17.1}{\376\377\000P\000r\000o\000p\000o\000s\000i\000t\000i\000o\000n\000\040\0006\000.\0001\0007}{book6.0}% 170
\BOOKMARK [1][-]{pdf6.18.1}{\376\377\000P\000r\000o\000p\000o\000s\000i\000t\000i\000o\000n\000\040\0006\000.\0001\0008}{book6.0}% 171
\BOOKMARK [1][-]{pdf6.19.1}{\376\377\000P\000r\000o\000p\000o\000s\000i\000t\000i\000o\000n\000\040\0006\000.\0001\0009}{book6.0}% 172
\BOOKMARK [1][-]{pdf6.20.1}{\376\377\000P\000r\000o\000p\000o\000s\000i\000t\000i\000o\000n\000\040\0006\000.\0002\0000}{book6.0}% 173
\BOOKMARK [1][-]{pdf6.21.1}{\376\377\000P\000r\000o\000p\000o\000s\000i\000t\000i\000o\000n\000\040\0006\000.\0002\0001}{book6.0}% 174
\BOOKMARK [1][-]{pdf6.22.1}{\376\377\000P\000r\000o\000p\000o\000s\000i\000t\000i\000o\000n\000\040\0006\000.\0002\0002}{book6.0}% 175
\BOOKMARK [1][-]{pdf6.23.1}{\376\377\000P\000r\000o\000p\000o\000s\000i\000t\000i\000o\000n\000\040\0006\000.\0002\0003}{book6.0}% 176
\BOOKMARK [1][-]{pdf6.24.1}{\376\377\000P\000r\000o\000p\000o\000s\000i\000t\000i\000o\000n\000\040\0006\000.\0002\0004}{book6.0}% 177
\BOOKMARK [1][-]{pdf6.25.1}{\376\377\000P\000r\000o\000p\000o\000s\000i\000t\000i\000o\000n\000\040\0006\000.\0002\0005}{book6.0}% 178
\BOOKMARK [1][-]{pdf6.26.1}{\376\377\000P\000r\000o\000p\000o\000s\000i\000t\000i\000o\000n\000\040\0006\000.\0002\0006}{book6.0}% 179
\BOOKMARK [1][-]{pdf6.27.1}{\376\377\000P\000r\000o\000p\000o\000s\000i\000t\000i\000o\000n\000\040\0006\000.\0002\0007}{book6.0}% 180
\BOOKMARK [1][-]{pdf6.28.1}{\376\377\000P\000r\000o\000p\000o\000s\000i\000t\000i\000o\000n\000\040\0006\000.\0002\0008}{book6.0}% 181
\BOOKMARK [1][-]{pdf6.29.1}{\376\377\000P\000r\000o\000p\000o\000s\000i\000t\000i\000o\000n\000\040\0006\000.\0002\0009}{book6.0}% 182
\BOOKMARK [1][-]{pdf6.30.1}{\376\377\000P\000r\000o\000p\000o\000s\000i\000t\000i\000o\000n\000\040\0006\000.\0003\0000}{book6.0}% 183
\BOOKMARK [1][-]{pdf6.31.1}{\376\377\000P\000r\000o\000p\000o\000s\000i\000t\000i\000o\000n\000\040\0006\000.\0003\0001}{book6.0}% 184
\BOOKMARK [1][-]{pdf6.32.1}{\376\377\000P\000r\000o\000p\000o\000s\000i\000t\000i\000o\000n\000\040\0006\000.\0003\0002}{book6.0}% 185
\BOOKMARK [1][-]{pdf6.33.1}{\376\377\000P\000r\000o\000p\000o\000s\000i\000t\000i\000o\000n\000\040\0006\000.\0003\0003}{book6.0}% 186
\BOOKMARK [0][-]{book7.0}{\376\377\000B\000o\000o\000k\000\040\0007}{}% 187
\BOOKMARK [1][-]{def7.1}{\376\377\000D\000e\000f\000i\000n\000i\000t\000i\000o\000n\000s}{book7.0}% 188
\BOOKMARK [1][-]{pdf7.1.1}{\376\377\000P\000r\000o\000p\000o\000s\000i\000t\000i\000o\000n\000\040\0007\000.\0001}{book7.0}% 189
\BOOKMARK [1][-]{pdf7.2.1}{\376\377\000P\000r\000o\000p\000o\000s\000i\000t\000i\000o\000n\000\040\0007\000.\0002}{book7.0}% 190
\BOOKMARK [1][-]{pdf7.3.1}{\376\377\000P\000r\000o\000p\000o\000s\000i\000t\000i\000o\000n\000\040\0007\000.\0003}{book7.0}% 191
\BOOKMARK [1][-]{pdf7.4.1}{\376\377\000P\000r\000o\000p\000o\000s\000i\000t\000i\000o\000n\000\040\0007\000.\0004}{book7.0}% 192
\BOOKMARK [1][-]{pdf7.5.1}{\376\377\000P\000r\000o\000p\000o\000s\000i\000t\000i\000o\000n\000\040\0007\000.\0005}{book7.0}% 193
\BOOKMARK [1][-]{pdf7.6.1}{\376\377\000P\000r\000o\000p\000o\000s\000i\000t\000i\000o\000n\000\040\0007\000.\0006}{book7.0}% 194
\BOOKMARK [1][-]{pdf7.7.1}{\376\377\000P\000r\000o\000p\000o\000s\000i\000t\000i\000o\000n\000\040\0007\000.\0007}{book7.0}% 195
\BOOKMARK [1][-]{pdf7.8.1}{\376\377\000P\000r\000o\000p\000o\000s\000i\000t\000i\000o\000n\000\040\0007\000.\0008}{book7.0}% 196
\BOOKMARK [1][-]{pdf7.9.1}{\376\377\000P\000r\000o\000p\000o\000s\000i\000t\000i\000o\000n\000\040\0007\000.\0009}{book7.0}% 197
\BOOKMARK [1][-]{pdf7.10.1}{\376\377\000P\000r\000o\000p\000o\000s\000i\000t\000i\000o\000n\000\040\0007\000.\0001\0000}{book7.0}% 198
\BOOKMARK [1][-]{pdf7.11.1}{\376\377\000P\000r\000o\000p\000o\000s\000i\000t\000i\000o\000n\000\040\0007\000.\0001\0001}{book7.0}% 199
\BOOKMARK [1][-]{pdf7.12.1}{\376\377\000P\000r\000o\000p\000o\000s\000i\000t\000i\000o\000n\000\040\0007\000.\0001\0002}{book7.0}% 200
\BOOKMARK [1][-]{pdf7.13.1}{\376\377\000P\000r\000o\000p\000o\000s\000i\000t\000i\000o\000n\000\040\0007\000.\0001\0003}{book7.0}% 201
\BOOKMARK [1][-]{pdf7.14.1}{\376\377\000P\000r\000o\000p\000o\000s\000i\000t\000i\000o\000n\000\040\0007\000.\0001\0004}{book7.0}% 202
\BOOKMARK [1][-]{pdf7.15.1}{\376\377\000P\000r\000o\000p\000o\000s\000i\000t\000i\000o\000n\000\040\0007\000.\0001\0005}{book7.0}% 203
\BOOKMARK [1][-]{pdf7.16.1}{\376\377\000P\000r\000o\000p\000o\000s\000i\000t\000i\000o\000n\000\040\0007\000.\0001\0006}{book7.0}% 204
\BOOKMARK [1][-]{pdf7.17.1}{\376\377\000P\000r\000o\000p\000o\000s\000i\000t\000i\000o\000n\000\040\0007\000.\0001\0007}{book7.0}% 205
\BOOKMARK [1][-]{pdf7.18.1}{\376\377\000P\000r\000o\000p\000o\000s\000i\000t\000i\000o\000n\000\040\0007\000.\0001\0008}{book7.0}% 206
\BOOKMARK [1][-]{pdf7.19.1}{\376\377\000P\000r\000o\000p\000o\000s\000i\000t\000i\000o\000n\000\040\0007\000.\0001\0009}{book7.0}% 207
\BOOKMARK [1][-]{pdf7.20.1}{\376\377\000P\000r\000o\000p\000o\000s\000i\000t\000i\000o\000n\000\040\0007\000.\0002\0000}{book7.0}% 208
\BOOKMARK [1][-]{pdf7.21.1}{\376\377\000P\000r\000o\000p\000o\000s\000i\000t\000i\000o\000n\000\040\0007\000.\0002\0001}{book7.0}% 209
\BOOKMARK [1][-]{pdf7.22.1}{\376\377\000P\000r\000o\000p\000o\000s\000i\000t\000i\000o\000n\000\040\0007\000.\0002\0002}{book7.0}% 210
\BOOKMARK [1][-]{pdf7.23.1}{\376\377\000P\000r\000o\000p\000o\000s\000i\000t\000i\000o\000n\000\040\0007\000.\0002\0003}{book7.0}% 211
\BOOKMARK [1][-]{pdf7.24.1}{\376\377\000P\000r\000o\000p\000o\000s\000i\000t\000i\000o\000n\000\040\0007\000.\0002\0004}{book7.0}% 212
\BOOKMARK [1][-]{pdf7.25.1}{\376\377\000P\000r\000o\000p\000o\000s\000i\000t\000i\000o\000n\000\040\0007\000.\0002\0005}{book7.0}% 213
\BOOKMARK [1][-]{pdf7.26.1}{\376\377\000P\000r\000o\000p\000o\000s\000i\000t\000i\000o\000n\000\040\0007\000.\0002\0006}{book7.0}% 214
\BOOKMARK [1][-]{pdf7.27.1}{\376\377\000P\000r\000o\000p\000o\000s\000i\000t\000i\000o\000n\000\040\0007\000.\0002\0007}{book7.0}% 215
\BOOKMARK [1][-]{pdf7.28.1}{\376\377\000P\000r\000o\000p\000o\000s\000i\000t\000i\000o\000n\000\040\0007\000.\0002\0008}{book7.0}% 216
\BOOKMARK [1][-]{pdf7.29.1}{\376\377\000P\000r\000o\000p\000o\000s\000i\000t\000i\000o\000n\000\040\0007\000.\0002\0009}{book7.0}% 217
\BOOKMARK [1][-]{pdf7.30.1}{\376\377\000P\000r\000o\000p\000o\000s\000i\000t\000i\000o\000n\000\040\0007\000.\0003\0000}{book7.0}% 218
\BOOKMARK [1][-]{pdf7.31.1}{\376\377\000P\000r\000o\000p\000o\000s\000i\000t\000i\000o\000n\000\040\0007\000.\0003\0001}{book7.0}% 219
\BOOKMARK [1][-]{pdf7.32.1}{\376\377\000P\000r\000o\000p\000o\000s\000i\000t\000i\000o\000n\000\040\0007\000.\0003\0002}{book7.0}% 220
\BOOKMARK [1][-]{pdf7.33.1}{\376\377\000P\000r\000o\000p\000o\000s\000i\000t\000i\000o\000n\000\040\0007\000.\0003\0003}{book7.0}% 221
\BOOKMARK [1][-]{pdf7.34.1}{\376\377\000P\000r\000o\000p\000o\000s\000i\000t\000i\000o\000n\000\040\0007\000.\0003\0004}{book7.0}% 222
\BOOKMARK [1][-]{pdf7.35.1}{\376\377\000P\000r\000o\000p\000o\000s\000i\000t\000i\000o\000n\000\040\0007\000.\0003\0005}{book7.0}% 223
\BOOKMARK [1][-]{pdf7.36.1}{\376\377\000P\000r\000o\000p\000o\000s\000i\000t\000i\000o\000n\000\040\0007\000.\0003\0006}{book7.0}% 224
\BOOKMARK [1][-]{pdf7.37.1}{\376\377\000P\000r\000o\000p\000o\000s\000i\000t\000i\000o\000n\000\040\0007\000.\0003\0007}{book7.0}% 225
\BOOKMARK [1][-]{pdf7.38.1}{\376\377\000P\000r\000o\000p\000o\000s\000i\000t\000i\000o\000n\000\040\0007\000.\0003\0008}{book7.0}% 226
\BOOKMARK [1][-]{pdf7.39.1}{\376\377\000P\000r\000o\000p\000o\000s\000i\000t\000i\000o\000n\000\040\0007\000.\0003\0009}{book7.0}% 227
\BOOKMARK [0][-]{book8.0}{\376\377\000B\000o\000o\000k\000\040\0008}{}% 228
\BOOKMARK [1][-]{pdf8.1.1}{\376\377\000P\000r\000o\000p\000o\000s\000i\000t\000i\000o\000n\000\040\0008\000.\0001}{book8.0}% 229
\BOOKMARK [1][-]{pdf8.2.1}{\376\377\000P\000r\000o\000p\000o\000s\000i\000t\000i\000o\000n\000\040\0008\000.\0002}{book8.0}% 230
\BOOKMARK [1][-]{pdf8.3.1}{\376\377\000P\000r\000o\000p\000o\000s\000i\000t\000i\000o\000n\000\040\0008\000.\0003}{book8.0}% 231
\BOOKMARK [1][-]{pdf8.4.1}{\376\377\000P\000r\000o\000p\000o\000s\000i\000t\000i\000o\000n\000\040\0008\000.\0004}{book8.0}% 232
\BOOKMARK [1][-]{pdf8.5.1}{\376\377\000P\000r\000o\000p\000o\000s\000i\000t\000i\000o\000n\000\040\0008\000.\0005}{book8.0}% 233
\BOOKMARK [1][-]{pdf8.6.1}{\376\377\000P\000r\000o\000p\000o\000s\000i\000t\000i\000o\000n\000\040\0008\000.\0006}{book8.0}% 234
\BOOKMARK [1][-]{pdf8.7.1}{\376\377\000P\000r\000o\000p\000o\000s\000i\000t\000i\000o\000n\000\040\0008\000.\0007}{book8.0}% 235
\BOOKMARK [1][-]{pdf8.8.1}{\376\377\000P\000r\000o\000p\000o\000s\000i\000t\000i\000o\000n\000\040\0008\000.\0008}{book8.0}% 236
\BOOKMARK [1][-]{pdf8.9.1}{\376\377\000P\000r\000o\000p\000o\000s\000i\000t\000i\000o\000n\000\040\0008\000.\0009}{book8.0}% 237
\BOOKMARK [1][-]{pdf8.10.1}{\376\377\000P\000r\000o\000p\000o\000s\000i\000t\000i\000o\000n\000\040\0008\000.\0001\0000}{book8.0}% 238
\BOOKMARK [1][-]{pdf8.11.1}{\376\377\000P\000r\000o\000p\000o\000s\000i\000t\000i\000o\000n\000\040\0008\000.\0001\0001}{book8.0}% 239
\BOOKMARK [1][-]{pdf8.12.1}{\376\377\000P\000r\000o\000p\000o\000s\000i\000t\000i\000o\000n\000\040\0008\000.\0001\0002}{book8.0}% 240
\BOOKMARK [1][-]{pdf8.13.1}{\376\377\000P\000r\000o\000p\000o\000s\000i\000t\000i\000o\000n\000\040\0008\000.\0001\0003}{book8.0}% 241
\BOOKMARK [1][-]{pdf8.14.1}{\376\377\000P\000r\000o\000p\000o\000s\000i\000t\000i\000o\000n\000\040\0008\000.\0001\0004}{book8.0}% 242
\BOOKMARK [1][-]{pdf8.15.1}{\376\377\000P\000r\000o\000p\000o\000s\000i\000t\000i\000o\000n\000\040\0008\000.\0001\0005}{book8.0}% 243
\BOOKMARK [1][-]{pdf8.16.1}{\376\377\000P\000r\000o\000p\000o\000s\000i\000t\000i\000o\000n\000\040\0008\000.\0001\0006}{book8.0}% 244
\BOOKMARK [1][-]{pdf8.17.1}{\376\377\000P\000r\000o\000p\000o\000s\000i\000t\000i\000o\000n\000\040\0008\000.\0001\0007}{book8.0}% 245
\BOOKMARK [1][-]{pdf8.18.1}{\376\377\000P\000r\000o\000p\000o\000s\000i\000t\000i\000o\000n\000\040\0008\000.\0001\0008}{book8.0}% 246
\BOOKMARK [1][-]{pdf8.19.1}{\376\377\000P\000r\000o\000p\000o\000s\000i\000t\000i\000o\000n\000\040\0008\000.\0001\0009}{book8.0}% 247
\BOOKMARK [1][-]{pdf8.20.1}{\376\377\000P\000r\000o\000p\000o\000s\000i\000t\000i\000o\000n\000\040\0008\000.\0002\0000}{book8.0}% 248
\BOOKMARK [1][-]{pdf8.21.1}{\376\377\000P\000r\000o\000p\000o\000s\000i\000t\000i\000o\000n\000\040\0008\000.\0002\0001}{book8.0}% 249
\BOOKMARK [1][-]{pdf8.22.1}{\376\377\000P\000r\000o\000p\000o\000s\000i\000t\000i\000o\000n\000\040\0008\000.\0002\0002}{book8.0}% 250
\BOOKMARK [1][-]{pdf8.23.1}{\376\377\000P\000r\000o\000p\000o\000s\000i\000t\000i\000o\000n\000\040\0008\000.\0002\0003}{book8.0}% 251
\BOOKMARK [1][-]{pdf8.24.1}{\376\377\000P\000r\000o\000p\000o\000s\000i\000t\000i\000o\000n\000\040\0008\000.\0002\0004}{book8.0}% 252
\BOOKMARK [1][-]{pdf8.25.1}{\376\377\000P\000r\000o\000p\000o\000s\000i\000t\000i\000o\000n\000\040\0008\000.\0002\0005}{book8.0}% 253
\BOOKMARK [1][-]{pdf8.26.1}{\376\377\000P\000r\000o\000p\000o\000s\000i\000t\000i\000o\000n\000\040\0008\000.\0002\0006}{book8.0}% 254
\BOOKMARK [1][-]{pdf8.27.1}{\376\377\000P\000r\000o\000p\000o\000s\000i\000t\000i\000o\000n\000\040\0008\000.\0002\0007}{book8.0}% 255
\BOOKMARK [0][-]{book9.0}{\376\377\000B\000o\000o\000k\000\040\0009}{}% 256
\BOOKMARK [1][-]{pdf9.1.1}{\376\377\000P\000r\000o\000p\000o\000s\000i\000t\000i\000o\000n\000\040\0009\000.\0001}{book9.0}% 257
\BOOKMARK [1][-]{pdf9.2.1}{\376\377\000P\000r\000o\000p\000o\000s\000i\000t\000i\000o\000n\000\040\0009\000.\0002}{book9.0}% 258
\BOOKMARK [1][-]{pdf9.3.1}{\376\377\000P\000r\000o\000p\000o\000s\000i\000t\000i\000o\000n\000\040\0009\000.\0003}{book9.0}% 259
\BOOKMARK [1][-]{pdf9.4.1}{\376\377\000P\000r\000o\000p\000o\000s\000i\000t\000i\000o\000n\000\040\0009\000.\0004}{book9.0}% 260
\BOOKMARK [1][-]{pdf9.5.1}{\376\377\000P\000r\000o\000p\000o\000s\000i\000t\000i\000o\000n\000\040\0009\000.\0005}{book9.0}% 261
\BOOKMARK [1][-]{pdf9.6.1}{\376\377\000P\000r\000o\000p\000o\000s\000i\000t\000i\000o\000n\000\040\0009\000.\0006}{book9.0}% 262
\BOOKMARK [1][-]{pdf9.7.1}{\376\377\000P\000r\000o\000p\000o\000s\000i\000t\000i\000o\000n\000\040\0009\000.\0007}{book9.0}% 263
\BOOKMARK [1][-]{pdf9.8.1}{\376\377\000P\000r\000o\000p\000o\000s\000i\000t\000i\000o\000n\000\040\0009\000.\0008}{book9.0}% 264
\BOOKMARK [1][-]{pdf9.9.1}{\376\377\000P\000r\000o\000p\000o\000s\000i\000t\000i\000o\000n\000\040\0009\000.\0009}{book9.0}% 265
\BOOKMARK [1][-]{pdf9.10.1}{\376\377\000P\000r\000o\000p\000o\000s\000i\000t\000i\000o\000n\000\040\0009\000.\0001\0000}{book9.0}% 266
\BOOKMARK [1][-]{pdf9.11.1}{\376\377\000P\000r\000o\000p\000o\000s\000i\000t\000i\000o\000n\000\040\0009\000.\0001\0001}{book9.0}% 267
\BOOKMARK [1][-]{pdf9.12.1}{\376\377\000P\000r\000o\000p\000o\000s\000i\000t\000i\000o\000n\000\040\0009\000.\0001\0002}{book9.0}% 268
\BOOKMARK [1][-]{pdf9.13.1}{\376\377\000P\000r\000o\000p\000o\000s\000i\000t\000i\000o\000n\000\040\0009\000.\0001\0003}{book9.0}% 269
\BOOKMARK [1][-]{pdf9.14.1}{\376\377\000P\000r\000o\000p\000o\000s\000i\000t\000i\000o\000n\000\040\0009\000.\0001\0004}{book9.0}% 270
\BOOKMARK [1][-]{pdf9.15.1}{\376\377\000P\000r\000o\000p\000o\000s\000i\000t\000i\000o\000n\000\040\0009\000.\0001\0005}{book9.0}% 271
\BOOKMARK [1][-]{pdf9.16.1}{\376\377\000P\000r\000o\000p\000o\000s\000i\000t\000i\000o\000n\000\040\0009\000.\0001\0006}{book9.0}% 272
\BOOKMARK [1][-]{pdf9.17.1}{\376\377\000P\000r\000o\000p\000o\000s\000i\000t\000i\000o\000n\000\040\0009\000.\0001\0007}{book9.0}% 273
\BOOKMARK [1][-]{pdf9.18.1}{\376\377\000P\000r\000o\000p\000o\000s\000i\000t\000i\000o\000n\000\040\0009\000.\0001\0008}{book9.0}% 274
\BOOKMARK [1][-]{pdf9.19.1}{\376\377\000P\000r\000o\000p\000o\000s\000i\000t\000i\000o\000n\000\040\0009\000.\0001\0009}{book9.0}% 275
\BOOKMARK [1][-]{pdf9.20.1}{\376\377\000P\000r\000o\000p\000o\000s\000i\000t\000i\000o\000n\000\040\0009\000.\0002\0000}{book9.0}% 276
\BOOKMARK [1][-]{pdf9.21.1}{\376\377\000P\000r\000o\000p\000o\000s\000i\000t\000i\000o\000n\000\040\0009\000.\0002\0001}{book9.0}% 277
\BOOKMARK [1][-]{pdf9.22.1}{\376\377\000P\000r\000o\000p\000o\000s\000i\000t\000i\000o\000n\000\040\0009\000.\0002\0002}{book9.0}% 278
\BOOKMARK [1][-]{pdf9.23.1}{\376\377\000P\000r\000o\000p\000o\000s\000i\000t\000i\000o\000n\000\040\0009\000.\0002\0003}{book9.0}% 279
\BOOKMARK [1][-]{pdf9.24.1}{\376\377\000P\000r\000o\000p\000o\000s\000i\000t\000i\000o\000n\000\040\0009\000.\0002\0004}{book9.0}% 280
\BOOKMARK [1][-]{pdf9.25.1}{\376\377\000P\000r\000o\000p\000o\000s\000i\000t\000i\000o\000n\000\040\0009\000.\0002\0005}{book9.0}% 281
\BOOKMARK [1][-]{pdf9.26.1}{\376\377\000P\000r\000o\000p\000o\000s\000i\000t\000i\000o\000n\000\040\0009\000.\0002\0006}{book9.0}% 282
\BOOKMARK [1][-]{pdf9.27.1}{\376\377\000P\000r\000o\000p\000o\000s\000i\000t\000i\000o\000n\000\040\0009\000.\0002\0007}{book9.0}% 283
\BOOKMARK [1][-]{pdf9.28.1}{\376\377\000P\000r\000o\000p\000o\000s\000i\000t\000i\000o\000n\000\040\0009\000.\0002\0008}{book9.0}% 284
\BOOKMARK [1][-]{pdf9.29.1}{\376\377\000P\000r\000o\000p\000o\000s\000i\000t\000i\000o\000n\000\040\0009\000.\0002\0009}{book9.0}% 285
\BOOKMARK [1][-]{pdf9.30.1}{\376\377\000P\000r\000o\000p\000o\000s\000i\000t\000i\000o\000n\000\040\0009\000.\0003\0000}{book9.0}% 286
\BOOKMARK [1][-]{pdf9.31.1}{\376\377\000P\000r\000o\000p\000o\000s\000i\000t\000i\000o\000n\000\040\0009\000.\0003\0001}{book9.0}% 287
\BOOKMARK [1][-]{pdf9.32.1}{\376\377\000P\000r\000o\000p\000o\000s\000i\000t\000i\000o\000n\000\040\0009\000.\0003\0002}{book9.0}% 288
\BOOKMARK [1][-]{pdf9.33.1}{\376\377\000P\000r\000o\000p\000o\000s\000i\000t\000i\000o\000n\000\040\0009\000.\0003\0003}{book9.0}% 289
\BOOKMARK [1][-]{pdf9.34.1}{\376\377\000P\000r\000o\000p\000o\000s\000i\000t\000i\000o\000n\000\040\0009\000.\0003\0004}{book9.0}% 290
\BOOKMARK [1][-]{pdf9.35.1}{\376\377\000P\000r\000o\000p\000o\000s\000i\000t\000i\000o\000n\000\040\0009\000.\0003\0005}{book9.0}% 291
\BOOKMARK [1][-]{pdf9.36.1}{\376\377\000P\000r\000o\000p\000o\000s\000i\000t\000i\000o\000n\000\040\0009\000.\0003\0006}{book9.0}% 292
\BOOKMARK [0][-]{book10.0}{\376\377\000B\000o\000o\000k\000\040\0001\0000}{}% 293
\BOOKMARK [1][-]{def10.1.1}{\376\377\000D\000e\000f\000i\000n\000i\000t\000i\000o\000n\000s\000\040\000I}{book10.0}% 294
\BOOKMARK [1][-]{pdf10.1.1}{\376\377\000P\000r\000o\000p\000o\000s\000i\000t\000i\000o\000n\000\040\0001\0000\000.\0001}{book10.0}% 295
\BOOKMARK [1][-]{pdf10.2.1}{\376\377\000P\000r\000o\000p\000o\000s\000i\000t\000i\000o\000n\000\040\0001\0000\000.\0002}{book10.0}% 296
\BOOKMARK [1][-]{pdf10.3.1}{\376\377\000P\000r\000o\000p\000o\000s\000i\000t\000i\000o\000n\000\040\0001\0000\000.\0003}{book10.0}% 297
\BOOKMARK [1][-]{pdf10.4.1}{\376\377\000P\000r\000o\000p\000o\000s\000i\000t\000i\000o\000n\000\040\0001\0000\000.\0004}{book10.0}% 298
\BOOKMARK [1][-]{pdf10.5.1}{\376\377\000P\000r\000o\000p\000o\000s\000i\000t\000i\000o\000n\000\040\0001\0000\000.\0005}{book10.0}% 299
\BOOKMARK [1][-]{pdf10.6.1}{\376\377\000P\000r\000o\000p\000o\000s\000i\000t\000i\000o\000n\000\040\0001\0000\000.\0006}{book10.0}% 300
\BOOKMARK [1][-]{pdf10.7.1}{\376\377\000P\000r\000o\000p\000o\000s\000i\000t\000i\000o\000n\000\040\0001\0000\000.\0007}{book10.0}% 301
\BOOKMARK [1][-]{pdf10.8.1}{\376\377\000P\000r\000o\000p\000o\000s\000i\000t\000i\000o\000n\000\040\0001\0000\000.\0008}{book10.0}% 302
\BOOKMARK [1][-]{pdf10.9.1}{\376\377\000P\000r\000o\000p\000o\000s\000i\000t\000i\000o\000n\000\040\0001\0000\000.\0009}{book10.0}% 303
\BOOKMARK [1][-]{pdf10.10.1}{\376\377\000P\000r\000o\000p\000o\000s\000i\000t\000i\000o\000n\000\040\0001\0000\000.\0001\0000}{book10.0}% 304
\BOOKMARK [1][-]{pdf10.11.1}{\376\377\000P\000r\000o\000p\000o\000s\000i\000t\000i\000o\000n\000\040\0001\0000\000.\0001\0001}{book10.0}% 305
\BOOKMARK [1][-]{pdf10.12.1}{\376\377\000P\000r\000o\000p\000o\000s\000i\000t\000i\000o\000n\000\040\0001\0000\000.\0001\0002}{book10.0}% 306
\BOOKMARK [1][-]{pdf10.13.1}{\376\377\000P\000r\000o\000p\000o\000s\000i\000t\000i\000o\000n\000\040\0001\0000\000.\0001\0003}{book10.0}% 307
\BOOKMARK [1][-]{pdf10.14.1}{\376\377\000P\000r\000o\000p\000o\000s\000i\000t\000i\000o\000n\000\040\0001\0000\000.\0001\0004}{book10.0}% 308
\BOOKMARK [1][-]{pdf10.15.1}{\376\377\000P\000r\000o\000p\000o\000s\000i\000t\000i\000o\000n\000\040\0001\0000\000.\0001\0005}{book10.0}% 309
\BOOKMARK [1][-]{pdf10.16.1}{\376\377\000P\000r\000o\000p\000o\000s\000i\000t\000i\000o\000n\000\040\0001\0000\000.\0001\0006}{book10.0}% 310
\BOOKMARK [1][-]{pdf10.17.1}{\376\377\000P\000r\000o\000p\000o\000s\000i\000t\000i\000o\000n\000\040\0001\0000\000.\0001\0007}{book10.0}% 311
\BOOKMARK [1][-]{pdf10.18.1}{\376\377\000P\000r\000o\000p\000o\000s\000i\000t\000i\000o\000n\000\040\0001\0000\000.\0001\0008}{book10.0}% 312
\BOOKMARK [1][-]{pdf10.19.1}{\376\377\000P\000r\000o\000p\000o\000s\000i\000t\000i\000o\000n\000\040\0001\0000\000.\0001\0009}{book10.0}% 313
\BOOKMARK [1][-]{pdf10.20.1}{\376\377\000P\000r\000o\000p\000o\000s\000i\000t\000i\000o\000n\000\040\0001\0000\000.\0002\0000}{book10.0}% 314
\BOOKMARK [1][-]{pdf10.21.1}{\376\377\000P\000r\000o\000p\000o\000s\000i\000t\000i\000o\000n\000\040\0001\0000\000.\0002\0001}{book10.0}% 315
\BOOKMARK [1][-]{pdf10.22.1}{\376\377\000P\000r\000o\000p\000o\000s\000i\000t\000i\000o\000n\000\040\0001\0000\000.\0002\0002}{book10.0}% 316
\BOOKMARK [1][-]{pdf10.23.1}{\376\377\000P\000r\000o\000p\000o\000s\000i\000t\000i\000o\000n\000\040\0001\0000\000.\0002\0003}{book10.0}% 317
\BOOKMARK [1][-]{pdf10.24.1}{\376\377\000P\000r\000o\000p\000o\000s\000i\000t\000i\000o\000n\000\040\0001\0000\000.\0002\0004}{book10.0}% 318
\BOOKMARK [1][-]{pdf10.25.1}{\376\377\000P\000r\000o\000p\000o\000s\000i\000t\000i\000o\000n\000\040\0001\0000\000.\0002\0005}{book10.0}% 319
\BOOKMARK [1][-]{pdf10.26.1}{\376\377\000P\000r\000o\000p\000o\000s\000i\000t\000i\000o\000n\000\040\0001\0000\000.\0002\0006}{book10.0}% 320
\BOOKMARK [1][-]{pdf10.27.1}{\376\377\000P\000r\000o\000p\000o\000s\000i\000t\000i\000o\000n\000\040\0001\0000\000.\0002\0007}{book10.0}% 321
\BOOKMARK [1][-]{pdf10.28.1}{\376\377\000P\000r\000o\000p\000o\000s\000i\000t\000i\000o\000n\000\040\0001\0000\000.\0002\0008}{book10.0}% 322
\BOOKMARK [1][-]{pdf10.29.1}{\376\377\000P\000r\000o\000p\000o\000s\000i\000t\000i\000o\000n\000\040\0001\0000\000.\0002\0009}{book10.0}% 323
\BOOKMARK [1][-]{pdf10.30.1}{\376\377\000P\000r\000o\000p\000o\000s\000i\000t\000i\000o\000n\000\040\0001\0000\000.\0003\0000}{book10.0}% 324
\BOOKMARK [1][-]{pdf10.31.1}{\376\377\000P\000r\000o\000p\000o\000s\000i\000t\000i\000o\000n\000\040\0001\0000\000.\0003\0001}{book10.0}% 325
\BOOKMARK [1][-]{pdf10.32.1}{\376\377\000P\000r\000o\000p\000o\000s\000i\000t\000i\000o\000n\000\040\0001\0000\000.\0003\0002}{book10.0}% 326
\BOOKMARK [1][-]{pdf10.33.1}{\376\377\000P\000r\000o\000p\000o\000s\000i\000t\000i\000o\000n\000\040\0001\0000\000.\0003\0003}{book10.0}% 327
\BOOKMARK [1][-]{pdf10.34.1}{\376\377\000P\000r\000o\000p\000o\000s\000i\000t\000i\000o\000n\000\040\0001\0000\000.\0003\0004}{book10.0}% 328
\BOOKMARK [1][-]{pdf10.35.1}{\376\377\000P\000r\000o\000p\000o\000s\000i\000t\000i\000o\000n\000\040\0001\0000\000.\0003\0005}{book10.0}% 329
\BOOKMARK [1][-]{pdf10.36.1}{\376\377\000P\000r\000o\000p\000o\000s\000i\000t\000i\000o\000n\000\040\0001\0000\000.\0003\0006}{book10.0}% 330
\BOOKMARK [1][-]{pdf10.37.1}{\376\377\000P\000r\000o\000p\000o\000s\000i\000t\000i\000o\000n\000\040\0001\0000\000.\0003\0007}{book10.0}% 331
\BOOKMARK [1][-]{pdf10.38.1}{\376\377\000P\000r\000o\000p\000o\000s\000i\000t\000i\000o\000n\000\040\0001\0000\000.\0003\0008}{book10.0}% 332
\BOOKMARK [1][-]{pdf10.39.1}{\376\377\000P\000r\000o\000p\000o\000s\000i\000t\000i\000o\000n\000\040\0001\0000\000.\0003\0009}{book10.0}% 333
\BOOKMARK [1][-]{pdf10.40.1}{\376\377\000P\000r\000o\000p\000o\000s\000i\000t\000i\000o\000n\000\040\0001\0000\000.\0004\0000}{book10.0}% 334
\BOOKMARK [1][-]{pdf10.41.1}{\376\377\000P\000r\000o\000p\000o\000s\000i\000t\000i\000o\000n\000\040\0001\0000\000.\0004\0001}{book10.0}% 335
\BOOKMARK [1][-]{pdf10.42.1}{\376\377\000P\000r\000o\000p\000o\000s\000i\000t\000i\000o\000n\000\040\0001\0000\000.\0004\0002}{book10.0}% 336
\BOOKMARK [1][-]{pdf10.43.1}{\376\377\000P\000r\000o\000p\000o\000s\000i\000t\000i\000o\000n\000\040\0001\0000\000.\0004\0003}{book10.0}% 337
\BOOKMARK [1][-]{pdf10.44.1}{\376\377\000P\000r\000o\000p\000o\000s\000i\000t\000i\000o\000n\000\040\0001\0000\000.\0004\0004}{book10.0}% 338
\BOOKMARK [1][-]{pdf10.45.1}{\376\377\000P\000r\000o\000p\000o\000s\000i\000t\000i\000o\000n\000\040\0001\0000\000.\0004\0005}{book10.0}% 339
\BOOKMARK [1][-]{pdf10.46.1}{\376\377\000P\000r\000o\000p\000o\000s\000i\000t\000i\000o\000n\000\040\0001\0000\000.\0004\0006}{book10.0}% 340
\BOOKMARK [1][-]{pdf10.47.1}{\376\377\000P\000r\000o\000p\000o\000s\000i\000t\000i\000o\000n\000\040\0001\0000\000.\0004\0007}{book10.0}% 341
\BOOKMARK [1][-]{def10.2.1}{\376\377\000D\000e\000f\000i\000n\000i\000t\000i\000o\000n\000s\000\040\000I\000I}{book10.0}% 342
\BOOKMARK [1][-]{pdf10.48.1}{\376\377\000P\000r\000o\000p\000o\000s\000i\000t\000i\000o\000n\000\040\0001\0000\000.\0004\0008}{book10.0}% 343
\BOOKMARK [1][-]{pdf10.49.1}{\376\377\000P\000r\000o\000p\000o\000s\000i\000t\000i\000o\000n\000\040\0001\0000\000.\0004\0009}{book10.0}% 344
\BOOKMARK [1][-]{pdf10.50.1}{\376\377\000P\000r\000o\000p\000o\000s\000i\000t\000i\000o\000n\000\040\0001\0000\000.\0005\0000}{book10.0}% 345
\BOOKMARK [1][-]{pdf10.51.1}{\376\377\000P\000r\000o\000p\000o\000s\000i\000t\000i\000o\000n\000\040\0001\0000\000.\0005\0001}{book10.0}% 346
\BOOKMARK [1][-]{pdf10.52.1}{\376\377\000P\000r\000o\000p\000o\000s\000i\000t\000i\000o\000n\000\040\0001\0000\000.\0005\0002}{book10.0}% 347
\BOOKMARK [1][-]{pdf10.53.1}{\376\377\000P\000r\000o\000p\000o\000s\000i\000t\000i\000o\000n\000\040\0001\0000\000.\0005\0003}{book10.0}% 348
\BOOKMARK [1][-]{pdf10.54.1}{\376\377\000P\000r\000o\000p\000o\000s\000i\000t\000i\000o\000n\000\040\0001\0000\000.\0005\0004}{book10.0}% 349
\BOOKMARK [1][-]{pdf10.55.1}{\376\377\000P\000r\000o\000p\000o\000s\000i\000t\000i\000o\000n\000\040\0001\0000\000.\0005\0005}{book10.0}% 350
\BOOKMARK [1][-]{pdf10.56.1}{\376\377\000P\000r\000o\000p\000o\000s\000i\000t\000i\000o\000n\000\040\0001\0000\000.\0005\0006}{book10.0}% 351
\BOOKMARK [1][-]{pdf10.57.1}{\376\377\000P\000r\000o\000p\000o\000s\000i\000t\000i\000o\000n\000\040\0001\0000\000.\0005\0007}{book10.0}% 352
\BOOKMARK [1][-]{pdf10.58.1}{\376\377\000P\000r\000o\000p\000o\000s\000i\000t\000i\000o\000n\000\040\0001\0000\000.\0005\0008}{book10.0}% 353
\BOOKMARK [1][-]{pdf10.59.1}{\376\377\000P\000r\000o\000p\000o\000s\000i\000t\000i\000o\000n\000\040\0001\0000\000.\0005\0009}{book10.0}% 354
\BOOKMARK [1][-]{pdf10.60.1}{\376\377\000P\000r\000o\000p\000o\000s\000i\000t\000i\000o\000n\000\040\0001\0000\000.\0006\0000}{book10.0}% 355
\BOOKMARK [1][-]{pdf10.61.1}{\376\377\000P\000r\000o\000p\000o\000s\000i\000t\000i\000o\000n\000\040\0001\0000\000.\0006\0001}{book10.0}% 356
\BOOKMARK [1][-]{pdf10.62.1}{\376\377\000P\000r\000o\000p\000o\000s\000i\000t\000i\000o\000n\000\040\0001\0000\000.\0006\0002}{book10.0}% 357
\BOOKMARK [1][-]{pdf10.63.1}{\376\377\000P\000r\000o\000p\000o\000s\000i\000t\000i\000o\000n\000\040\0001\0000\000.\0006\0003}{book10.0}% 358
\BOOKMARK [1][-]{pdf10.64.1}{\376\377\000P\000r\000o\000p\000o\000s\000i\000t\000i\000o\000n\000\040\0001\0000\000.\0006\0004}{book10.0}% 359
\BOOKMARK [1][-]{pdf10.65.1}{\376\377\000P\000r\000o\000p\000o\000s\000i\000t\000i\000o\000n\000\040\0001\0000\000.\0006\0005}{book10.0}% 360
\BOOKMARK [1][-]{pdf10.66.1}{\376\377\000P\000r\000o\000p\000o\000s\000i\000t\000i\000o\000n\000\040\0001\0000\000.\0006\0006}{book10.0}% 361
\BOOKMARK [1][-]{pdf10.67.1}{\376\377\000P\000r\000o\000p\000o\000s\000i\000t\000i\000o\000n\000\040\0001\0000\000.\0006\0007}{book10.0}% 362
\BOOKMARK [1][-]{pdf10.68.1}{\376\377\000P\000r\000o\000p\000o\000s\000i\000t\000i\000o\000n\000\040\0001\0000\000.\0006\0008}{book10.0}% 363
\BOOKMARK [1][-]{pdf10.69.1}{\376\377\000P\000r\000o\000p\000o\000s\000i\000t\000i\000o\000n\000\040\0001\0000\000.\0006\0009}{book10.0}% 364
\BOOKMARK [1][-]{pdf10.70.1}{\376\377\000P\000r\000o\000p\000o\000s\000i\000t\000i\000o\000n\000\040\0001\0000\000.\0007\0000}{book10.0}% 365
\BOOKMARK [1][-]{pdf10.71.1}{\376\377\000P\000r\000o\000p\000o\000s\000i\000t\000i\000o\000n\000\040\0001\0000\000.\0007\0001}{book10.0}% 366
\BOOKMARK [1][-]{pdf10.72.1}{\376\377\000P\000r\000o\000p\000o\000s\000i\000t\000i\000o\000n\000\040\0001\0000\000.\0007\0002}{book10.0}% 367
\BOOKMARK [1][-]{pdf10.73.1}{\376\377\000P\000r\000o\000p\000o\000s\000i\000t\000i\000o\000n\000\040\0001\0000\000.\0007\0003}{book10.0}% 368
\BOOKMARK [1][-]{pdf10.74.1}{\376\377\000P\000r\000o\000p\000o\000s\000i\000t\000i\000o\000n\000\040\0001\0000\000.\0007\0004}{book10.0}% 369
\BOOKMARK [1][-]{pdf10.75.1}{\376\377\000P\000r\000o\000p\000o\000s\000i\000t\000i\000o\000n\000\040\0001\0000\000.\0007\0005}{book10.0}% 370
\BOOKMARK [1][-]{pdf10.76.1}{\376\377\000P\000r\000o\000p\000o\000s\000i\000t\000i\000o\000n\000\040\0001\0000\000.\0007\0006}{book10.0}% 371
\BOOKMARK [1][-]{pdf10.77.1}{\376\377\000P\000r\000o\000p\000o\000s\000i\000t\000i\000o\000n\000\040\0001\0000\000.\0007\0007}{book10.0}% 372
\BOOKMARK [1][-]{pdf10.78.1}{\376\377\000P\000r\000o\000p\000o\000s\000i\000t\000i\000o\000n\000\040\0001\0000\000.\0007\0008}{book10.0}% 373
\BOOKMARK [1][-]{pdf10.79.1}{\376\377\000P\000r\000o\000p\000o\000s\000i\000t\000i\000o\000n\000\040\0001\0000\000.\0007\0009}{book10.0}% 374
\BOOKMARK [1][-]{pdf10.80.1}{\376\377\000P\000r\000o\000p\000o\000s\000i\000t\000i\000o\000n\000\040\0001\0000\000.\0008\0000}{book10.0}% 375
\BOOKMARK [1][-]{pdf10.81.1}{\376\377\000P\000r\000o\000p\000o\000s\000i\000t\000i\000o\000n\000\040\0001\0000\000.\0008\0001}{book10.0}% 376
\BOOKMARK [1][-]{pdf10.82.1}{\376\377\000P\000r\000o\000p\000o\000s\000i\000t\000i\000o\000n\000\040\0001\0000\000.\0008\0002}{book10.0}% 377
\BOOKMARK [1][-]{pdf10.83.1}{\376\377\000P\000r\000o\000p\000o\000s\000i\000t\000i\000o\000n\000\040\0001\0000\000.\0008\0003}{book10.0}% 378
\BOOKMARK [1][-]{pdf10.84.1}{\376\377\000P\000r\000o\000p\000o\000s\000i\000t\000i\000o\000n\000\040\0001\0000\000.\0008\0004}{book10.0}% 379
\BOOKMARK [1][-]{def10.3.1}{\376\377\000D\000e\000f\000i\000n\000i\000t\000i\000o\000n\000s\000\040\000I\000I\000I}{book10.0}% 380
\BOOKMARK [1][-]{pdf10.85.1}{\376\377\000P\000r\000o\000p\000o\000s\000i\000t\000i\000o\000n\000\040\0001\0000\000.\0008\0005}{book10.0}% 381
\BOOKMARK [1][-]{pdf10.86.1}{\376\377\000P\000r\000o\000p\000o\000s\000i\000t\000i\000o\000n\000\040\0001\0000\000.\0008\0006}{book10.0}% 382
\BOOKMARK [1][-]{pdf10.87.1}{\376\377\000P\000r\000o\000p\000o\000s\000i\000t\000i\000o\000n\000\040\0001\0000\000.\0008\0007}{book10.0}% 383
\BOOKMARK [1][-]{pdf10.88.1}{\376\377\000P\000r\000o\000p\000o\000s\000i\000t\000i\000o\000n\000\040\0001\0000\000.\0008\0008}{book10.0}% 384
\BOOKMARK [1][-]{pdf10.89.1}{\376\377\000P\000r\000o\000p\000o\000s\000i\000t\000i\000o\000n\000\040\0001\0000\000.\0008\0009}{book10.0}% 385
\BOOKMARK [1][-]{pdf10.90.1}{\376\377\000P\000r\000o\000p\000o\000s\000i\000t\000i\000o\000n\000\040\0001\0000\000.\0009\0000}{book10.0}% 386
\BOOKMARK [1][-]{pdf10.91.1}{\376\377\000P\000r\000o\000p\000o\000s\000i\000t\000i\000o\000n\000\040\0001\0000\000.\0009\0001}{book10.0}% 387
\BOOKMARK [1][-]{pdf10.92.1}{\376\377\000P\000r\000o\000p\000o\000s\000i\000t\000i\000o\000n\000\040\0001\0000\000.\0009\0002}{book10.0}% 388
\BOOKMARK [1][-]{pdf10.93.1}{\376\377\000P\000r\000o\000p\000o\000s\000i\000t\000i\000o\000n\000\040\0001\0000\000.\0009\0003}{book10.0}% 389
\BOOKMARK [1][-]{pdf10.94.1}{\376\377\000P\000r\000o\000p\000o\000s\000i\000t\000i\000o\000n\000\040\0001\0000\000.\0009\0004}{book10.0}% 390
\BOOKMARK [1][-]{pdf10.95.1}{\376\377\000P\000r\000o\000p\000o\000s\000i\000t\000i\000o\000n\000\040\0001\0000\000.\0009\0005}{book10.0}% 391
\BOOKMARK [1][-]{pdf10.96.1}{\376\377\000P\000r\000o\000p\000o\000s\000i\000t\000i\000o\000n\000\040\0001\0000\000.\0009\0006}{book10.0}% 392
\BOOKMARK [1][-]{pdf10.97.1}{\376\377\000P\000r\000o\000p\000o\000s\000i\000t\000i\000o\000n\000\040\0001\0000\000.\0009\0007}{book10.0}% 393
\BOOKMARK [1][-]{pdf10.98.1}{\376\377\000P\000r\000o\000p\000o\000s\000i\000t\000i\000o\000n\000\040\0001\0000\000.\0009\0008}{book10.0}% 394
\BOOKMARK [1][-]{pdf10.99.1}{\376\377\000P\000r\000o\000p\000o\000s\000i\000t\000i\000o\000n\000\040\0001\0000\000.\0009\0009}{book10.0}% 395
\BOOKMARK [1][-]{pdf10.100.1}{\376\377\000P\000r\000o\000p\000o\000s\000i\000t\000i\000o\000n\000\040\0001\0000\000.\0001\0000\0000}{book10.0}% 396
\BOOKMARK [1][-]{pdf10.101.1}{\376\377\000P\000r\000o\000p\000o\000s\000i\000t\000i\000o\000n\000\040\0001\0000\000.\0001\0000\0001}{book10.0}% 397
\BOOKMARK [1][-]{pdf10.102.1}{\376\377\000P\000r\000o\000p\000o\000s\000i\000t\000i\000o\000n\000\040\0001\0000\000.\0001\0000\0002}{book10.0}% 398
\BOOKMARK [1][-]{pdf10.103.1}{\376\377\000P\000r\000o\000p\000o\000s\000i\000t\000i\000o\000n\000\040\0001\0000\000.\0001\0000\0003}{book10.0}% 399
\BOOKMARK [1][-]{pdf10.104.1}{\376\377\000P\000r\000o\000p\000o\000s\000i\000t\000i\000o\000n\000\040\0001\0000\000.\0001\0000\0004}{book10.0}% 400
\BOOKMARK [1][-]{pdf10.105.1}{\376\377\000P\000r\000o\000p\000o\000s\000i\000t\000i\000o\000n\000\040\0001\0000\000.\0001\0000\0005}{book10.0}% 401
\BOOKMARK [1][-]{pdf10.106.1}{\376\377\000P\000r\000o\000p\000o\000s\000i\000t\000i\000o\000n\000\040\0001\0000\000.\0001\0000\0006}{book10.0}% 402
\BOOKMARK [1][-]{pdf10.107.1}{\376\377\000P\000r\000o\000p\000o\000s\000i\000t\000i\000o\000n\000\040\0001\0000\000.\0001\0000\0007}{book10.0}% 403
\BOOKMARK [1][-]{pdf10.108.1}{\376\377\000P\000r\000o\000p\000o\000s\000i\000t\000i\000o\000n\000\040\0001\0000\000.\0001\0000\0008}{book10.0}% 404
\BOOKMARK [1][-]{pdf10.109.1}{\376\377\000P\000r\000o\000p\000o\000s\000i\000t\000i\000o\000n\000\040\0001\0000\000.\0001\0000\0009}{book10.0}% 405
\BOOKMARK [1][-]{pdf10.110.1}{\376\377\000P\000r\000o\000p\000o\000s\000i\000t\000i\000o\000n\000\040\0001\0000\000.\0001\0001\0000}{book10.0}% 406
\BOOKMARK [1][-]{pdf10.111.1}{\376\377\000P\000r\000o\000p\000o\000s\000i\000t\000i\000o\000n\000\040\0001\0000\000.\0001\0001\0001}{book10.0}% 407
\BOOKMARK [1][-]{pdf10.112.1}{\376\377\000P\000r\000o\000p\000o\000s\000i\000t\000i\000o\000n\000\040\0001\0000\000.\0001\0001\0002}{book10.0}% 408
\BOOKMARK [1][-]{pdf10.113.1}{\376\377\000P\000r\000o\000p\000o\000s\000i\000t\000i\000o\000n\000\040\0001\0000\000.\0001\0001\0003}{book10.0}% 409
\BOOKMARK [1][-]{pdf10.114.1}{\376\377\000P\000r\000o\000p\000o\000s\000i\000t\000i\000o\000n\000\040\0001\0000\000.\0001\0001\0004}{book10.0}% 410
\BOOKMARK [1][-]{pdf10.115.1}{\376\377\000P\000r\000o\000p\000o\000s\000i\000t\000i\000o\000n\000\040\0001\0000\000.\0001\0001\0005}{book10.0}% 411
\BOOKMARK [0][-]{book11.0}{\376\377\000B\000o\000o\000k\000\040\0001\0001}{}% 412
\BOOKMARK [1][-]{def11.1}{\376\377\000D\000e\000f\000i\000n\000i\000t\000i\000o\000n\000s}{book11.0}% 413
\BOOKMARK [1][-]{pdf11.1.1}{\376\377\000P\000r\000o\000p\000o\000s\000i\000t\000i\000o\000n\000\040\0001\0001\000.\0001}{book11.0}% 414
\BOOKMARK [1][-]{pdf11.2.1}{\376\377\000P\000r\000o\000p\000o\000s\000i\000t\000i\000o\000n\000\040\0001\0001\000.\0002}{book11.0}% 415
\BOOKMARK [1][-]{pdf11.3.1}{\376\377\000P\000r\000o\000p\000o\000s\000i\000t\000i\000o\000n\000\040\0001\0001\000.\0003}{book11.0}% 416
\BOOKMARK [1][-]{pdf11.4.1}{\376\377\000P\000r\000o\000p\000o\000s\000i\000t\000i\000o\000n\000\040\0001\0001\000.\0004}{book11.0}% 417
\BOOKMARK [1][-]{pdf11.5.1}{\376\377\000P\000r\000o\000p\000o\000s\000i\000t\000i\000o\000n\000\040\0001\0001\000.\0005}{book11.0}% 418
\BOOKMARK [1][-]{pdf11.6.1}{\376\377\000P\000r\000o\000p\000o\000s\000i\000t\000i\000o\000n\000\040\0001\0001\000.\0006}{book11.0}% 419
\BOOKMARK [1][-]{pdf11.7.1}{\376\377\000P\000r\000o\000p\000o\000s\000i\000t\000i\000o\000n\000\040\0001\0001\000.\0007}{book11.0}% 420
\BOOKMARK [1][-]{pdf11.8.1}{\376\377\000P\000r\000o\000p\000o\000s\000i\000t\000i\000o\000n\000\040\0001\0001\000.\0008}{book11.0}% 421
\BOOKMARK [1][-]{pdf11.9.1}{\376\377\000P\000r\000o\000p\000o\000s\000i\000t\000i\000o\000n\000\040\0001\0001\000.\0009}{book11.0}% 422
\BOOKMARK [1][-]{pdf11.10.1}{\376\377\000P\000r\000o\000p\000o\000s\000i\000t\000i\000o\000n\000\040\0001\0001\000.\0001\0000}{book11.0}% 423
\BOOKMARK [1][-]{pdf11.11.1}{\376\377\000P\000r\000o\000p\000o\000s\000i\000t\000i\000o\000n\000\040\0001\0001\000.\0001\0001}{book11.0}% 424
\BOOKMARK [1][-]{pdf11.12.1}{\376\377\000P\000r\000o\000p\000o\000s\000i\000t\000i\000o\000n\000\040\0001\0001\000.\0001\0002}{book11.0}% 425
\BOOKMARK [1][-]{pdf11.13.1}{\376\377\000P\000r\000o\000p\000o\000s\000i\000t\000i\000o\000n\000\040\0001\0001\000.\0001\0003}{book11.0}% 426
\BOOKMARK [1][-]{pdf11.14.1}{\376\377\000P\000r\000o\000p\000o\000s\000i\000t\000i\000o\000n\000\040\0001\0001\000.\0001\0004}{book11.0}% 427
\BOOKMARK [1][-]{pdf11.15.1}{\376\377\000P\000r\000o\000p\000o\000s\000i\000t\000i\000o\000n\000\040\0001\0001\000.\0001\0005}{book11.0}% 428
\BOOKMARK [1][-]{pdf11.16.1}{\376\377\000P\000r\000o\000p\000o\000s\000i\000t\000i\000o\000n\000\040\0001\0001\000.\0001\0006}{book11.0}% 429
\BOOKMARK [1][-]{pdf11.17.1}{\376\377\000P\000r\000o\000p\000o\000s\000i\000t\000i\000o\000n\000\040\0001\0001\000.\0001\0007}{book11.0}% 430
\BOOKMARK [1][-]{pdf11.18.1}{\376\377\000P\000r\000o\000p\000o\000s\000i\000t\000i\000o\000n\000\040\0001\0001\000.\0001\0008}{book11.0}% 431
\BOOKMARK [1][-]{pdf11.19.1}{\376\377\000P\000r\000o\000p\000o\000s\000i\000t\000i\000o\000n\000\040\0001\0001\000.\0001\0009}{book11.0}% 432
\BOOKMARK [1][-]{pdf11.20.1}{\376\377\000P\000r\000o\000p\000o\000s\000i\000t\000i\000o\000n\000\040\0001\0001\000.\0002\0000}{book11.0}% 433
\BOOKMARK [1][-]{pdf11.21.1}{\376\377\000P\000r\000o\000p\000o\000s\000i\000t\000i\000o\000n\000\040\0001\0001\000.\0002\0001}{book11.0}% 434
\BOOKMARK [1][-]{pdf11.22.1}{\376\377\000P\000r\000o\000p\000o\000s\000i\000t\000i\000o\000n\000\040\0001\0001\000.\0002\0002}{book11.0}% 435
\BOOKMARK [1][-]{pdf11.23.1}{\376\377\000P\000r\000o\000p\000o\000s\000i\000t\000i\000o\000n\000\040\0001\0001\000.\0002\0003}{book11.0}% 436
\BOOKMARK [1][-]{pdf11.24.1}{\376\377\000P\000r\000o\000p\000o\000s\000i\000t\000i\000o\000n\000\040\0001\0001\000.\0002\0004}{book11.0}% 437
\BOOKMARK [1][-]{pdf11.25.1}{\376\377\000P\000r\000o\000p\000o\000s\000i\000t\000i\000o\000n\000\040\0001\0001\000.\0002\0005}{book11.0}% 438
\BOOKMARK [1][-]{pdf11.26.1}{\376\377\000P\000r\000o\000p\000o\000s\000i\000t\000i\000o\000n\000\040\0001\0001\000.\0002\0006}{book11.0}% 439
\BOOKMARK [1][-]{pdf11.27.1}{\376\377\000P\000r\000o\000p\000o\000s\000i\000t\000i\000o\000n\000\040\0001\0001\000.\0002\0007}{book11.0}% 440
\BOOKMARK [1][-]{pdf11.28.1}{\376\377\000P\000r\000o\000p\000o\000s\000i\000t\000i\000o\000n\000\040\0001\0001\000.\0002\0008}{book11.0}% 441
\BOOKMARK [1][-]{pdf11.29.1}{\376\377\000P\000r\000o\000p\000o\000s\000i\000t\000i\000o\000n\000\040\0001\0001\000.\0002\0009}{book11.0}% 442
\BOOKMARK [1][-]{pdf11.30.1}{\376\377\000P\000r\000o\000p\000o\000s\000i\000t\000i\000o\000n\000\040\0001\0001\000.\0003\0000}{book11.0}% 443
\BOOKMARK [1][-]{pdf11.31.1}{\376\377\000P\000r\000o\000p\000o\000s\000i\000t\000i\000o\000n\000\040\0001\0001\000.\0003\0001}{book11.0}% 444
\BOOKMARK [1][-]{pdf11.32.1}{\376\377\000P\000r\000o\000p\000o\000s\000i\000t\000i\000o\000n\000\040\0001\0001\000.\0003\0002}{book11.0}% 445
\BOOKMARK [1][-]{pdf11.33.1}{\376\377\000P\000r\000o\000p\000o\000s\000i\000t\000i\000o\000n\000\040\0001\0001\000.\0003\0003}{book11.0}% 446
\BOOKMARK [1][-]{pdf11.34.1}{\376\377\000P\000r\000o\000p\000o\000s\000i\000t\000i\000o\000n\000\040\0001\0001\000.\0003\0004}{book11.0}% 447
\BOOKMARK [1][-]{pdf11.35.1}{\376\377\000P\000r\000o\000p\000o\000s\000i\000t\000i\000o\000n\000\040\0001\0001\000.\0003\0005}{book11.0}% 448
\BOOKMARK [1][-]{pdf11.36.1}{\376\377\000P\000r\000o\000p\000o\000s\000i\000t\000i\000o\000n\000\040\0001\0001\000.\0003\0006}{book11.0}% 449
\BOOKMARK [1][-]{pdf11.37.1}{\376\377\000P\000r\000o\000p\000o\000s\000i\000t\000i\000o\000n\000\040\0001\0001\000.\0003\0007}{book11.0}% 450
\BOOKMARK [1][-]{pdf11.38.1}{\376\377\000P\000r\000o\000p\000o\000s\000i\000t\000i\000o\000n\000\040\0001\0001\000.\0003\0008}{book11.0}% 451
\BOOKMARK [1][-]{pdf11.39.1}{\376\377\000P\000r\000o\000p\000o\000s\000i\000t\000i\000o\000n\000\040\0001\0001\000.\0003\0009}{book11.0}% 452
\BOOKMARK [0][-]{book12.0}{\376\377\000B\000o\000o\000k\000\040\0001\0002}{}% 453
\BOOKMARK [1][-]{pdf12.1.1}{\376\377\000P\000r\000o\000p\000o\000s\000i\000t\000i\000o\000n\000\040\0001\0002\000.\0001}{book12.0}% 454
\BOOKMARK [1][-]{pdf12.2.1}{\376\377\000P\000r\000o\000p\000o\000s\000i\000t\000i\000o\000n\000\040\0001\0002\000.\0002}{book12.0}% 455
\BOOKMARK [1][-]{pdf12.3.1}{\376\377\000P\000r\000o\000p\000o\000s\000i\000t\000i\000o\000n\000\040\0001\0002\000.\0003}{book12.0}% 456
\BOOKMARK [1][-]{pdf12.4.1}{\376\377\000P\000r\000o\000p\000o\000s\000i\000t\000i\000o\000n\000\040\0001\0002\000.\0004}{book12.0}% 457
\BOOKMARK [1][-]{pdf12.5.1}{\376\377\000P\000r\000o\000p\000o\000s\000i\000t\000i\000o\000n\000\040\0001\0002\000.\0005}{book12.0}% 458
\BOOKMARK [1][-]{pdf12.6.1}{\376\377\000P\000r\000o\000p\000o\000s\000i\000t\000i\000o\000n\000\040\0001\0002\000.\0006}{book12.0}% 459
\BOOKMARK [1][-]{pdf12.7.1}{\376\377\000P\000r\000o\000p\000o\000s\000i\000t\000i\000o\000n\000\040\0001\0002\000.\0007}{book12.0}% 460
\BOOKMARK [1][-]{pdf12.8.1}{\376\377\000P\000r\000o\000p\000o\000s\000i\000t\000i\000o\000n\000\040\0001\0002\000.\0008}{book12.0}% 461
\BOOKMARK [1][-]{pdf12.9.1}{\376\377\000P\000r\000o\000p\000o\000s\000i\000t\000i\000o\000n\000\040\0001\0002\000.\0009}{book12.0}% 462
\BOOKMARK [1][-]{pdf12.10.1}{\376\377\000P\000r\000o\000p\000o\000s\000i\000t\000i\000o\000n\000\040\0001\0002\000.\0001\0000}{book12.0}% 463
\BOOKMARK [1][-]{pdf12.11.1}{\376\377\000P\000r\000o\000p\000o\000s\000i\000t\000i\000o\000n\000\040\0001\0002\000.\0001\0001}{book12.0}% 464
\BOOKMARK [1][-]{pdf12.12.1}{\376\377\000P\000r\000o\000p\000o\000s\000i\000t\000i\000o\000n\000\040\0001\0002\000.\0001\0002}{book12.0}% 465
\BOOKMARK [1][-]{pdf12.13.1}{\376\377\000P\000r\000o\000p\000o\000s\000i\000t\000i\000o\000n\000\040\0001\0002\000.\0001\0003}{book12.0}% 466
\BOOKMARK [1][-]{pdf12.14.1}{\376\377\000P\000r\000o\000p\000o\000s\000i\000t\000i\000o\000n\000\040\0001\0002\000.\0001\0004}{book12.0}% 467
\BOOKMARK [1][-]{pdf12.15.1}{\376\377\000P\000r\000o\000p\000o\000s\000i\000t\000i\000o\000n\000\040\0001\0002\000.\0001\0005}{book12.0}% 468
\BOOKMARK [1][-]{pdf12.16.1}{\376\377\000P\000r\000o\000p\000o\000s\000i\000t\000i\000o\000n\000\040\0001\0002\000.\0001\0006}{book12.0}% 469
\BOOKMARK [1][-]{pdf12.17.1}{\376\377\000P\000r\000o\000p\000o\000s\000i\000t\000i\000o\000n\000\040\0001\0002\000.\0001\0007}{book12.0}% 470
\BOOKMARK [1][-]{pdf12.18.1}{\376\377\000P\000r\000o\000p\000o\000s\000i\000t\000i\000o\000n\000\040\0001\0002\000.\0001\0008}{book12.0}% 471
\BOOKMARK [0][-]{book13.0}{\376\377\000B\000o\000o\000k\000\040\0001\0003}{}% 472
\BOOKMARK [1][-]{pdf13.1.1}{\376\377\000P\000r\000o\000p\000o\000s\000i\000t\000i\000o\000n\000\040\0001\0003\000.\0001}{book13.0}% 473
\BOOKMARK [1][-]{pdf13.2.1}{\376\377\000P\000r\000o\000p\000o\000s\000i\000t\000i\000o\000n\000\040\0001\0003\000.\0002}{book13.0}% 474
\BOOKMARK [1][-]{pdf13.3.1}{\376\377\000P\000r\000o\000p\000o\000s\000i\000t\000i\000o\000n\000\040\0001\0003\000.\0003}{book13.0}% 475
\BOOKMARK [1][-]{pdf13.4.1}{\376\377\000P\000r\000o\000p\000o\000s\000i\000t\000i\000o\000n\000\040\0001\0003\000.\0004}{book13.0}% 476
\BOOKMARK [1][-]{pdf13.5.1}{\376\377\000P\000r\000o\000p\000o\000s\000i\000t\000i\000o\000n\000\040\0001\0003\000.\0005}{book13.0}% 477
\BOOKMARK [1][-]{pdf13.6.1}{\376\377\000P\000r\000o\000p\000o\000s\000i\000t\000i\000o\000n\000\040\0001\0003\000.\0006}{book13.0}% 478
\BOOKMARK [1][-]{pdf13.7.1}{\376\377\000P\000r\000o\000p\000o\000s\000i\000t\000i\000o\000n\000\040\0001\0003\000.\0007}{book13.0}% 479
\BOOKMARK [1][-]{pdf13.8.1}{\376\377\000P\000r\000o\000p\000o\000s\000i\000t\000i\000o\000n\000\040\0001\0003\000.\0008}{book13.0}% 480
\BOOKMARK [1][-]{pdf13.9.1}{\376\377\000P\000r\000o\000p\000o\000s\000i\000t\000i\000o\000n\000\040\0001\0003\000.\0009}{book13.0}% 481
\BOOKMARK [1][-]{pdf13.10.1}{\376\377\000P\000r\000o\000p\000o\000s\000i\000t\000i\000o\000n\000\040\0001\0003\000.\0001\0000}{book13.0}% 482
\BOOKMARK [1][-]{pdf13.11.1}{\376\377\000P\000r\000o\000p\000o\000s\000i\000t\000i\000o\000n\000\040\0001\0003\000.\0001\0001}{book13.0}% 483
\BOOKMARK [1][-]{pdf13.12.1}{\376\377\000P\000r\000o\000p\000o\000s\000i\000t\000i\000o\000n\000\040\0001\0003\000.\0001\0002}{book13.0}% 484
\BOOKMARK [1][-]{pdf13.13.1}{\376\377\000P\000r\000o\000p\000o\000s\000i\000t\000i\000o\000n\000\040\0001\0003\000.\0001\0003}{book13.0}% 485
\BOOKMARK [1][-]{pdf13.14.1}{\376\377\000P\000r\000o\000p\000o\000s\000i\000t\000i\000o\000n\000\040\0001\0003\000.\0001\0004}{book13.0}% 486
\BOOKMARK [1][-]{pdf13.15.1}{\376\377\000P\000r\000o\000p\000o\000s\000i\000t\000i\000o\000n\000\040\0001\0003\000.\0001\0005}{book13.0}% 487
\BOOKMARK [1][-]{pdf13.16.1}{\376\377\000P\000r\000o\000p\000o\000s\000i\000t\000i\000o\000n\000\040\0001\0003\000.\0001\0006}{book13.0}% 488
\BOOKMARK [1][-]{pdf13.17.1}{\376\377\000P\000r\000o\000p\000o\000s\000i\000t\000i\000o\000n\000\040\0001\0003\000.\0001\0007}{book13.0}% 489
\BOOKMARK [1][-]{pdf13.18.1}{\376\377\000P\000r\000o\000p\000o\000s\000i\000t\000i\000o\000n\000\040\0001\0003\000.\0001\0008}{book13.0}% 490
\BOOKMARK [0][-]{lex.0}{\376\377\000G\000r\000e\000e\000k\000-\000E\000n\000g\000l\000i\000s\000h\000\040\000L\000e\000x\000i\000c\000o\000n}{}% 491
