\BOOKMARK [0][-]{intro.0}{\376\377\000I\000n\000t\000r\000o\000d\000u\000c\000t\000i\000o\000n}{}% 1
\BOOKMARK [0][-]{book1.0}{\376\377\000B\000o\000o\000k\000\040\0001}{}% 2
\BOOKMARK [1][-]{def1.1}{\376\377\000D\000e\000f\000i\000n\000i\000t\000i\000o\000n\000s}{book1.0}% 3
\BOOKMARK [1][-]{prop1.1.1}{\376\377\000P\000r\000o\000p\000o\000s\000i\000t\000i\000o\000n\000\040\0001\000.\0001}{book1.0}% 4
\BOOKMARK [1][-]{pdf1.2.1}{\376\377\000P\000r\000o\000p\000o\000s\000i\000t\000i\000o\000n\000\040\0001\000.\0002}{book1.0}% 5
\BOOKMARK [1][-]{pdf1.3.1}{\376\377\000P\000r\000o\000p\000o\000s\000i\000t\000i\000o\000n\000\040\0001\000.\0003}{book1.0}% 6
\BOOKMARK [1][-]{pdf1.4.1}{\376\377\000P\000r\000o\000p\000o\000s\000i\000t\000i\000o\000n\000\040\0001\000.\0004}{book1.0}% 7
\BOOKMARK [1][-]{pdf1.5.1}{\376\377\000P\000r\000o\000p\000o\000s\000i\000t\000i\000o\000n\000\040\0001\000.\0005}{book1.0}% 8
\BOOKMARK [1][-]{pdf1.6.1}{\376\377\000P\000r\000o\000p\000o\000s\000i\000t\000i\000o\000n\000\040\0001\000.\0006}{book1.0}% 9
\BOOKMARK [1][-]{pdf1.7.1}{\376\377\000P\000r\000o\000p\000o\000s\000i\000t\000i\000o\000n\000\040\0001\000.\0007}{book1.0}% 10
\BOOKMARK [1][-]{pdf1.8.1}{\376\377\000P\000r\000o\000p\000o\000s\000i\000t\000i\000o\000n\000\040\0001\000.\0008}{book1.0}% 11
\BOOKMARK [1][-]{pdf1.9.1}{\376\377\000P\000r\000o\000p\000o\000s\000i\000t\000i\000o\000n\000\040\0001\000.\0009}{book1.0}% 12
\BOOKMARK [1][-]{pdf1.10.1}{\376\377\000P\000r\000o\000p\000o\000s\000i\000t\000i\000o\000n\000\040\0001\000.\0001\0000}{book1.0}% 13
\BOOKMARK [1][-]{pdf1.11.1}{\376\377\000P\000r\000o\000p\000o\000s\000i\000t\000i\000o\000n\000\040\0001\000.\0001\0001}{book1.0}% 14
\BOOKMARK [1][-]{pdf1.12.1}{\376\377\000P\000r\000o\000p\000o\000s\000i\000t\000i\000o\000n\000\040\0001\000.\0001\0002}{book1.0}% 15
\BOOKMARK [1][-]{pdf1.13.1}{\376\377\000P\000r\000o\000p\000o\000s\000i\000t\000i\000o\000n\000\040\0001\000.\0001\0003}{book1.0}% 16
\BOOKMARK [1][-]{pdf1.14.1}{\376\377\000P\000r\000o\000p\000o\000s\000i\000t\000i\000o\000n\000\040\0001\000.\0001\0004}{book1.0}% 17
\BOOKMARK [1][-]{pdf1.15.1}{\376\377\000P\000r\000o\000p\000o\000s\000i\000t\000i\000o\000n\000\040\0001\000.\0001\0005}{book1.0}% 18
\BOOKMARK [1][-]{pdf1.16.1}{\376\377\000P\000r\000o\000p\000o\000s\000i\000t\000i\000o\000n\000\040\0001\000.\0001\0006}{book1.0}% 19
\BOOKMARK [1][-]{pdf1.17.1}{\376\377\000P\000r\000o\000p\000o\000s\000i\000t\000i\000o\000n\000\040\0001\000.\0001\0007}{book1.0}% 20
\BOOKMARK [1][-]{pdf1.18.1}{\376\377\000P\000r\000o\000p\000o\000s\000i\000t\000i\000o\000n\000\040\0001\000.\0001\0008}{book1.0}% 21
\BOOKMARK [1][-]{pdf1.19.1}{\376\377\000P\000r\000o\000p\000o\000s\000i\000t\000i\000o\000n\000\040\0001\000.\0001\0009}{book1.0}% 22
\BOOKMARK [1][-]{pdf1.20.1}{\376\377\000P\000r\000o\000p\000o\000s\000i\000t\000i\000o\000n\000\040\0001\000.\0002\0000}{book1.0}% 23
\BOOKMARK [1][-]{pdf1.21.1}{\376\377\000P\000r\000o\000p\000o\000s\000i\000t\000i\000o\000n\000\040\0001\000.\0002\0001}{book1.0}% 24
\BOOKMARK [1][-]{pdf1.22.1}{\376\377\000P\000r\000o\000p\000o\000s\000i\000t\000i\000o\000n\000\040\0001\000.\0002\0002}{book1.0}% 25
\BOOKMARK [1][-]{pdf1.23.1}{\376\377\000P\000r\000o\000p\000o\000s\000i\000t\000i\000o\000n\000\040\0001\000.\0002\0003}{book1.0}% 26
\BOOKMARK [1][-]{pdf1.24.1}{\376\377\000P\000r\000o\000p\000o\000s\000i\000t\000i\000o\000n\000\040\0001\000.\0002\0004}{book1.0}% 27
\BOOKMARK [1][-]{pdf1.25.1}{\376\377\000P\000r\000o\000p\000o\000s\000i\000t\000i\000o\000n\000\040\0001\000.\0002\0005}{book1.0}% 28
\BOOKMARK [1][-]{pdf1.26.1}{\376\377\000P\000r\000o\000p\000o\000s\000i\000t\000i\000o\000n\000\040\0001\000.\0002\0006}{book1.0}% 29
\BOOKMARK [1][-]{pdf1.27.1}{\376\377\000P\000r\000o\000p\000o\000s\000i\000t\000i\000o\000n\000\040\0001\000.\0002\0007}{book1.0}% 30
\BOOKMARK [1][-]{pdf1.28.1}{\376\377\000P\000r\000o\000p\000o\000s\000i\000t\000i\000o\000n\000\040\0001\000.\0002\0008}{book1.0}% 31
\BOOKMARK [1][-]{pdf1.29.1}{\376\377\000P\000r\000o\000p\000o\000s\000i\000t\000i\000o\000n\000\040\0001\000.\0002\0009}{book1.0}% 32
\BOOKMARK [1][-]{pdf1.30.1}{\376\377\000P\000r\000o\000p\000o\000s\000i\000t\000i\000o\000n\000\040\0001\000.\0003\0000}{book1.0}% 33
\BOOKMARK [1][-]{pdf1.31.1}{\376\377\000P\000r\000o\000p\000o\000s\000i\000t\000i\000o\000n\000\040\0001\000.\0003\0001}{book1.0}% 34
\BOOKMARK [1][-]{pdf1.32.1}{\376\377\000P\000r\000o\000p\000o\000s\000i\000t\000i\000o\000n\000\040\0001\000.\0003\0002}{book1.0}% 35
\BOOKMARK [1][-]{pdf1.33.1}{\376\377\000P\000r\000o\000p\000o\000s\000i\000t\000i\000o\000n\000\040\0001\000.\0003\0003}{book1.0}% 36
\BOOKMARK [1][-]{pdf1.34.1}{\376\377\000P\000r\000o\000p\000o\000s\000i\000t\000i\000o\000n\000\040\0001\000.\0003\0004}{book1.0}% 37
\BOOKMARK [1][-]{pdf1.35.1}{\376\377\000P\000r\000o\000p\000o\000s\000i\000t\000i\000o\000n\000\040\0001\000.\0003\0005}{book1.0}% 38
\BOOKMARK [1][-]{pdf1.36.1}{\376\377\000P\000r\000o\000p\000o\000s\000i\000t\000i\000o\000n\000\040\0001\000.\0003\0006}{book1.0}% 39
\BOOKMARK [1][-]{pdf1.37.1}{\376\377\000P\000r\000o\000p\000o\000s\000i\000t\000i\000o\000n\000\040\0001\000.\0003\0007}{book1.0}% 40
\BOOKMARK [1][-]{pdf1.38.1}{\376\377\000P\000r\000o\000p\000o\000s\000i\000t\000i\000o\000n\000\040\0001\000.\0003\0008}{book1.0}% 41
\BOOKMARK [1][-]{pdf1.39.1}{\376\377\000P\000r\000o\000p\000o\000s\000i\000t\000i\000o\000n\000\040\0001\000.\0003\0009}{book1.0}% 42
\BOOKMARK [1][-]{pdf1.40.1}{\376\377\000P\000r\000o\000p\000o\000s\000i\000t\000i\000o\000n\000\040\0001\000.\0004\0000}{book1.0}% 43
\BOOKMARK [1][-]{pdf1.41.1}{\376\377\000P\000r\000o\000p\000o\000s\000i\000t\000i\000o\000n\000\040\0001\000.\0004\0001}{book1.0}% 44
\BOOKMARK [1][-]{pdf1.42.1}{\376\377\000P\000r\000o\000p\000o\000s\000i\000t\000i\000o\000n\000\040\0001\000.\0004\0002}{book1.0}% 45
\BOOKMARK [1][-]{pdf1.43.1}{\376\377\000P\000r\000o\000p\000o\000s\000i\000t\000i\000o\000n\000\040\0001\000.\0004\0003}{book1.0}% 46
\BOOKMARK [1][-]{pdf1.44.1}{\376\377\000P\000r\000o\000p\000o\000s\000i\000t\000i\000o\000n\000\040\0001\000.\0004\0004}{book1.0}% 47
\BOOKMARK [1][-]{pdf1.45.1}{\376\377\000P\000r\000o\000p\000o\000s\000i\000t\000i\000o\000n\000\040\0001\000.\0004\0005}{book1.0}% 48
\BOOKMARK [1][-]{pdf1.46.1}{\376\377\000P\000r\000o\000p\000o\000s\000i\000t\000i\000o\000n\000\040\0001\000.\0004\0006}{book1.0}% 49
\BOOKMARK [1][-]{pdf1.47.1}{\376\377\000P\000r\000o\000p\000o\000s\000i\000t\000i\000o\000n\000\040\0001\000.\0004\0007}{book1.0}% 50
\BOOKMARK [1][-]{pdf1.48.1}{\376\377\000P\000r\000o\000p\000o\000s\000i\000t\000i\000o\000n\000\040\0001\000.\0004\0008}{book1.0}% 51
\BOOKMARK [0][-]{book1.0}{\376\377\000B\000o\000o\000k\000\040\0001}{}% 52
\BOOKMARK [1][-]{def1.1}{\376\377\000D\000e\000f\000i\000n\000i\000t\000i\000o\000n\000s}{book1.0}% 53
\BOOKMARK [1][-]{prop1.1.1}{\376\377\000P\000r\000o\000p\000o\000s\000i\000t\000i\000o\000n\000\040\0001\000.\0001}{book1.0}% 54
\BOOKMARK [1][-]{pdf1.2.1}{\376\377\000P\000r\000o\000p\000o\000s\000i\000t\000i\000o\000n\000\040\0001\000.\0002}{book1.0}% 55
\BOOKMARK [1][-]{pdf1.3.1}{\376\377\000P\000r\000o\000p\000o\000s\000i\000t\000i\000o\000n\000\040\0001\000.\0003}{book1.0}% 56
\BOOKMARK [1][-]{pdf1.4.1}{\376\377\000P\000r\000o\000p\000o\000s\000i\000t\000i\000o\000n\000\040\0001\000.\0004}{book1.0}% 57
\BOOKMARK [1][-]{pdf1.5.1}{\376\377\000P\000r\000o\000p\000o\000s\000i\000t\000i\000o\000n\000\040\0001\000.\0005}{book1.0}% 58
\BOOKMARK [1][-]{pdf1.6.1}{\376\377\000P\000r\000o\000p\000o\000s\000i\000t\000i\000o\000n\000\040\0001\000.\0006}{book1.0}% 59
\BOOKMARK [1][-]{pdf1.7.1}{\376\377\000P\000r\000o\000p\000o\000s\000i\000t\000i\000o\000n\000\040\0001\000.\0007}{book1.0}% 60
\BOOKMARK [1][-]{pdf1.8.1}{\376\377\000P\000r\000o\000p\000o\000s\000i\000t\000i\000o\000n\000\040\0001\000.\0008}{book1.0}% 61
\BOOKMARK [1][-]{pdf1.9.1}{\376\377\000P\000r\000o\000p\000o\000s\000i\000t\000i\000o\000n\000\040\0001\000.\0009}{book1.0}% 62
\BOOKMARK [1][-]{pdf1.10.1}{\376\377\000P\000r\000o\000p\000o\000s\000i\000t\000i\000o\000n\000\040\0001\000.\0001\0000}{book1.0}% 63
\BOOKMARK [1][-]{pdf1.11.1}{\376\377\000P\000r\000o\000p\000o\000s\000i\000t\000i\000o\000n\000\040\0001\000.\0001\0001}{book1.0}% 64
\BOOKMARK [1][-]{pdf1.12.1}{\376\377\000P\000r\000o\000p\000o\000s\000i\000t\000i\000o\000n\000\040\0001\000.\0001\0002}{book1.0}% 65
\BOOKMARK [1][-]{pdf1.13.1}{\376\377\000P\000r\000o\000p\000o\000s\000i\000t\000i\000o\000n\000\040\0001\000.\0001\0003}{book1.0}% 66
\BOOKMARK [1][-]{pdf1.14.1}{\376\377\000P\000r\000o\000p\000o\000s\000i\000t\000i\000o\000n\000\040\0001\000.\0001\0004}{book1.0}% 67
\BOOKMARK [1][-]{pdf1.15.1}{\376\377\000P\000r\000o\000p\000o\000s\000i\000t\000i\000o\000n\000\040\0001\000.\0001\0005}{book1.0}% 68
\BOOKMARK [1][-]{pdf1.16.1}{\376\377\000P\000r\000o\000p\000o\000s\000i\000t\000i\000o\000n\000\040\0001\000.\0001\0006}{book1.0}% 69
\BOOKMARK [1][-]{pdf1.17.1}{\376\377\000P\000r\000o\000p\000o\000s\000i\000t\000i\000o\000n\000\040\0001\000.\0001\0007}{book1.0}% 70
\BOOKMARK [1][-]{pdf1.18.1}{\376\377\000P\000r\000o\000p\000o\000s\000i\000t\000i\000o\000n\000\040\0001\000.\0001\0008}{book1.0}% 71
\BOOKMARK [1][-]{pdf1.19.1}{\376\377\000P\000r\000o\000p\000o\000s\000i\000t\000i\000o\000n\000\040\0001\000.\0001\0009}{book1.0}% 72
\BOOKMARK [1][-]{pdf1.20.1}{\376\377\000P\000r\000o\000p\000o\000s\000i\000t\000i\000o\000n\000\040\0001\000.\0002\0000}{book1.0}% 73
\BOOKMARK [1][-]{pdf1.21.1}{\376\377\000P\000r\000o\000p\000o\000s\000i\000t\000i\000o\000n\000\040\0001\000.\0002\0001}{book1.0}% 74
\BOOKMARK [1][-]{pdf1.22.1}{\376\377\000P\000r\000o\000p\000o\000s\000i\000t\000i\000o\000n\000\040\0001\000.\0002\0002}{book1.0}% 75
\BOOKMARK [1][-]{pdf1.23.1}{\376\377\000P\000r\000o\000p\000o\000s\000i\000t\000i\000o\000n\000\040\0001\000.\0002\0003}{book1.0}% 76
\BOOKMARK [1][-]{pdf1.24.1}{\376\377\000P\000r\000o\000p\000o\000s\000i\000t\000i\000o\000n\000\040\0001\000.\0002\0004}{book1.0}% 77
\BOOKMARK [1][-]{pdf1.25.1}{\376\377\000P\000r\000o\000p\000o\000s\000i\000t\000i\000o\000n\000\040\0001\000.\0002\0005}{book1.0}% 78
\BOOKMARK [1][-]{pdf1.26.1}{\376\377\000P\000r\000o\000p\000o\000s\000i\000t\000i\000o\000n\000\040\0001\000.\0002\0006}{book1.0}% 79
\BOOKMARK [1][-]{pdf1.27.1}{\376\377\000P\000r\000o\000p\000o\000s\000i\000t\000i\000o\000n\000\040\0001\000.\0002\0007}{book1.0}% 80
\BOOKMARK [1][-]{pdf1.28.1}{\376\377\000P\000r\000o\000p\000o\000s\000i\000t\000i\000o\000n\000\040\0001\000.\0002\0008}{book1.0}% 81
\BOOKMARK [1][-]{pdf1.29.1}{\376\377\000P\000r\000o\000p\000o\000s\000i\000t\000i\000o\000n\000\040\0001\000.\0002\0009}{book1.0}% 82
\BOOKMARK [1][-]{pdf1.30.1}{\376\377\000P\000r\000o\000p\000o\000s\000i\000t\000i\000o\000n\000\040\0001\000.\0003\0000}{book1.0}% 83
\BOOKMARK [1][-]{pdf1.31.1}{\376\377\000P\000r\000o\000p\000o\000s\000i\000t\000i\000o\000n\000\040\0001\000.\0003\0001}{book1.0}% 84
\BOOKMARK [1][-]{pdf1.32.1}{\376\377\000P\000r\000o\000p\000o\000s\000i\000t\000i\000o\000n\000\040\0001\000.\0003\0002}{book1.0}% 85
\BOOKMARK [1][-]{pdf1.33.1}{\376\377\000P\000r\000o\000p\000o\000s\000i\000t\000i\000o\000n\000\040\0001\000.\0003\0003}{book1.0}% 86
\BOOKMARK [1][-]{pdf1.34.1}{\376\377\000P\000r\000o\000p\000o\000s\000i\000t\000i\000o\000n\000\040\0001\000.\0003\0004}{book1.0}% 87
\BOOKMARK [1][-]{pdf1.35.1}{\376\377\000P\000r\000o\000p\000o\000s\000i\000t\000i\000o\000n\000\040\0001\000.\0003\0005}{book1.0}% 88
\BOOKMARK [1][-]{pdf1.36.1}{\376\377\000P\000r\000o\000p\000o\000s\000i\000t\000i\000o\000n\000\040\0001\000.\0003\0006}{book1.0}% 89
\BOOKMARK [1][-]{pdf1.37.1}{\376\377\000P\000r\000o\000p\000o\000s\000i\000t\000i\000o\000n\000\040\0001\000.\0003\0007}{book1.0}% 90
\BOOKMARK [1][-]{pdf1.38.1}{\376\377\000P\000r\000o\000p\000o\000s\000i\000t\000i\000o\000n\000\040\0001\000.\0003\0008}{book1.0}% 91
\BOOKMARK [1][-]{pdf1.39.1}{\376\377\000P\000r\000o\000p\000o\000s\000i\000t\000i\000o\000n\000\040\0001\000.\0003\0009}{book1.0}% 92
\BOOKMARK [1][-]{pdf1.40.1}{\376\377\000P\000r\000o\000p\000o\000s\000i\000t\000i\000o\000n\000\040\0001\000.\0004\0000}{book1.0}% 93
\BOOKMARK [1][-]{pdf1.41.1}{\376\377\000P\000r\000o\000p\000o\000s\000i\000t\000i\000o\000n\000\040\0001\000.\0004\0001}{book1.0}% 94
\BOOKMARK [1][-]{pdf1.42.1}{\376\377\000P\000r\000o\000p\000o\000s\000i\000t\000i\000o\000n\000\040\0001\000.\0004\0002}{book1.0}% 95
\BOOKMARK [1][-]{pdf1.43.1}{\376\377\000P\000r\000o\000p\000o\000s\000i\000t\000i\000o\000n\000\040\0001\000.\0004\0003}{book1.0}% 96
\BOOKMARK [1][-]{pdf1.44.1}{\376\377\000P\000r\000o\000p\000o\000s\000i\000t\000i\000o\000n\000\040\0001\000.\0004\0004}{book1.0}% 97
\BOOKMARK [1][-]{pdf1.45.1}{\376\377\000P\000r\000o\000p\000o\000s\000i\000t\000i\000o\000n\000\040\0001\000.\0004\0005}{book1.0}% 98
\BOOKMARK [1][-]{pdf1.46.1}{\376\377\000P\000r\000o\000p\000o\000s\000i\000t\000i\000o\000n\000\040\0001\000.\0004\0006}{book1.0}% 99
\BOOKMARK [1][-]{pdf1.47.1}{\376\377\000P\000r\000o\000p\000o\000s\000i\000t\000i\000o\000n\000\040\0001\000.\0004\0007}{book1.0}% 100
\BOOKMARK [1][-]{pdf1.48.1}{\376\377\000P\000r\000o\000p\000o\000s\000i\000t\000i\000o\000n\000\040\0001\000.\0004\0008}{book1.0}% 101
\BOOKMARK [0][-]{book2.0}{\376\377\000B\000o\000o\000k\000\040\0002}{}% 102
\BOOKMARK [1][-]{def2.1}{\376\377\000D\000e\000f\000i\000n\000i\000t\000i\000o\000n\000s}{book2.0}% 103
\BOOKMARK [1][-]{pdf2.1.1}{\376\377\000P\000r\000o\000p\000o\000s\000i\000t\000i\000o\000n\000\040\0002\000.\0001}{book2.0}% 104
\BOOKMARK [1][-]{pdf2.2.1}{\376\377\000P\000r\000o\000p\000o\000s\000i\000t\000i\000o\000n\000\040\0002\000.\0002}{book2.0}% 105
\BOOKMARK [1][-]{pdf2.3.1}{\376\377\000P\000r\000o\000p\000o\000s\000i\000t\000i\000o\000n\000\040\0002\000.\0003}{book2.0}% 106
\BOOKMARK [1][-]{pdf2.4.1}{\376\377\000P\000r\000o\000p\000o\000s\000i\000t\000i\000o\000n\000\040\0002\000.\0004}{book2.0}% 107
\BOOKMARK [1][-]{pdf2.5.1}{\376\377\000P\000r\000o\000p\000o\000s\000i\000t\000i\000o\000n\000\040\0002\000.\0005}{book2.0}% 108
\BOOKMARK [1][-]{pdf2.6.1}{\376\377\000P\000r\000o\000p\000o\000s\000i\000t\000i\000o\000n\000\040\0002\000.\0006}{book2.0}% 109
\BOOKMARK [1][-]{pdf2.7.1}{\376\377\000P\000r\000o\000p\000o\000s\000i\000t\000i\000o\000n\000\040\0002\000.\0007}{book2.0}% 110
\BOOKMARK [1][-]{pdf2.8.1}{\376\377\000P\000r\000o\000p\000o\000s\000i\000t\000i\000o\000n\000\040\0002\000.\0008}{book2.0}% 111
\BOOKMARK [1][-]{pdf2.9.1}{\376\377\000P\000r\000o\000p\000o\000s\000i\000t\000i\000o\000n\000\040\0002\000.\0009}{book2.0}% 112
\BOOKMARK [1][-]{pdf2.10.1}{\376\377\000P\000r\000o\000p\000o\000s\000i\000t\000i\000o\000n\000\040\0002\000.\0001\0000}{book2.0}% 113
\BOOKMARK [1][-]{pdf2.11.1}{\376\377\000P\000r\000o\000p\000o\000s\000i\000t\000i\000o\000n\000\040\0002\000.\0001\0001}{book2.0}% 114
\BOOKMARK [1][-]{pdf2.12.1}{\376\377\000P\000r\000o\000p\000o\000s\000i\000t\000i\000o\000n\000\040\0002\000.\0001\0002}{book2.0}% 115
\BOOKMARK [1][-]{pdf2.13.1}{\376\377\000P\000r\000o\000p\000o\000s\000i\000t\000i\000o\000n\000\040\0002\000.\0001\0003}{book2.0}% 116
\BOOKMARK [1][-]{pdf2.14.1}{\376\377\000P\000r\000o\000p\000o\000s\000i\000t\000i\000o\000n\000\040\0002\000.\0001\0004}{book2.0}% 117
\BOOKMARK [0][-]{book3.0}{\376\377\000B\000o\000o\000k\000\040\0003}{}% 118
\BOOKMARK [1][-]{def3.1}{\376\377\000D\000e\000f\000i\000n\000i\000t\000i\000o\000n\000s}{book3.0}% 119
\BOOKMARK [1][-]{pdf3.1.1}{\376\377\000P\000r\000o\000p\000o\000s\000i\000t\000i\000o\000n\000\040\0003\000.\0001}{book3.0}% 120
\BOOKMARK [1][-]{pdf3.2.1}{\376\377\000P\000r\000o\000p\000o\000s\000i\000t\000i\000o\000n\000\040\0003\000.\0002}{book3.0}% 121
\BOOKMARK [1][-]{pdf3.3.1}{\376\377\000P\000r\000o\000p\000o\000s\000i\000t\000i\000o\000n\000\040\0003\000.\0003}{book3.0}% 122
\BOOKMARK [1][-]{pdf3.4.1}{\376\377\000P\000r\000o\000p\000o\000s\000i\000t\000i\000o\000n\000\040\0003\000.\0004}{book3.0}% 123
\BOOKMARK [1][-]{pdf3.5.1}{\376\377\000P\000r\000o\000p\000o\000s\000i\000t\000i\000o\000n\000\040\0003\000.\0005}{book3.0}% 124
\BOOKMARK [1][-]{pdf3.6.1}{\376\377\000P\000r\000o\000p\000o\000s\000i\000t\000i\000o\000n\000\040\0003\000.\0006}{book3.0}% 125
\BOOKMARK [1][-]{pdf3.7.1}{\376\377\000P\000r\000o\000p\000o\000s\000i\000t\000i\000o\000n\000\040\0003\000.\0007}{book3.0}% 126
\BOOKMARK [1][-]{pdf3.8.1}{\376\377\000P\000r\000o\000p\000o\000s\000i\000t\000i\000o\000n\000\040\0003\000.\0008}{book3.0}% 127
\BOOKMARK [1][-]{pdf3.9.1}{\376\377\000P\000r\000o\000p\000o\000s\000i\000t\000i\000o\000n\000\040\0003\000.\0009}{book3.0}% 128
\BOOKMARK [1][-]{pdf3.10.1}{\376\377\000P\000r\000o\000p\000o\000s\000i\000t\000i\000o\000n\000\040\0003\000.\0001\0000}{book3.0}% 129
\BOOKMARK [1][-]{pdf3.11.1}{\376\377\000P\000r\000o\000p\000o\000s\000i\000t\000i\000o\000n\000\040\0003\000.\0001\0001}{book3.0}% 130
\BOOKMARK [1][-]{pdf3.12.1}{\376\377\000P\000r\000o\000p\000o\000s\000i\000t\000i\000o\000n\000\040\0003\000.\0001\0002}{book3.0}% 131
\BOOKMARK [1][-]{pdf3.13.1}{\376\377\000P\000r\000o\000p\000o\000s\000i\000t\000i\000o\000n\000\040\0003\000.\0001\0003}{book3.0}% 132
\BOOKMARK [1][-]{pdf3.14.1}{\376\377\000P\000r\000o\000p\000o\000s\000i\000t\000i\000o\000n\000\040\0003\000.\0001\0004}{book3.0}% 133
\BOOKMARK [1][-]{pdf3.15.1}{\376\377\000P\000r\000o\000p\000o\000s\000i\000t\000i\000o\000n\000\040\0003\000.\0001\0005}{book3.0}% 134
\BOOKMARK [1][-]{pdf3.16.1}{\376\377\000P\000r\000o\000p\000o\000s\000i\000t\000i\000o\000n\000\040\0003\000.\0001\0006}{book3.0}% 135
\BOOKMARK [1][-]{pdf3.17.1}{\376\377\000P\000r\000o\000p\000o\000s\000i\000t\000i\000o\000n\000\040\0003\000.\0001\0007}{book3.0}% 136
\BOOKMARK [1][-]{pdf3.18.1}{\376\377\000P\000r\000o\000p\000o\000s\000i\000t\000i\000o\000n\000\040\0003\000.\0001\0008}{book3.0}% 137
\BOOKMARK [1][-]{pdf3.19.1}{\376\377\000P\000r\000o\000p\000o\000s\000i\000t\000i\000o\000n\000\040\0003\000.\0001\0009}{book3.0}% 138
\BOOKMARK [1][-]{pdf3.20.1}{\376\377\000P\000r\000o\000p\000o\000s\000i\000t\000i\000o\000n\000\040\0003\000.\0002\0000}{book3.0}% 139
\BOOKMARK [1][-]{pdf3.21.1}{\376\377\000P\000r\000o\000p\000o\000s\000i\000t\000i\000o\000n\000\040\0003\000.\0002\0001}{book3.0}% 140
\BOOKMARK [1][-]{pdf3.22.1}{\376\377\000P\000r\000o\000p\000o\000s\000i\000t\000i\000o\000n\000\040\0003\000.\0002\0002}{book3.0}% 141
\BOOKMARK [1][-]{pdf3.23.1}{\376\377\000P\000r\000o\000p\000o\000s\000i\000t\000i\000o\000n\000\040\0003\000.\0002\0003}{book3.0}% 142
\BOOKMARK [1][-]{pdf3.24.1}{\376\377\000P\000r\000o\000p\000o\000s\000i\000t\000i\000o\000n\000\040\0003\000.\0002\0004}{book3.0}% 143
\BOOKMARK [1][-]{pdf3.25.1}{\376\377\000P\000r\000o\000p\000o\000s\000i\000t\000i\000o\000n\000\040\0003\000.\0002\0005}{book3.0}% 144
\BOOKMARK [1][-]{pdf3.26.1}{\376\377\000P\000r\000o\000p\000o\000s\000i\000t\000i\000o\000n\000\040\0003\000.\0002\0006}{book3.0}% 145
\BOOKMARK [1][-]{pdf3.27.1}{\376\377\000P\000r\000o\000p\000o\000s\000i\000t\000i\000o\000n\000\040\0003\000.\0002\0007}{book3.0}% 146
\BOOKMARK [1][-]{pdf3.28.1}{\376\377\000P\000r\000o\000p\000o\000s\000i\000t\000i\000o\000n\000\040\0003\000.\0002\0008}{book3.0}% 147
\BOOKMARK [1][-]{pdf3.29.1}{\376\377\000P\000r\000o\000p\000o\000s\000i\000t\000i\000o\000n\000\040\0003\000.\0002\0009}{book3.0}% 148
\BOOKMARK [1][-]{pdf3.30.1}{\376\377\000P\000r\000o\000p\000o\000s\000i\000t\000i\000o\000n\000\040\0003\000.\0003\0000}{book3.0}% 149
\BOOKMARK [1][-]{pdf3.31.1}{\376\377\000P\000r\000o\000p\000o\000s\000i\000t\000i\000o\000n\000\040\0003\000.\0003\0001}{book3.0}% 150
\BOOKMARK [1][-]{pdf3.32.1}{\376\377\000P\000r\000o\000p\000o\000s\000i\000t\000i\000o\000n\000\040\0003\000.\0003\0002}{book3.0}% 151
\BOOKMARK [1][-]{pdf3.33.1}{\376\377\000P\000r\000o\000p\000o\000s\000i\000t\000i\000o\000n\000\040\0003\000.\0003\0003}{book3.0}% 152
\BOOKMARK [1][-]{pdf3.34.1}{\376\377\000P\000r\000o\000p\000o\000s\000i\000t\000i\000o\000n\000\040\0003\000.\0003\0004}{book3.0}% 153
\BOOKMARK [1][-]{pdf3.35.1}{\376\377\000P\000r\000o\000p\000o\000s\000i\000t\000i\000o\000n\000\040\0003\000.\0003\0005}{book3.0}% 154
\BOOKMARK [1][-]{pdf3.36.1}{\376\377\000P\000r\000o\000p\000o\000s\000i\000t\000i\000o\000n\000\040\0003\000.\0003\0006}{book3.0}% 155
\BOOKMARK [1][-]{pdf3.37.1}{\376\377\000P\000r\000o\000p\000o\000s\000i\000t\000i\000o\000n\000\040\0003\000.\0003\0007}{book3.0}% 156
\BOOKMARK [0][-]{book3.0}{\376\377\000B\000o\000o\000k\000\040\0003}{}% 157
\BOOKMARK [1][-]{def3.1}{\376\377\000D\000e\000f\000i\000n\000i\000t\000i\000o\000n\000s}{book3.0}% 158
\BOOKMARK [1][-]{pdf3.1.1}{\376\377\000P\000r\000o\000p\000o\000s\000i\000t\000i\000o\000n\000\040\0003\000.\0001}{book3.0}% 159
\BOOKMARK [1][-]{pdf3.2.1}{\376\377\000P\000r\000o\000p\000o\000s\000i\000t\000i\000o\000n\000\040\0003\000.\0002}{book3.0}% 160
\BOOKMARK [1][-]{pdf3.3.1}{\376\377\000P\000r\000o\000p\000o\000s\000i\000t\000i\000o\000n\000\040\0003\000.\0003}{book3.0}% 161
\BOOKMARK [1][-]{pdf3.4.1}{\376\377\000P\000r\000o\000p\000o\000s\000i\000t\000i\000o\000n\000\040\0003\000.\0004}{book3.0}% 162
\BOOKMARK [1][-]{pdf3.5.1}{\376\377\000P\000r\000o\000p\000o\000s\000i\000t\000i\000o\000n\000\040\0003\000.\0005}{book3.0}% 163
\BOOKMARK [1][-]{pdf3.6.1}{\376\377\000P\000r\000o\000p\000o\000s\000i\000t\000i\000o\000n\000\040\0003\000.\0006}{book3.0}% 164
\BOOKMARK [1][-]{pdf3.7.1}{\376\377\000P\000r\000o\000p\000o\000s\000i\000t\000i\000o\000n\000\040\0003\000.\0007}{book3.0}% 165
\BOOKMARK [1][-]{pdf3.8.1}{\376\377\000P\000r\000o\000p\000o\000s\000i\000t\000i\000o\000n\000\040\0003\000.\0008}{book3.0}% 166
\BOOKMARK [1][-]{pdf3.9.1}{\376\377\000P\000r\000o\000p\000o\000s\000i\000t\000i\000o\000n\000\040\0003\000.\0009}{book3.0}% 167
\BOOKMARK [1][-]{pdf3.10.1}{\376\377\000P\000r\000o\000p\000o\000s\000i\000t\000i\000o\000n\000\040\0003\000.\0001\0000}{book3.0}% 168
\BOOKMARK [1][-]{pdf3.11.1}{\376\377\000P\000r\000o\000p\000o\000s\000i\000t\000i\000o\000n\000\040\0003\000.\0001\0001}{book3.0}% 169
\BOOKMARK [1][-]{pdf3.12.1}{\376\377\000P\000r\000o\000p\000o\000s\000i\000t\000i\000o\000n\000\040\0003\000.\0001\0002}{book3.0}% 170
\BOOKMARK [1][-]{pdf3.13.1}{\376\377\000P\000r\000o\000p\000o\000s\000i\000t\000i\000o\000n\000\040\0003\000.\0001\0003}{book3.0}% 171
\BOOKMARK [1][-]{pdf3.14.1}{\376\377\000P\000r\000o\000p\000o\000s\000i\000t\000i\000o\000n\000\040\0003\000.\0001\0004}{book3.0}% 172
\BOOKMARK [1][-]{pdf3.15.1}{\376\377\000P\000r\000o\000p\000o\000s\000i\000t\000i\000o\000n\000\040\0003\000.\0001\0005}{book3.0}% 173
\BOOKMARK [1][-]{pdf3.16.1}{\376\377\000P\000r\000o\000p\000o\000s\000i\000t\000i\000o\000n\000\040\0003\000.\0001\0006}{book3.0}% 174
\BOOKMARK [1][-]{pdf3.17.1}{\376\377\000P\000r\000o\000p\000o\000s\000i\000t\000i\000o\000n\000\040\0003\000.\0001\0007}{book3.0}% 175
\BOOKMARK [1][-]{pdf3.18.1}{\376\377\000P\000r\000o\000p\000o\000s\000i\000t\000i\000o\000n\000\040\0003\000.\0001\0008}{book3.0}% 176
\BOOKMARK [1][-]{pdf3.19.1}{\376\377\000P\000r\000o\000p\000o\000s\000i\000t\000i\000o\000n\000\040\0003\000.\0001\0009}{book3.0}% 177
\BOOKMARK [1][-]{pdf3.20.1}{\376\377\000P\000r\000o\000p\000o\000s\000i\000t\000i\000o\000n\000\040\0003\000.\0002\0000}{book3.0}% 178
\BOOKMARK [1][-]{pdf3.21.1}{\376\377\000P\000r\000o\000p\000o\000s\000i\000t\000i\000o\000n\000\040\0003\000.\0002\0001}{book3.0}% 179
\BOOKMARK [1][-]{pdf3.22.1}{\376\377\000P\000r\000o\000p\000o\000s\000i\000t\000i\000o\000n\000\040\0003\000.\0002\0002}{book3.0}% 180
\BOOKMARK [1][-]{pdf3.23.1}{\376\377\000P\000r\000o\000p\000o\000s\000i\000t\000i\000o\000n\000\040\0003\000.\0002\0003}{book3.0}% 181
\BOOKMARK [1][-]{pdf3.24.1}{\376\377\000P\000r\000o\000p\000o\000s\000i\000t\000i\000o\000n\000\040\0003\000.\0002\0004}{book3.0}% 182
\BOOKMARK [1][-]{pdf3.25.1}{\376\377\000P\000r\000o\000p\000o\000s\000i\000t\000i\000o\000n\000\040\0003\000.\0002\0005}{book3.0}% 183
\BOOKMARK [1][-]{pdf3.26.1}{\376\377\000P\000r\000o\000p\000o\000s\000i\000t\000i\000o\000n\000\040\0003\000.\0002\0006}{book3.0}% 184
\BOOKMARK [1][-]{pdf3.27.1}{\376\377\000P\000r\000o\000p\000o\000s\000i\000t\000i\000o\000n\000\040\0003\000.\0002\0007}{book3.0}% 185
\BOOKMARK [1][-]{pdf3.28.1}{\376\377\000P\000r\000o\000p\000o\000s\000i\000t\000i\000o\000n\000\040\0003\000.\0002\0008}{book3.0}% 186
\BOOKMARK [1][-]{pdf3.29.1}{\376\377\000P\000r\000o\000p\000o\000s\000i\000t\000i\000o\000n\000\040\0003\000.\0002\0009}{book3.0}% 187
\BOOKMARK [1][-]{pdf3.30.1}{\376\377\000P\000r\000o\000p\000o\000s\000i\000t\000i\000o\000n\000\040\0003\000.\0003\0000}{book3.0}% 188
\BOOKMARK [1][-]{pdf3.31.1}{\376\377\000P\000r\000o\00